done null
done shared_d0.25_rf1.0
done shared_d0.25_rf0.3
done shared_d0.5_rf1.0
done shared_d0.5_rf0.3
done shared_d1_rf1.0
done shared_d1_rf0.3
done shared_d2_rf1.0
done shared_d2_rf0.3
done specific_d0.25_rf1.0
done specific_d0.25_rf0.3
done specific_d0.5_rf1.0
done specific_d0.5_rf0.3
done specific_d1_rf1.0
done specific_d1_rf0.3
done specific_d2_rf1.0
done specific_d2_rf0.3
done mixed_d0.25_rf1.0
done mixed_d0.25_rf0.3
done mixed_d0.5_rf1.0
done mixed_d0.5_rf0.3
done mixed_d1_rf1.0
done mixed_d1_rf0.3
done mixed_d2_rf1.0
done mixed_d2_rf0.3
918 624
