launch 13:36:15
13:54:23 mgvi null 2 x exit=0
13:54:24 mgvi null 1 x exit=0
13:54:26 mgvi null 0 x exit=0
14:12:52 mgvi shared_d1_rf1.0 0 x exit=0
14:12:55 mgvi shared_d1_rf1.0 1 x exit=0
14:12:57 mgvi shared_d1_rf1.0 2 x exit=0
14:32:02 mgvi specific_d1_rf1.0 0 x exit=0
14:32:06 mgvi specific_d1_rf1.0 1 x exit=0
14:32:08 mgvi specific_d1_rf1.0 2 x exit=0
14:50:39 mgvi mixed_d1_rf1.0 0 x exit=0
14:50:45 mgvi mixed_d1_rf1.0 1 x exit=0
14:50:47 mgvi mixed_d1_rf1.0 2 x exit=0
15:09:35 mgvi shared_d2_rf1.0 0 x exit=0
15:09:41 mgvi shared_d2_rf1.0 2 x exit=0
15:09:41 mgvi shared_d2_rf1.0 1 x exit=0
15:27:44 mgvi specific_d2_rf1.0 0 x exit=0
15:27:49 mgvi specific_d2_rf1.0 1 x exit=0
15:27:53 mgvi specific_d2_rf1.0 2 x exit=0
15:45:48 mgvi mixed_d2_rf1.0 0 x exit=0
15:45:53 mgvi mixed_d2_rf1.0 1 x exit=0
15:46:05 mgvi mixed_d2_rf1.0 2 x exit=0
15:47:37 cvi null 0 GSE216146 exit=0
15:47:38 cvi null 1 GSE216146 exit=0
15:47:49 cvi null 2 GSE216146 exit=0
15:49:22 cvi null 0 GSE271055 exit=0
15:49:24 cvi null 1 GSE271055 exit=0
15:49:33 cvi null 2 GSE271055 exit=0
15:51:07 cvi shared_d1_rf1.0 0 GSE216146 exit=0
15:51:09 cvi shared_d1_rf1.0 1 GSE216146 exit=0
15:51:17 cvi shared_d1_rf1.0 2 GSE216146 exit=0
15:52:52 cvi shared_d1_rf1.0 0 GSE271055 exit=0
15:52:54 cvi shared_d1_rf1.0 1 GSE271055 exit=0
15:53:02 cvi shared_d1_rf1.0 2 GSE271055 exit=0
15:54:37 cvi specific_d1_rf1.0 0 GSE216146 exit=0
15:54:40 cvi specific_d1_rf1.0 1 GSE216146 exit=0
15:54:47 cvi specific_d1_rf1.0 2 GSE216146 exit=0
15:56:24 cvi specific_d1_rf1.0 0 GSE271055 exit=0
15:56:27 cvi specific_d1_rf1.0 1 GSE271055 exit=0
15:56:34 cvi specific_d1_rf1.0 2 GSE271055 exit=0
15:58:12 cvi mixed_d1_rf1.0 0 GSE216146 exit=0
15:58:16 cvi mixed_d1_rf1.0 1 GSE216146 exit=0
15:58:22 cvi mixed_d1_rf1.0 2 GSE216146 exit=0
16:00:00 cvi mixed_d1_rf1.0 0 GSE271055 exit=0
16:00:03 cvi mixed_d1_rf1.0 1 GSE271055 exit=0
16:00:10 cvi mixed_d1_rf1.0 2 GSE271055 exit=0
16:01:48 cvi shared_d2_rf1.0 0 GSE216146 exit=0
16:01:52 cvi shared_d2_rf1.0 1 GSE216146 exit=0
16:01:58 cvi shared_d2_rf1.0 2 GSE216146 exit=0
16:03:35 cvi shared_d2_rf1.0 0 GSE271055 exit=0
16:03:40 cvi shared_d2_rf1.0 1 GSE271055 exit=0
16:03:46 cvi shared_d2_rf1.0 2 GSE271055 exit=0
16:05:22 cvi specific_d2_rf1.0 0 GSE216146 exit=0
16:05:27 cvi specific_d2_rf1.0 1 GSE216146 exit=0
16:05:32 cvi specific_d2_rf1.0 2 GSE216146 exit=0
16:07:09 cvi specific_d2_rf1.0 0 GSE271055 exit=0
16:07:15 cvi specific_d2_rf1.0 1 GSE271055 exit=0
16:07:19 cvi specific_d2_rf1.0 2 GSE271055 exit=0
16:08:56 cvi mixed_d2_rf1.0 0 GSE216146 exit=0
16:09:01 cvi mixed_d2_rf1.0 1 GSE216146 exit=0
16:09:05 cvi mixed_d2_rf1.0 2 GSE216146 exit=0
16:10:42 cvi mixed_d2_rf1.0 0 GSE271055 exit=0
16:10:47 cvi mixed_d2_rf1.0 1 GSE271055 exit=0
16:10:50 cvi mixed_d2_rf1.0 2 GSE271055 exit=0
