epoch	split	loss	recon	kl_bg	kl_sh	kl_dr	hsic_bg_sh	hsic_bg_dr	hsic_sh_dr
0	train	3040.8228	3030.1357	7.1320	2.8673	0.5939	0.0059	0.0026	0.0018
0	val	2828.1522
1	train	2725.0390	2714.6240	6.7552	3.4571	0.1266	0.0052	0.0018	0.0013
1	val	2599.5694
2	train	2507.9258	2497.2899	7.1362	3.3643	0.0789	0.0036	0.0015	0.0010
2	val	2394.8839
3	train	2312.3670	2301.4894	7.5438	3.2446	0.0428	0.0029	0.0013	0.0009
3	val	2210.6986
4	train	2137.7188	2126.7961	7.7462	3.1004	0.0369	0.0023	0.0012	0.0008
4	val	2043.2506
5	train	1976.1695	1964.9966	8.0150	3.0831	0.0409	0.0019	0.0011	0.0008
5	val	1888.7385
6	train	1828.9649	1817.5256	8.2946	3.0794	0.0348	0.0016	0.0011	0.0008
6	val	1746.2312
7	train	1692.2444	1680.6789	8.4979	3.0167	0.0223	0.0015	0.0010	0.0008
7	val	1617.0247
8	train	1569.8451	1558.0186	8.7696	3.0133	0.0163	0.0014	0.0010	0.0008
8	val	1500.3072
9	train	1457.4687	1445.2776	9.0265	3.1266	0.0114	0.0013	0.0010	0.0008
9	val	1388.4994
10	train	1350.4930	1338.0246	9.2806	3.1526	0.0091	0.0013	0.0010	0.0008
10	val	1286.1953
11	train	1252.3000	1239.5279	9.4830	3.2556	0.0082	0.0012	0.0010	0.0008
11	val	1193.9456
12	train	1165.5611	1152.5953	9.6356	3.2986	0.0066	0.0012	0.0009	0.0007
12	val	1109.6476
13	train	1083.9828	1070.7200	9.8584	3.3735	0.0063	0.0011	0.0010	0.0008
13	val	1030.7383
14	train	1007.9945	994.3648	10.1212	3.4789	0.0052	0.0011	0.0009	0.0008
14	val	955.6123
15	train	938.8244	924.9910	10.2934	3.5110	0.0053	0.0011	0.0009	0.0008
15	val	891.5609
16	train	877.2915	863.2339	10.4577	3.5712	0.0051	0.0011	0.0009	0.0008
16	val	833.4213
17	train	820.7105	806.4459	10.6403	3.5967	0.0042	0.0011	0.0009	0.0008
17	val	776.8852
18	train	766.6217	752.1821	10.7922	3.6200	0.0040	0.0010	0.0009	0.0008
18	val	724.4579
19	train	717.5591	702.9493	10.9262	3.6563	0.0040	0.0010	0.0009	0.0008
19	val	677.5434
20	train	672.0550	657.3271	11.0079	3.6932	0.0038	0.0010	0.0009	0.0008
20	val	634.0883
21	train	631.9482	617.0491	11.1756	3.6966	0.0039	0.0010	0.0009	0.0008
21	val	596.6717
22	train	595.0626	580.0757	11.2126	3.7470	0.0043	0.0010	0.0009	0.0008
22	val	560.1443
23	train	561.7615	546.6647	11.3082	3.7616	0.0042	0.0010	0.0009	0.0008
23	val	529.7900
24	train	532.8561	517.6602	11.4078	3.7573	0.0079	0.0010	0.0009	0.0008
24	val	501.0378
25	train	505.1990	489.9509	11.4218	3.7963	0.0073	0.0010	0.0009	0.0008
25	val	474.5841
26	train	480.5173	465.1590	11.4992	3.8291	0.0073	0.0010	0.0009	0.0008
26	val	450.5707
27	train	457.2439	441.8511	11.5220	3.8417	0.0065	0.0010	0.0009	0.0008
27	val	429.8422
28	train	437.3957	421.8508	11.6678	3.8485	0.0058	0.0010	0.0009	0.0008
28	val	410.6010
29	train	419.2440	403.6912	11.6622	3.8615	0.0065	0.0010	0.0009	0.0008
29	val	393.5754
30	train	402.9923	387.3667	11.7350	3.8611	0.0068	0.0010	0.0009	0.0008
30	val	379.3753
31	train	389.1631	373.5151	11.7498	3.8663	0.0094	0.0010	0.0009	0.0008
31	val	365.0016
32	train	376.4272	360.6582	11.8310	3.9009	0.0145	0.0010	0.0009	0.0008
32	val	353.7775
33	train	365.9777	350.1879	11.8625	3.8866	0.0183	0.0010	0.0009	0.0008
33	val	344.2779
34	train	355.5435	339.7562	11.8415	3.9031	0.0202	0.0010	0.0009	0.0008
34	val	333.8804
35	train	346.7428	330.8452	11.9014	3.9475	0.0263	0.0010	0.0009	0.0008
35	val	325.9643
36	train	339.3582	323.4250	11.9368	3.9414	0.0327	0.0010	0.0009	0.0008
36	val	320.2297
37	train	332.5080	316.5795	11.9385	3.9351	0.0326	0.0010	0.0009	0.0008
37	val	314.6679
38	train	327.4904	311.4853	12.0114	3.9360	0.0352	0.0010	0.0009	0.0008
38	val	309.4050
39	train	322.2009	306.1445	12.0365	3.9608	0.0365	0.0010	0.0009	0.0008
39	val	305.5376
40	train	317.6879	301.6346	12.0487	3.9420	0.0402	0.0010	0.0009	0.0008
40	val	302.2721
41	train	314.3697	298.2558	12.0809	3.9670	0.0437	0.0010	0.0009	0.0008
41	val	299.0175
42	train	311.1209	295.0162	12.0690	3.9741	0.0393	0.0010	0.0009	0.0008
42	val	295.6913
43	train	308.0039	291.8620	12.0919	3.9843	0.0434	0.0009	0.0009	0.0008
43	val	293.2917
44	train	304.9049	288.7564	12.1261	3.9604	0.0399	0.0009	0.0009	0.0008
44	val	291.5748
45	train	303.5936	287.4737	12.1085	3.9446	0.0445	0.0010	0.0009	0.0008
45	val	290.0424
46	train	301.2922	285.0552	12.1782	3.9963	0.0403	0.0009	0.0009	0.0008
46	val	289.1196
47	train	299.2330	282.9926	12.1909	3.9833	0.0442	0.0009	0.0009	0.0008
47	val	287.2511
48	train	299.2017	282.9026	12.2327	4.0018	0.0424	0.0010	0.0009	0.0008
48	val	287.1912
49	train	296.6909	280.4407	12.1818	4.0047	0.0413	0.0009	0.0009	0.0008
49	val	285.6623
50	train	295.8328	279.5130	12.2250	4.0279	0.0446	0.0009	0.0009	0.0008
50	val	284.5356
51	train	294.7663	278.4296	12.2487	4.0212	0.0445	0.0010	0.0009	0.0008
51	val	284.1700
52	train	293.9577	277.6139	12.2395	4.0417	0.0405	0.0009	0.0009	0.0008
52	val	284.1372
53	train	293.1984	276.8668	12.2442	4.0220	0.0432	0.0009	0.0009	0.0008
53	val	283.4217
54	train	292.4115	275.9868	12.2928	4.0640	0.0457	0.0010	0.0009	0.0008
54	val	282.7509
55	train	291.7281	275.3572	12.2606	4.0444	0.0435	0.0009	0.0009	0.0008
55	val	281.7687
56	train	291.2635	274.8594	12.2899	4.0513	0.0408	0.0009	0.0009	0.0008
56	val	281.7608
57	train	291.6896	275.2220	12.3419	4.0531	0.0504	0.0009	0.0009	0.0008
57	val	281.4233
58	train	290.9997	274.4989	12.3637	4.0752	0.0397	0.0009	0.0009	0.0008
58	val	281.6457
59	train	289.8406	273.4434	12.3054	4.0310	0.0387	0.0009	0.0009	0.0008
59	val	280.6607
60	train	289.6672	273.2203	12.3540	4.0262	0.0445	0.0009	0.0009	0.0008
60	val	279.9518
61	train	289.5644	273.0901	12.3510	4.0593	0.0417	0.0009	0.0009	0.0008
61	val	280.9791
62	train	289.3086	272.7943	12.3664	4.0808	0.0451	0.0009	0.0009	0.0008
62	val	279.8635
63	train	288.4600	271.9539	12.4112	4.0281	0.0445	0.0009	0.0009	0.0008
63	val	280.3124
64	train	287.4022	270.8331	12.4320	4.0727	0.0423	0.0009	0.0009	0.0008
64	val	279.3756
65	train	286.8909	270.2957	12.4549	4.0680	0.0503	0.0009	0.0009	0.0008
65	val	278.0039
66	train	287.3746	270.8451	12.4006	4.0662	0.0406	0.0009	0.0009	0.0008
66	val	278.4320
67	train	285.6850	269.0966	12.4326	4.0876	0.0462	0.0009	0.0009	0.0008
67	val	278.6734
68	train	285.9760	269.3703	12.4610	4.0816	0.0408	0.0009	0.0009	0.0008
68	val	278.0380
69	train	286.8025	270.2094	12.4479	4.0814	0.0417	0.0009	0.0009	0.0008
69	val	278.0889
70	train	284.7956	268.2163	12.4531	4.0602	0.0441	0.0009	0.0009	0.0008
70	val	276.7506
71	train	285.6090	268.9443	12.4903	4.0969	0.0554	0.0009	0.0009	0.0008
71	val	276.9293
72	train	284.7759	268.1365	12.4836	4.0895	0.0442	0.0009	0.0009	0.0008
72	val	277.7004
73	train	284.5364	267.9187	12.4832	4.0628	0.0496	0.0009	0.0009	0.0008
73	val	277.2416
74	train	283.6509	266.9560	12.5357	4.0827	0.0545	0.0009	0.0009	0.0008
74	val	276.4885
75	train	282.8486	266.2381	12.4696	4.0703	0.0487	0.0009	0.0009	0.0008
75	val	276.5082
76	train	282.6103	265.9716	12.4838	4.0881	0.0446	0.0009	0.0009	0.0008
76	val	275.7992
77	train	282.5463	265.8833	12.4951	4.0915	0.0544	0.0009	0.0009	0.0008
77	val	276.3988
78	train	283.4562	266.7492	12.5336	4.1032	0.0483	0.0009	0.0009	0.0008
78	val	276.3214
79	train	283.6439	266.9079	12.5693	4.0990	0.0456	0.0009	0.0009	0.0008
79	val	276.2044
80	train	282.0450	265.3050	12.5547	4.1124	0.0509	0.0009	0.0009	0.0008
80	val	276.0335
81	train	282.4932	265.8000	12.5075	4.1056	0.0579	0.0009	0.0009	0.0008
81	val	275.1809
82	train	281.7739	265.0422	12.5496	4.1079	0.0522	0.0009	0.0009	0.0008
82	val	275.7015
83	train	280.3924	263.6358	12.5577	4.1344	0.0425	0.0009	0.0009	0.0008
83	val	275.1453
84	train	280.8404	264.1340	12.5256	4.1088	0.0501	0.0009	0.0009	0.0008
84	val	274.7019
85	train	279.1273	262.3642	12.5613	4.1224	0.0572	0.0009	0.0009	0.0008
85	val	274.4821
86	train	280.2128	263.4401	12.5932	4.0917	0.0658	0.0009	0.0009	0.0008
86	val	274.5544
87	train	280.2344	263.4826	12.5531	4.1284	0.0482	0.0009	0.0009	0.0008
87	val	274.1326
88	train	278.1522	261.3751	12.5915	4.1114	0.0521	0.0009	0.0009	0.0008
88	val	273.7375
89	train	278.6268	261.8433	12.5747	4.1383	0.0484	0.0009	0.0009	0.0008
89	val	273.4346
90	train	279.1231	262.2565	12.6424	4.1484	0.0538	0.0009	0.0009	0.0008
90	val	273.1325
91	train	278.5568	261.8593	12.5665	4.0473	0.0618	0.0009	0.0009	0.0008
91	val	273.6617
92	train	277.4732	260.6883	12.5705	4.1351	0.0574	0.0009	0.0009	0.0008
92	val	272.9248
93	train	278.3435	261.5729	12.5867	4.1088	0.0531	0.0009	0.0009	0.0008
93	val	273.0174
94	train	276.4152	259.6512	12.5842	4.1062	0.0518	0.0009	0.0009	0.0008
94	val	272.2955
95	train	278.6898	261.8918	12.6151	4.1153	0.0457	0.0009	0.0009	0.0008
95	val	272.3663
96	train	277.4928	260.6604	12.6646	4.0858	0.0601	0.0009	0.0009	0.0008
96	val	271.5803
97	train	276.7523	259.9481	12.5931	4.1305	0.0587	0.0009	0.0009	0.0008
97	val	273.0761
98	train	276.2719	259.4129	12.6639	4.1182	0.0550	0.0009	0.0009	0.0008
98	val	271.4823
99	train	278.6845	261.8015	12.6592	4.1533	0.0485	0.0009	0.0009	0.0008
99	val	272.9724
100	train	276.7736	259.9404	12.5895	4.1624	0.0593	0.0009	0.0009	0.0008
100	val	272.4068
101	train	275.3774	258.4896	12.6607	4.1484	0.0569	0.0009	0.0009	0.0008
101	val	271.6701
102	train	276.4115	259.5217	12.6833	4.1229	0.0617	0.0009	0.0009	0.0008
102	val	271.4184
103	train	276.4110	259.4950	12.7129	4.1286	0.0526	0.0009	0.0009	0.0008
103	val	272.0865
104	train	275.0887	258.2087	12.6835	4.1208	0.0536	0.0009	0.0009	0.0008
104	val	271.8931
105	train	275.0487	258.1679	12.6665	4.1330	0.0593	0.0009	0.0009	0.0008
105	val	270.9255
106	train	274.6203	257.6936	12.6988	4.1502	0.0557	0.0009	0.0009	0.0008
106	val	271.7845
107	train	275.1435	258.2149	12.7069	4.1439	0.0557	0.0009	0.0009	0.0008
107	val	271.4486
108	train	275.7449	258.7417	12.7364	4.1904	0.0543	0.0009	0.0009	0.0008
108	val	271.6401
109	train	274.2177	257.2953	12.7141	4.1333	0.0531	0.0009	0.0009	0.0008
109	val	271.8004
110	train	274.5763	257.6881	12.7103	4.1032	0.0527	0.0009	0.0009	0.0008
110	val	270.8920
111	train	273.4525	256.4956	12.7432	4.1357	0.0560	0.0009	0.0009	0.0008
111	val	270.8389
112	train	272.7021	255.8281	12.6350	4.1572	0.0597	0.0009	0.0009	0.0008
112	val	270.9532
113	train	274.9512	258.0448	12.6849	4.1382	0.0614	0.0009	0.0009	0.0008
113	val	270.6040
114	train	273.5688	256.5978	12.6984	4.1942	0.0567	0.0009	0.0009	0.0008
114	val	270.3377
115	train	272.9758	256.0218	12.7075	4.1604	0.0641	0.0009	0.0009	0.0008
115	val	270.2258
116	train	273.4341	256.4656	12.6971	4.1917	0.0577	0.0009	0.0009	0.0008
116	val	270.2127
117	train	271.9687	255.0018	12.7621	4.1261	0.0570	0.0009	0.0009	0.0008
117	val	269.9146
118	train	272.1339	255.1084	12.7804	4.1712	0.0519	0.0009	0.0009	0.0008
118	val	270.2750
119	train	272.2734	255.2825	12.7363	4.1674	0.0653	0.0009	0.0009	0.0008
119	val	270.0313
120	train	272.1882	255.1883	12.7280	4.1878	0.0621	0.0009	0.0009	0.0008
120	val	269.1181
121	train	273.3688	256.3605	12.7559	4.1743	0.0562	0.0009	0.0009	0.0008
121	val	269.5847
122	train	271.9661	254.9458	12.7733	4.1619	0.0631	0.0009	0.0009	0.0008
122	val	269.1708
123	train	272.0453	255.0271	12.7548	4.1679	0.0735	0.0009	0.0009	0.0008
123	val	269.1694
124	train	271.2745	254.2214	12.8027	4.1640	0.0645	0.0009	0.0009	0.0008
124	val	269.1508
125	train	272.3856	255.3195	12.7860	4.1879	0.0704	0.0009	0.0009	0.0008
125	val	268.8502
126	train	269.4575	252.3865	12.8133	4.1763	0.0597	0.0009	0.0009	0.0008
126	val	269.4427
127	train	270.9841	253.9715	12.7657	4.1660	0.0590	0.0009	0.0009	0.0008
127	val	267.9833
128	train	270.0794	252.9676	12.8370	4.1896	0.0635	0.0009	0.0009	0.0008
128	val	268.2000
129	train	269.9540	252.9092	12.7980	4.1623	0.0626	0.0009	0.0009	0.0008
129	val	268.4951
130	train	269.9859	252.9165	12.7970	4.1869	0.0636	0.0009	0.0009	0.0008
130	val	269.1147
131	train	269.8411	252.7374	12.8406	4.1806	0.0606	0.0009	0.0009	0.0008
131	val	268.3885
132	train	270.4297	253.3292	12.8113	4.2095	0.0578	0.0009	0.0009	0.0008
132	val	268.1998
133	train	270.9336	253.8799	12.7960	4.1792	0.0566	0.0009	0.0009	0.0008
133	val	267.2878
134	train	269.6499	252.5874	12.8064	4.1859	0.0484	0.0009	0.0009	0.0008
134	val	267.9654
135	train	269.6365	252.5332	12.8271	4.1975	0.0568	0.0009	0.0009	0.0008
135	val	268.7744
136	train	269.5918	252.4914	12.8264	4.1987	0.0533	0.0009	0.0009	0.0008
136	val	266.9722
137	train	268.5495	251.4525	12.8342	4.1829	0.0579	0.0009	0.0009	0.0008
137	val	268.7713
138	train	268.1804	251.0828	12.8324	4.1915	0.0516	0.0009	0.0009	0.0008
138	val	268.6656
139	train	267.1726	250.0516	12.8941	4.1438	0.0612	0.0009	0.0009	0.0008
139	val	267.2246
140	train	268.3558	251.2904	12.8203	4.1614	0.0619	0.0009	0.0009	0.0008
140	val	268.7216
141	train	268.3314	251.1374	12.9249	4.1842	0.0631	0.0009	0.0009	0.0008
141	val	267.4573
142	train	268.2390	251.0141	12.9260	4.2116	0.0653	0.0009	0.0009	0.0008
142	val	268.2457
143	train	266.4437	249.2034	12.9317	4.2193	0.0674	0.0009	0.0009	0.0008
143	val	267.8526
144	train	268.0537	250.9209	12.8576	4.1864	0.0668	0.0009	0.0009	0.0008
144	val	267.0193
145	train	270.0234	252.8869	12.8610	4.1861	0.0676	0.0009	0.0009	0.0008
145	val	267.0805
146	train	267.9773	250.8099	12.8688	4.2210	0.0559	0.0009	0.0009	0.0008
146	val	266.7258
147	train	267.8105	250.5715	12.9344	4.2181	0.0647	0.0009	0.0009	0.0008
147	val	267.0883
148	train	266.4766	249.2698	12.9375	4.1839	0.0636	0.0009	0.0009	0.0008
148	val	266.6032
149	train	267.6465	250.4421	12.8985	4.2208	0.0632	0.0009	0.0009	0.0008
149	val	266.8019
