===== comparison
 seed                                     metric  committed      fresh  difference
    0                                 best_epoch  99.000000  98.000000   -1.000000
    0                                 epochs_run 100.000000 100.000000    0.000000
    0                                   test_mse   0.168651   0.168857    0.000206
    0                            test_plugin_nll 181.079895 184.388565    3.308670
    0                            shared_fraction   0.920568   0.923721    0.003153
    0                 bg_study_balanced_accuracy   0.777189   0.781957    0.004768
    0             bg_condition_balanced_accuracy   0.490264   0.483899   -0.006365
    0     shared_ungated_study_balanced_accuracy   0.774299   0.850741    0.076442
    0 shared_ungated_condition_balanced_accuracy   0.548508   0.554493    0.005986
    0         drug_gated_study_balanced_accuracy   0.721799   0.701717   -0.020082
    0     drug_gated_condition_balanced_accuracy   0.958527   0.955013   -0.003514
    0       drug_ungated_study_balanced_accuracy   0.842052   0.895057    0.053005
    0   drug_ungated_condition_balanced_accuracy   0.590618   0.623990    0.033372
    0                             validation_mse   0.166412   0.166632    0.000220
    0                shared_fraction_doxorubicin   0.816703   0.907443    0.090740
    0                  shared_fraction_cisplatin   0.958817   0.941863   -0.016954
    0            shared_active_units_var_gt_0p01   0.000000   0.000000    0.000000
    0               dox_active_units_var_gt_0p01   0.000000   0.000000    0.000000
    0               cis_active_units_var_gt_0p01   0.000000   0.000000    0.000000
    0                     shared_dims_kl_gt_0p01   0.000000   0.000000    0.000000
    0                        dox_dims_kl_gt_0p01   0.000000   0.000000    0.000000
    0                        cis_dims_kl_gt_0p01   0.000000   0.000000    0.000000
    0                  shared_mean_total_kl_nats   0.010691   0.012499    0.001808
    0                     dox_mean_total_kl_nats   0.000408   0.000300   -0.000108
    0                     cis_mean_total_kl_nats   0.003091   0.003385    0.000294
    0                             shared_var_sum   0.015408   0.017557    0.002148
    0                                dox_var_sum   0.000229   0.000179   -0.000051
    0                                cis_var_sum   0.002268   0.003618    0.001350
    1                                 best_epoch  97.000000  95.000000   -2.000000
    1                                 epochs_run 100.000000 100.000000    0.000000
    1                                   test_mse   0.168801   0.168697   -0.000104
    1                            test_plugin_nll 185.807877 191.848007    6.040131
    1                            shared_fraction   0.957295   0.967862    0.010567
    1                 bg_study_balanced_accuracy   0.856462   0.760458   -0.096004
    1             bg_condition_balanced_accuracy   0.576802   0.521838   -0.054963
    1     shared_ungated_study_balanced_accuracy   0.730840   0.811155    0.080314
    1 shared_ungated_condition_balanced_accuracy   0.496302   0.572563    0.076261
    1         drug_gated_study_balanced_accuracy   0.690786   0.758364    0.067578
    1     drug_gated_condition_balanced_accuracy   0.934556   0.980482    0.045925
    1       drug_ungated_study_balanced_accuracy   0.903235   0.903854    0.000619
    1   drug_ungated_condition_balanced_accuracy   0.603655   0.615329    0.011674
    1                             validation_mse   0.166814   0.166664   -0.000150
    1                shared_fraction_doxorubicin   0.922526   0.893718   -0.028808
    1                  shared_fraction_cisplatin   0.975560   0.983179    0.007620
    1            shared_active_units_var_gt_0p01   0.000000   0.000000    0.000000
    1               dox_active_units_var_gt_0p01   0.000000   0.000000    0.000000
    1               cis_active_units_var_gt_0p01   0.000000   0.000000    0.000000
    1                     shared_dims_kl_gt_0p01   0.000000   0.000000    0.000000
    1                        dox_dims_kl_gt_0p01   0.000000   0.000000    0.000000
    1                        cis_dims_kl_gt_0p01   0.000000   0.000000    0.000000
    1                  shared_mean_total_kl_nats   0.007908   0.010929    0.003021
    1                     dox_mean_total_kl_nats   0.000591   0.000353   -0.000238
    1                     cis_mean_total_kl_nats   0.001364   0.001221   -0.000143
    1                             shared_var_sum   0.009615   0.014012    0.004397
    1                                dox_var_sum   0.000096   0.000129    0.000033
    1                                cis_var_sum   0.000792   0.000819    0.000026
    2                                 best_epoch  98.000000  98.000000    0.000000
    2                                 epochs_run 100.000000 100.000000    0.000000
    2                                   test_mse   0.168680   0.168616   -0.000065
    2                            test_plugin_nll 185.557266 184.564667   -0.992599
    2                            shared_fraction   0.922368   0.970478    0.048111
    2                 bg_study_balanced_accuracy   0.726082   0.770911    0.044829
    2             bg_condition_balanced_accuracy   0.496888   0.516120    0.019232
    2     shared_ungated_study_balanced_accuracy   0.656704   0.597438   -0.059266
    2 shared_ungated_condition_balanced_accuracy   0.466458   0.378951   -0.087507
    2         drug_gated_study_balanced_accuracy   0.720272   0.725368    0.005096
    2     drug_gated_condition_balanced_accuracy   0.988333   0.990013    0.001679
    2       drug_ungated_study_balanced_accuracy   0.782282   0.890795    0.108513
    2   drug_ungated_condition_balanced_accuracy   0.528004   0.551256    0.023252
    2                             validation_mse   0.166695   0.166567   -0.000128
    2                shared_fraction_doxorubicin   0.880545   0.973406    0.092861
    2                  shared_fraction_cisplatin   0.941598   0.986146    0.044548
    2            shared_active_units_var_gt_0p01   1.000000   0.000000   -1.000000
    2               dox_active_units_var_gt_0p01   0.000000   0.000000    0.000000
    2               cis_active_units_var_gt_0p01   0.000000   0.000000    0.000000
    2                     shared_dims_kl_gt_0p01   0.000000   0.000000    0.000000
    2                        dox_dims_kl_gt_0p01   0.000000   0.000000    0.000000
    2                        cis_dims_kl_gt_0p01   0.000000   0.000000    0.000000
    2                  shared_mean_total_kl_nats   0.021853   0.018214   -0.003639
    2                     dox_mean_total_kl_nats   0.001172   0.000489   -0.000683
    2                     cis_mean_total_kl_nats   0.006779   0.002794   -0.003984
    2                             shared_var_sum   0.036751   0.026174   -0.010577
    2                                dox_var_sum   0.000523   0.000102   -0.000421
    2                                cis_var_sum   0.007559   0.001192   -0.006367
    0      probe:background:cis_source_cell_type   0.990842   0.993572    0.002730
    0     probe:background:doxorubicin_treatment   0.531156   0.527263   -0.003893
    0       probe:background:cisplatin_treatment   0.645093   0.670797    0.025704
    0  probe:shared_ungated:cis_source_cell_type   0.842083   0.788336   -0.053747
    0 probe:shared_ungated:doxorubicin_treatment   0.519155   0.523862    0.004707
    0   probe:shared_ungated:cisplatin_treatment   0.593706   0.573841   -0.019865
    0    probe:drug_ungated:cis_source_cell_type   0.820508   0.904442    0.083934
    0   probe:drug_ungated:doxorubicin_treatment   0.531839   0.544214    0.012374
    0     probe:drug_ungated:cisplatin_treatment   0.622459   0.514754   -0.107704
    1      probe:background:cis_source_cell_type   0.985378   0.985378    0.000000
    1     probe:background:doxorubicin_treatment   0.529259   0.542788    0.013529
    1       probe:background:cisplatin_treatment   0.621498   0.635600    0.014102
    1  probe:shared_ungated:cis_source_cell_type   0.755592   0.829901    0.074309
    1 probe:shared_ungated:doxorubicin_treatment   0.483603   0.558681    0.075078
    1   probe:shared_ungated:cisplatin_treatment   0.641227   0.626615   -0.014612
    1    probe:drug_ungated:cis_source_cell_type   0.797712   0.789126   -0.008586
    1   probe:drug_ungated:doxorubicin_treatment   0.535813   0.552280    0.016467
    1     probe:drug_ungated:cisplatin_treatment   0.606540   0.504110   -0.102430
    2      probe:background:cis_source_cell_type   0.990486   0.987637   -0.002849
    2     probe:background:doxorubicin_treatment   0.541841   0.537412   -0.004429
    2       probe:background:cisplatin_treatment   0.637164   0.657790    0.020626
    2  probe:shared_ungated:cis_source_cell_type   0.751295   0.746510   -0.004785
    2 probe:shared_ungated:doxorubicin_treatment   0.494952   0.549836    0.054884
    2   probe:shared_ungated:cisplatin_treatment   0.636869   0.494125   -0.142743
    2    probe:drug_ungated:cis_source_cell_type   0.754309   0.768092    0.013783
    2   probe:drug_ungated:doxorubicin_treatment   0.498235   0.564744    0.066510
    2     probe:drug_ungated:cisplatin_treatment   0.636793   0.572045   -0.064749
===== cka
 seed_a  seed_b  space  committed_test_cka  fresh_test_cka
      0       1     bg            0.557813        0.599686
      0       1 shared            0.081849        0.691017
      0       1   drug            0.389151        0.176983
      0       2     bg            0.630603        0.631573
      0       2 shared            0.358610        0.547422
      0       2   drug            0.114582        0.257874
      1       2     bg            0.708436        0.700429
      1       2 shared            0.524729        0.497162
      1       2   drug            0.217533        0.696773
===== jaccard
       axis  n_fresh  n_frozen  n_overlap  jaccard
     shared       40        34         29 0.644444
doxorubicin       27        20          8 0.205128
  cisplatin       31        33         17 0.361702
===== ved
                                  quantity  ved_full_0  fresh_seed0  difference      cka
                                  test_mse    0.168553     0.168857    0.000304      NaN
                            validation_mse    0.166477     0.166632    0.000156      NaN
                           test_plugin_nll  187.054169   184.388565   -2.665604      NaN
                           shared_fraction    0.754188     0.923721    0.169533      NaN
               shared_fraction_doxorubicin    0.943999     0.907443   -0.036556      NaN
                 shared_fraction_cisplatin    0.731974     0.941863    0.209889      NaN
           shared_active_units_var_gt_0p01    0.000000     0.000000    0.000000      NaN
                    shared_dims_kl_gt_0p01    0.000000     0.000000    0.000000      NaN
                 shared_mean_total_kl_nats    0.003792     0.012499    0.008707      NaN
                            shared_var_sum    0.003407     0.017557    0.014149      NaN
                    shared_max_dim_kl_nats    0.001518     0.004350    0.002833      NaN
    shared_max_dim_posterior_mean_variance    0.001816     0.006801    0.004985      NaN
              dox_active_units_var_gt_0p01    0.000000     0.000000    0.000000      NaN
                       dox_dims_kl_gt_0p01    0.000000     0.000000    0.000000      NaN
                    dox_mean_total_kl_nats    0.000192     0.000300    0.000108      NaN
                               dox_var_sum    0.000056     0.000179    0.000123      NaN
                       dox_max_dim_kl_nats    0.000089     0.000102    0.000013      NaN
       dox_max_dim_posterior_mean_variance    0.000025     0.000085    0.000060      NaN
              cis_active_units_var_gt_0p01    0.000000     0.000000    0.000000      NaN
                       cis_dims_kl_gt_0p01    0.000000     0.000000    0.000000      NaN
                    cis_mean_total_kl_nats    0.003018     0.003385    0.000367      NaN
                               cis_var_sum    0.003603     0.003618    0.000015      NaN
                       cis_max_dim_kl_nats    0.001300     0.002032    0.000732      NaN
       cis_max_dim_posterior_mean_variance    0.002103     0.002081   -0.000022      NaN
                bg_study_balanced_accuracy    0.730269     0.781957    0.051688      NaN
            bg_condition_balanced_accuracy    0.484925     0.483899   -0.001027      NaN
    shared_ungated_study_balanced_accuracy    0.555520     0.850741    0.295221      NaN
shared_ungated_condition_balanced_accuracy    0.459426     0.554493    0.095067      NaN
        drug_gated_study_balanced_accuracy    0.720654     0.701717   -0.018937      NaN
    drug_gated_condition_balanced_accuracy    0.968102     0.955013   -0.013089      NaN
      drug_ungated_study_balanced_accuracy    0.910599     0.895057   -0.015542      NaN
  drug_ungated_condition_balanced_accuracy    0.598766     0.623990    0.025224      NaN
                               test_cka:bg         NaN          NaN         NaN 0.689691
                           test_cka:shared         NaN          NaN         NaN 0.187784
                             test_cka:drug         NaN          NaN         NaN 0.156440
                       test_cka:raw_shared         NaN          NaN         NaN 0.115602
                         test_cka:raw_drug         NaN          NaN         NaN 0.191966
