consensus_version        axis                          cell_type  n_consensus  n_markers_in_universe  overlap  expected_overlap  hypergeom_p  bh_q_across_cell_types                                              overlap_genes
     frozen_paper      shared                         Astrocytes           34                     35        1          0.793333 5.559453e-01            1.000000e+00                                                       Apoe
     frozen_paper      shared      Border-associated macrophages           34                     20        9          0.453333 7.203433e-11            1.080515e-09      Apoe|Dab2|F13a1|Ifi27l2a|Ifitm3|Lgals1|Mrc1|Ms4a7|Pf4
     frozen_paper      shared               Choroid plexus cells           34                      8        1          0.181333 1.679431e-01            6.108252e-01                                                        Ttr
     frozen_paper      shared          Choroid plexus epithelium           34                     37        2          0.838667 2.036084e-01            6.108252e-01                                                 Atp5g1|Ttr
     frozen_paper      shared                  Endothelial cells           34                     78        1          1.768000 8.406194e-01            1.000000e+00                                                      Stab1
     frozen_paper      shared                    Ependymal cells           34                     35        0          0.793333 1.000000e+00            1.000000e+00                                                           
     frozen_paper      shared                        Fibroblasts           34                     52        0          1.178667 1.000000e+00            1.000000e+00                                                           
     frozen_paper      shared                        Macrophages           34                     45        7          1.020000 3.968694e-05            2.976521e-04                    C5ar1|Cd163|Dab2|F13a1|Mrc1|Ms4a7|Stab1
     frozen_paper      shared Meningeal/perivascular fibroblasts           34                      6        0          0.136000 1.000000e+00            1.000000e+00                                                           
     frozen_paper      shared                          Microglia           34                     24        4          0.544000 1.698126e-03            8.490628e-03                                        C5ar1|Cbr2|Ccl4|Pf4
     frozen_paper      shared                            Neurons           34                     47        0          1.065333 1.000000e+00            1.000000e+00                                                           
     frozen_paper      shared       Nucleus-enriched transcripts           34                     32        0          0.725333 1.000000e+00            1.000000e+00                                                           
     frozen_paper      shared                               OPCs           34                     21        0          0.476000 1.000000e+00            1.000000e+00                                                           
     frozen_paper      shared                   Oligodendrocytes           34                     24        0          0.544000 1.000000e+00            1.000000e+00                                                           
     frozen_paper      shared                          Pericytes           34                     32        0          0.725333 1.000000e+00            1.000000e+00                                                           
     frozen_paper doxorubicin                         Astrocytes           20                     35        0          0.466667 1.000000e+00            1.000000e+00                                                           
     frozen_paper doxorubicin      Border-associated macrophages           20                     20        0          0.266667 1.000000e+00            1.000000e+00                                                           
     frozen_paper doxorubicin               Choroid plexus cells           20                      8        1          0.106667 1.020467e-01            5.102337e-01                                                        Ttr
     frozen_paper doxorubicin          Choroid plexus epithelium           20                     37        1          0.493333 3.951360e-01            1.000000e+00                                                        Ttr
     frozen_paper doxorubicin                  Endothelial cells           20                     78        0          1.040000 1.000000e+00            1.000000e+00                                                           
     frozen_paper doxorubicin                    Ependymal cells           20                     35        0          0.466667 1.000000e+00            1.000000e+00                                                           
     frozen_paper doxorubicin                        Fibroblasts           20                     52        1          0.693333 5.084667e-01            1.000000e+00                                                       Zeb2
     frozen_paper doxorubicin                        Macrophages           20                     45        0          0.600000 1.000000e+00            1.000000e+00                                                           
     frozen_paper doxorubicin Meningeal/perivascular fibroblasts           20                      6        0          0.080000 1.000000e+00            1.000000e+00                                                           
     frozen_paper doxorubicin                          Microglia           20                     24        0          0.320000 1.000000e+00            1.000000e+00                                                           
     frozen_paper doxorubicin                            Neurons           20                     47        4          0.626667 2.838598e-03            2.128949e-02                                     Meg3|Miat|Pcsk2|Snhg11
     frozen_paper doxorubicin       Nucleus-enriched transcripts           20                     32        6          0.426667 1.816351e-06            2.724526e-05                      Kcnq1ot1|Meg3|Miat|Pcdh9|Ptprd|Snhg11
     frozen_paper doxorubicin                               OPCs           20                     21        0          0.280000 1.000000e+00            1.000000e+00                                                           
     frozen_paper doxorubicin                   Oligodendrocytes           20                     24        0          0.320000 1.000000e+00            1.000000e+00                                                           
     frozen_paper doxorubicin                          Pericytes           20                     32        0          0.426667 1.000000e+00            1.000000e+00                                                           
     frozen_paper   cisplatin                         Astrocytes           33                     35        1          0.770000 5.450920e-01            8.176380e-01                                                       Apoe
     frozen_paper   cisplatin      Border-associated macrophages           33                     20        4          0.440000 7.350309e-04            1.102546e-02                                        Apoe|F13a1|Mrc1|Pf4
     frozen_paper   cisplatin               Choroid plexus cells           33                      8        1          0.176000 1.633807e-01            4.084518e-01                                                        Ttr
     frozen_paper   cisplatin          Choroid plexus epithelium           33                     37        2          0.814000 1.945077e-01            4.168022e-01                                                    Bsg|Ttr
     frozen_paper   cisplatin                  Endothelial cells           33                     78        3          1.716000 2.438713e-01            4.572588e-01                                            Id3|Mgp|S100a10
     frozen_paper   cisplatin                    Ependymal cells           33                     35        0          0.770000 1.000000e+00            1.000000e+00                                                           
     frozen_paper   cisplatin                        Fibroblasts           33                     52        5          1.144000 4.678071e-03            3.508553e-02                            Col1a2|Col6a2|Efemp1|Igfbp6|Mgp
     frozen_paper   cisplatin                        Macrophages           33                     45        3          0.990000 7.354885e-02            2.758082e-01                                           Cd163|F13a1|Mrc1
     frozen_paper   cisplatin Meningeal/perivascular fibroblasts           33                      6        1          0.132000 1.251468e-01            3.754404e-01                                                        Mgp
     frozen_paper   cisplatin                          Microglia           33                     24        3          0.528000 1.433637e-02            7.168184e-02                                               Cbr2|Fos|Pf4
     frozen_paper   cisplatin                            Neurons           33                     47        0          1.034000 1.000000e+00            1.000000e+00                                                           
     frozen_paper   cisplatin       Nucleus-enriched transcripts           33                     32        0          0.704000 1.000000e+00            1.000000e+00                                                           
     frozen_paper   cisplatin                               OPCs           33                     21        0          0.462000 1.000000e+00            1.000000e+00                                                           
     frozen_paper   cisplatin                   Oligodendrocytes           33                     24        1          0.528000 4.161306e-01            6.935510e-01                                                        Mbp
     frozen_paper   cisplatin                          Pericytes           33                     32        0          0.704000 1.000000e+00            1.000000e+00                                                           
     fresh_phase2 doxorubicin                         Astrocytes           27                     35        2          0.630000 1.291565e-01            4.244299e-01                                                Apoe|Slc1a2
     fresh_phase2 doxorubicin      Border-associated macrophages           27                     20        1          0.360000 3.062348e-01            7.655870e-01                                                       Apoe
     fresh_phase2 doxorubicin               Choroid plexus cells           27                      8        1          0.144000 1.355442e-01            4.244299e-01                                                        Ttr
     fresh_phase2 doxorubicin          Choroid plexus epithelium           27                     37        2          0.666000 1.414766e-01            4.244299e-01                                                 Atp1b1|Ttr
     fresh_phase2 doxorubicin                  Endothelial cells           27                     78        1          1.404000 7.665562e-01            1.000000e+00                                                    Sparcl1
     fresh_phase2 doxorubicin                    Ependymal cells           27                     35        0          0.630000 1.000000e+00            1.000000e+00                                                           
     fresh_phase2 doxorubicin                        Fibroblasts           27                     52        1          0.936000 6.175336e-01            1.000000e+00                                                       Zeb2
     fresh_phase2 doxorubicin                        Macrophages           27                     45        0          0.810000 1.000000e+00            1.000000e+00                                                           
     fresh_phase2 doxorubicin Meningeal/perivascular fibroblasts           27                      6        0          0.108000 1.000000e+00            1.000000e+00                                                           
     fresh_phase2 doxorubicin                          Microglia           27                     24        0          0.432000 1.000000e+00            1.000000e+00                                                           
     fresh_phase2 doxorubicin                            Neurons           27                     47        8          0.846000 7.150367e-07            1.072555e-05           Dlgap1|Grm5|Meg3|Nrgn|Pclo|Slc17a7|Snap25|Snhg11
     fresh_phase2 doxorubicin       Nucleus-enriched transcripts           27                     32        3          0.576000 1.822518e-02            1.366888e-01                                       Kcnq1ot1|Meg3|Snhg11
     fresh_phase2 doxorubicin                               OPCs           27                     21        0          0.378000 1.000000e+00            1.000000e+00                                                           
     fresh_phase2 doxorubicin                   Oligodendrocytes           27                     24        0          0.432000 1.000000e+00            1.000000e+00                                                           
     fresh_phase2 doxorubicin                          Pericytes           27                     32        0          0.576000 1.000000e+00            1.000000e+00                                                           
     fresh_phase2   cisplatin                         Astrocytes           31                     35        1          0.723333 5.226070e-01            1.000000e+00                                                       Apoe
     fresh_phase2   cisplatin      Border-associated macrophages           31                     20        2          0.413333 6.234747e-02            3.117373e-01                                                  Apoe|Mrc1
     fresh_phase2   cisplatin               Choroid plexus cells           31                      8        1          0.165333 1.541903e-01            4.625710e-01                                                        Ttr
     fresh_phase2   cisplatin          Choroid plexus epithelium           31                     37        4          0.764667 6.125058e-03            9.187587e-02                                        Bsg|Chchd10|Mt3|Ttr
     fresh_phase2   cisplatin                  Endothelial cells           31                     78        1          1.612000 8.122547e-01            1.000000e+00                                                        Mgp
     fresh_phase2   cisplatin                    Ependymal cells           31                     35        0          0.723333 1.000000e+00            1.000000e+00                                                           
     fresh_phase2   cisplatin                        Fibroblasts           31                     52        4          1.074667 2.020739e-02            1.515554e-01                                     Col6a2|Igfbp6|Klf4|Mgp
     fresh_phase2   cisplatin                        Macrophages           31                     45        1          0.930000 6.147863e-01            1.000000e+00                                                       Mrc1
     fresh_phase2   cisplatin Meningeal/perivascular fibroblasts           31                      6        1          0.124000 1.179538e-01            4.423267e-01                                                        Mgp
     fresh_phase2   cisplatin                          Microglia           31                     24        1          0.496000 3.965677e-01            9.914193e-01                                                        Fos
     fresh_phase2   cisplatin                            Neurons           31                     47        0          0.971333 1.000000e+00            1.000000e+00                                                           
     fresh_phase2   cisplatin       Nucleus-enriched transcripts           31                     32        0          0.661333 1.000000e+00            1.000000e+00                                                           
     fresh_phase2   cisplatin                               OPCs           31                     21        0          0.434000 1.000000e+00            1.000000e+00                                                           
     fresh_phase2   cisplatin                   Oligodendrocytes           31                     24        0          0.496000 1.000000e+00            1.000000e+00                                                           
     fresh_phase2   cisplatin                          Pericytes           31                     32        0          0.661333 1.000000e+00            1.000000e+00                                                           
     fresh_phase2      shared                         Astrocytes           40                     35        1          0.933333 6.159732e-01            1.000000e+00                                                       Apoe
     fresh_phase2      shared      Border-associated macrophages           40                     20       10          0.533333 8.439781e-12            1.265967e-10 Apoe|Dab2|F13a1|Ifi27l2a|Ifitm3|Lgals1|Lyz2|Mrc1|Ms4a7|Pf4
     fresh_phase2      shared               Choroid plexus cells           40                      8        1          0.213333 1.948628e-01            7.307353e-01                                                        Ttr
     fresh_phase2      shared          Choroid plexus epithelium           40                     37        2          0.986667 2.590409e-01            7.771226e-01                                                 Atp5g1|Ttr
     fresh_phase2      shared                  Endothelial cells           40                     78        2          2.080000 6.264079e-01            1.000000e+00                                              Sparcl1|Stab1
     fresh_phase2      shared                    Ependymal cells           40                     35        0          0.933333 1.000000e+00            1.000000e+00                                                           
     fresh_phase2      shared                        Fibroblasts           40                     52        0          1.386667 1.000000e+00            1.000000e+00                                                           
     fresh_phase2      shared                        Macrophages           40                     45        9          1.200000 1.181097e-06            8.858228e-06          Cd163|Dab2|F13a1|Lyz2|Maf|Mrc1|Ms4a7|Stab1|Tyrobp
     fresh_phase2      shared Meningeal/perivascular fibroblasts           40                      6        0          0.160000 1.000000e+00            1.000000e+00                                                           
     fresh_phase2      shared                          Microglia           40                     24        3          0.640000 2.412173e-02            1.206087e-01                                              Cbr2|Ctss|Pf4
     fresh_phase2      shared                            Neurons           40                     47        0          1.253333 1.000000e+00            1.000000e+00                                                           
     fresh_phase2      shared       Nucleus-enriched transcripts           40                     32        0          0.853333 1.000000e+00            1.000000e+00                                                           
     fresh_phase2      shared                               OPCs           40                     21        0          0.560000 1.000000e+00            1.000000e+00                                                           
     fresh_phase2      shared                   Oligodendrocytes           40                     24        0          0.640000 1.000000e+00            1.000000e+00                                                           
     fresh_phase2      shared                          Pericytes           40                     32        0          0.853333 1.000000e+00            1.000000e+00                                                           
consensus_version        axis                     cell_type    marker_source  n_markers_in_universe  overlap  hypergeom_p
     frozen_paper      shared Border-associated macrophages Ochocka N et al.                     20        9 7.203433e-11
     frozen_paper      shared Border-associated macrophages  Zeisel A et al.                      5        3 1.033108e-04
     frozen_paper      shared     Choroid plexus epithelium    Dani N et al.                     36        2 1.952456e-01
     frozen_paper      shared     Choroid plexus epithelium  Zeisel A et al.                      4        1 8.771509e-02
     frozen_paper doxorubicin Border-associated macrophages Ochocka N et al.                     20        0 1.000000e+00
     frozen_paper doxorubicin Border-associated macrophages  Zeisel A et al.                      5        0 1.000000e+00
     frozen_paper doxorubicin     Choroid plexus epithelium    Dani N et al.                     36        1 3.867583e-01
     frozen_paper doxorubicin     Choroid plexus epithelium  Zeisel A et al.                      4        1 5.232742e-02
     frozen_paper   cisplatin Border-associated macrophages Ochocka N et al.                     20        4 7.350309e-04
     frozen_paper   cisplatin Border-associated macrophages  Zeisel A et al.                      5        2 4.504991e-03
     frozen_paper   cisplatin     Choroid plexus epithelium    Dani N et al.                     36        2 1.864444e-01
     frozen_paper   cisplatin     Choroid plexus epithelium  Zeisel A et al.                      4        1 8.522080e-02
     fresh_phase2 doxorubicin Border-associated macrophages Ochocka N et al.                     20        1 3.062348e-01
     fresh_phase2 doxorubicin Border-associated macrophages  Zeisel A et al.                      5        0 1.000000e+00
     fresh_phase2 doxorubicin     Choroid plexus epithelium    Dani N et al.                     36        2 1.352829e-01
     fresh_phase2 doxorubicin     Choroid plexus epithelium  Zeisel A et al.                      4        1 7.014751e-02
     fresh_phase2   cisplatin Border-associated macrophages Ochocka N et al.                     20        2 6.234747e-02
     fresh_phase2   cisplatin Border-associated macrophages  Zeisel A et al.                      5        1 9.927657e-02
     fresh_phase2   cisplatin     Choroid plexus epithelium    Dani N et al.                     36        4 5.542649e-03
     fresh_phase2   cisplatin     Choroid plexus epithelium  Zeisel A et al.                      4        1 8.021689e-02
     fresh_phase2      shared Border-associated macrophages Ochocka N et al.                     20       10 8.439781e-12
     fresh_phase2      shared Border-associated macrophages  Zeisel A et al.                      5        4 2.133100e-06
     fresh_phase2      shared     Choroid plexus epithelium    Dani N et al.                     36        2 2.489852e-01
     fresh_phase2      shared     Choroid plexus epithelium  Zeisel A et al.                      4        1 1.025739e-01
                         cell_type           source  n_genes_listed  n_in_universe
                        Astrocytes      all_sources            63.0             35
     Border-associated macrophages      all_sources            25.0             20
     Border-associated macrophages Ochocka N et al.             NaN             20
     Border-associated macrophages  Zeisel A et al.             NaN              5
              Choroid plexus cells      all_sources            22.0              8
         Choroid plexus epithelium      all_sources            88.0             37
         Choroid plexus epithelium    Dani N et al.             NaN             36
         Choroid plexus epithelium  Zeisel A et al.             NaN              4
                 Endothelial cells      all_sources           188.0             78
                   Ependymal cells      all_sources            59.0             35
                       Fibroblasts      all_sources           177.0             52
                       Macrophages      all_sources           147.0             45
Meningeal/perivascular fibroblasts      all_sources            15.0              6
                         Microglia      all_sources            79.0             24
                           Neurons      all_sources           211.0             47
      Nucleus-enriched transcripts      all_sources           159.0             32
                              OPCs      all_sources            28.0             21
                  Oligodendrocytes      all_sources            87.0             24
                         Pericytes      all_sources            64.0             32
