D:\chemobrain-contrastive-main\chemobrain-contrastive\.venv\Lib\site-packages\pydeseq2\dds.py:548: UserWarning: As the residual degrees of freedom is less than 3, the distribution of log dispersions is especially asymmetric and likely to be poorly estimated by the MAD.
  self.fit_dispersion_prior()
Astrocyte                cisplatin_vs_control                 genes= 8805 padj<.05=  15
D:\chemobrain-contrastive-main\chemobrain-contrastive\.venv\Lib\site-packages\pydeseq2\dds.py:548: UserWarning: As the residual degrees of freedom is less than 3, the distribution of log dispersions is especially asymmetric and likely to be poorly estimated by the MAD.
  self.fit_dispersion_prior()
Astrocyte                control_GENUS_vs_control             genes= 8795 padj<.05=   0
D:\chemobrain-contrastive-main\chemobrain-contrastive\.venv\Lib\site-packages\pydeseq2\dds.py:548: UserWarning: As the residual degrees of freedom is less than 3, the distribution of log dispersions is especially asymmetric and likely to be poorly estimated by the MAD.
  self.fit_dispersion_prior()
Astrocyte                cisplatin_GENUS_vs_cisplatin         genes= 7968 padj<.05=   1
D:\chemobrain-contrastive-main\chemobrain-contrastive\.venv\Lib\site-packages\pydeseq2\dds.py:548: UserWarning: As the residual degrees of freedom is less than 3, the distribution of log dispersions is especially asymmetric and likely to be poorly estimated by the MAD.
  self.fit_dispersion_prior()
Choroid Plexus           cisplatin_vs_control                 genes= 5955 padj<.05=   1
D:\chemobrain-contrastive-main\chemobrain-contrastive\.venv\Lib\site-packages\pydeseq2\dds.py:548: UserWarning: As the residual degrees of freedom is less than 3, the distribution of log dispersions is especially asymmetric and likely to be poorly estimated by the MAD.
  self.fit_dispersion_prior()
Choroid Plexus           cisplatin_GENUS_vs_cisplatin         genes= 6953 padj<.05=   7
D:\chemobrain-contrastive-main\chemobrain-contrastive\.venv\Lib\site-packages\pydeseq2\dds.py:548: UserWarning: As the residual degrees of freedom is less than 3, the distribution of log dispersions is especially asymmetric and likely to be poorly estimated by the MAD.
  self.fit_dispersion_prior()
Endothelial              cisplatin_vs_control                 genes= 8371 padj<.05=  23
D:\chemobrain-contrastive-main\chemobrain-contrastive\.venv\Lib\site-packages\pydeseq2\dds.py:548: UserWarning: As the residual degrees of freedom is less than 3, the distribution of log dispersions is especially asymmetric and likely to be poorly estimated by the MAD.
  self.fit_dispersion_prior()
Endothelial              cisplatin_GENUS_vs_cisplatin         genes= 8084 padj<.05=   0
D:\chemobrain-contrastive-main\chemobrain-contrastive\.venv\Lib\site-packages\pydeseq2\dds.py:548: UserWarning: As the residual degrees of freedom is less than 3, the distribution of log dispersions is especially asymmetric and likely to be poorly estimated by the MAD.
  self.fit_dispersion_prior()
Immune                   cisplatin_vs_control                 genes= 2022 padj<.05=   6
D:\chemobrain-contrastive-main\chemobrain-contrastive\.venv\Lib\site-packages\pydeseq2\dds.py:548: UserWarning: As the residual degrees of freedom is less than 3, the distribution of log dispersions is especially asymmetric and likely to be poorly estimated by the MAD.
  self.fit_dispersion_prior()
Microglia                cisplatin_vs_control                 genes=10048 padj<.05= 101
D:\chemobrain-contrastive-main\chemobrain-contrastive\.venv\Lib\site-packages\pydeseq2\dds.py:548: UserWarning: As the residual degrees of freedom is less than 3, the distribution of log dispersions is especially asymmetric and likely to be poorly estimated by the MAD.
  self.fit_dispersion_prior()
Microglia                control_GENUS_vs_control             genes=10086 padj<.05=   1
D:\chemobrain-contrastive-main\chemobrain-contrastive\.venv\Lib\site-packages\pydeseq2\dds.py:548: UserWarning: As the residual degrees of freedom is less than 3, the distribution of log dispersions is especially asymmetric and likely to be poorly estimated by the MAD.
  self.fit_dispersion_prior()
Microglia                cisplatin_GENUS_vs_cisplatin         genes= 9233 padj<.05=  11
D:\chemobrain-contrastive-main\chemobrain-contrastive\.venv\Lib\site-packages\pydeseq2\dds.py:548: UserWarning: As the residual degrees of freedom is less than 3, the distribution of log dispersions is especially asymmetric and likely to be poorly estimated by the MAD.
  self.fit_dispersion_prior()
OPC                      cisplatin_vs_control                 genes= 8220 padj<.05=   6
D:\chemobrain-contrastive-main\chemobrain-contrastive\.venv\Lib\site-packages\pydeseq2\dds.py:548: UserWarning: As the residual degrees of freedom is less than 3, the distribution of log dispersions is especially asymmetric and likely to be poorly estimated by the MAD.
  self.fit_dispersion_prior()
OPC                      control_GENUS_vs_control             genes= 8103 padj<.05=   1
D:\chemobrain-contrastive-main\chemobrain-contrastive\.venv\Lib\site-packages\pydeseq2\dds.py:548: UserWarning: As the residual degrees of freedom is less than 3, the distribution of log dispersions is especially asymmetric and likely to be poorly estimated by the MAD.
  self.fit_dispersion_prior()
Oligodendrocyte          cisplatin_vs_control                 genes= 9963 padj<.05= 141
D:\chemobrain-contrastive-main\chemobrain-contrastive\.venv\Lib\site-packages\pydeseq2\dds.py:548: UserWarning: As the residual degrees of freedom is less than 3, the distribution of log dispersions is especially asymmetric and likely to be poorly estimated by the MAD.
  self.fit_dispersion_prior()
Oligodendrocyte          control_GENUS_vs_control             genes= 9837 padj<.05=   0
D:\chemobrain-contrastive-main\chemobrain-contrastive\.venv\Lib\site-packages\pydeseq2\dds.py:548: UserWarning: As the residual degrees of freedom is less than 3, the distribution of log dispersions is especially asymmetric and likely to be poorly estimated by the MAD.
  self.fit_dispersion_prior()
Oligodendrocyte          cisplatin_GENUS_vs_cisplatin         genes= 9214 padj<.05=  36

===== TASK 4 CISPLATIN SUMMARY =====
      cell_type                     contrast  n_pairs  n_genes_tested  n_wald_p_lt_0p05  n_wald_padj_lt_0p05  minimum_wald_padj  n_exact_signflip_p_lt_0p05  minimum_exact_two_sided_p  theoretical_exact_two_sided_p_floor  n_welch_q_lt_0p05  deseq2_vs_paired_logcpm_effect_correlation
      Astrocyte         cisplatin_vs_control        3            8805               196                   15       1.335139e-05                           0                       0.25                                 0.25                  0                                    0.967737
      Astrocyte     control_GENUS_vs_control        3            8795                29                    0       9.998243e-01                           0                       0.25                                 0.25                  0                                    0.963279
      Astrocyte cisplatin_GENUS_vs_cisplatin        3            7968                53                    1       3.293511e-14                           0                       0.25                                 0.25                  0                                    0.938290
 Choroid Plexus         cisplatin_vs_control        3            5955               155                    1       1.695947e-05                           0                       0.25                                 0.25                  1                                    0.911913
 Choroid Plexus cisplatin_GENUS_vs_cisplatin        3            6953                72                    7       8.206677e-07                           0                       0.25                                 0.25                  0                                    0.900605
    Endothelial         cisplatin_vs_control        3            8371               233                   23       1.544855e-12                           0                       0.25                                 0.25                  0                                    0.992700
    Endothelial cisplatin_GENUS_vs_cisplatin        3            8084               121                    0       2.379013e-01                           0                       0.25                                 0.25                  0                                    0.973518
         Immune         cisplatin_vs_control        3            2022                54                    6       3.542294e-05                           0                       0.25                                 0.25                  0                                    0.954560
      Microglia         cisplatin_vs_control        3           10048               652                  101       1.121401e-13                           0                       0.25                                 0.25                  0                                    0.989565
      Microglia     control_GENUS_vs_control        3           10086                57                    1       5.351900e-06                           0                       0.25                                 0.25                  0                                    0.942969
      Microglia cisplatin_GENUS_vs_cisplatin        3            9233               138                   11       2.879788e-07                           0                       0.25                                 0.25                  0                                    0.962013
            OPC         cisplatin_vs_control        3            8220               130                    6       3.832627e-02                           0                       0.25                                 0.25                  0                                    0.993175
            OPC     control_GENUS_vs_control        3            8103                26                    1       3.265059e-02                           0                       0.25                                 0.25                  0                                    0.988685
Oligodendrocyte         cisplatin_vs_control        3            9963               812                  141       8.789251e-16                           0                       0.25                                 0.25                  0                                    0.990751
Oligodendrocyte     control_GENUS_vs_control        3            9837                49                    0       9.999512e-01                           0                       0.25                                 0.25                  0                                    0.959068
Oligodendrocyte cisplatin_GENUS_vs_cisplatin        3            9214               293                   36       2.294815e-12                           0                       0.25                                 0.25                  0                                    0.987500

===== TASK 4 DOX SUMMARY =====
  cell_type                           contrast  n_genes_described reference_library tested_library  inferential_test_performed                     reason
unannotated             doxorubicin_vs_control              16668        GSM8367861     GSM8367862                       False one_pooled_library_per_arm
unannotated doxorubicin_ACY1083_vs_doxorubicin              17867        GSM8367862     GSM8367863                       False one_pooled_library_per_arm
{'n_supported_rows_all_genes': 292, 'n_supported_unique_genes_all': 266, 'median_abs_log2FC_supported_rows_all_genes': 0.7423859477427446, 'n_supported_rows_in_1500_universe': 80, 'n_supported_unique_genes_in_1500_universe': 69, 'median_abs_log2FC_supported_rows_in_1500_universe': 0.9808300113324678, 'median_of_per_gene_max_abs_log2FC_all': 0.7401869795822678, 'median_of_per_gene_max_abs_log2FC_in_1500_universe': 0.9952179284199364, 'quartiles_abs_log2FC_supported_rows_all_genes': [0.5692872936028686, 0.7423859477427446, 1.0764791266672646], 'delta_grid': [0.25, 0.5, 1.0, 2.0], 'support_rule': 'wald_padj < 0.05 and all three paired log2CPM differences share the sign of log2FoldChange', 'pydeseq2_outputs': 'runs\\peerreview_20261003\\pseudobulk_task4', 'median_abs_log2FC_supported_rows_all_genes_grid_position': {'nearest_grid_value': 0.5, 'between': [0.5, 1.0]}, 'median_abs_log2FC_supported_rows_in_1500_universe_grid_position': {'nearest_grid_value': 1.0, 'between': [0.5, 1.0]}}
