incomplete specific_d1_rf0.3
incomplete specific_d2_rf1.0
incomplete specific_d2_rf0.3
incomplete mixed_d0.25_rf1.0
incomplete mixed_d0.25_rf0.3
incomplete mixed_d0.5_rf1.0
incomplete mixed_d0.5_rf0.3
incomplete mixed_d1_rf1.0
incomplete mixed_d1_rf0.3
incomplete mixed_d2_rf1.0
incomplete mixed_d2_rf0.3
              config scenario  delta  responder_fraction  true_shared_energy_fraction  true_shared_trace_fraction  F_sh_mean  F_sh_sd  F_sh_min  F_sh_max  F_sh_dox_mean  F_sh_cis_mean  test_mse_mean  shared_AU_mean  dox_AU_mean  cis_AU_mean  shared_KL_mean  dox_KL_mean  cis_KL_mean  F_sh_range  mean_cross_seed_cka_bg  mean_cross_seed_cka_drug  mean_cross_seed_cka_shared
                null     null   0.00                 NaN                          NaN                         NaN   0.791959 0.082144  0.705402  0.868831       0.698493       0.913366       0.163392        0.333333          0.0          0.0        0.007183     0.000980     0.002701    0.163429                0.625708                  0.373425                    0.138933
  shared_d0.25_rf1.0   shared   0.25                 1.0                          1.0                         1.0   0.931631 0.022363  0.911159  0.955497       0.885021       0.975706       0.162911        0.333333          0.0          0.0        0.012447     0.000742     0.001836    0.044338                0.702200                  0.226594                    0.049127
  shared_d0.25_rf0.3   shared   0.25                 0.3                          1.0                         1.0   0.747872 0.314391  0.388619  0.972714       0.583515       0.915120       0.162882        0.333333          0.0          0.0        0.011743     0.001404     0.002590    0.584095                0.709621                  0.557666                    0.093322
   shared_d0.5_rf1.0   shared   0.50                 1.0                          1.0                         1.0   0.774594 0.063772  0.717244  0.843270       0.559831       0.908798       0.162711        0.000000          0.0          0.0        0.005120     0.000692     0.001959    0.126026                0.702818                  0.371171                    0.274420
   shared_d0.5_rf0.3   shared   0.50                 0.3                          1.0                         1.0   0.755845 0.228450  0.492304  0.897568       0.800277       0.804632       0.162676        0.000000          0.0          0.0        0.006123     0.000434     0.004555    0.405264                0.687501                  0.279563                    0.116107
     shared_d1_rf1.0   shared   1.00                 1.0                          1.0                         1.0   0.933677 0.035570  0.895043  0.965070       0.795828       0.959163       0.162491        0.333333          0.0          0.0        0.013216     0.000586     0.002219    0.070026                0.714207                  0.324004                    0.150217
     shared_d1_rf0.3   shared   1.00                 0.3                          1.0                         1.0   0.833117 0.048953  0.804075  0.889636       0.641096       0.941238       0.162259        0.000000          0.0          0.0        0.005821     0.001067     0.001331    0.085561                0.723134                  0.298719                    0.290989
     shared_d2_rf1.0   shared   2.00                 1.0                          1.0                         1.0   0.897530 0.040699  0.871560  0.944435       0.796010       0.959340       0.162644        0.000000          0.0          0.0        0.012852     0.001139     0.001909    0.072875                0.698879                  0.152207                    0.093471
     shared_d2_rf0.3   shared   2.00                 0.3                          1.0                         1.0   0.818574 0.043471  0.780353  0.865864       0.811850       0.877691       0.162185        0.000000          0.0          0.0        0.004946     0.000589     0.001817    0.085512                0.759713                  0.377069                    0.125208
specific_d0.25_rf1.0 specific   0.25                 1.0                          0.0                         0.0   0.683869 0.202762  0.474275  0.879027       0.630327       0.770724       0.163149        0.000000          0.0          0.0        0.005766     0.001193     0.002334    0.404752                0.654667                  0.387543                    0.218244
specific_d0.25_rf0.3 specific   0.25                 0.3                          0.0                         0.0   0.894080 0.075581  0.839683  0.980381       0.769879       0.952397       0.162929        1.000000          0.0          0.0        0.024356     0.001251     0.003226    0.140698                0.738171                  0.220163                    0.246959
 specific_d0.5_rf1.0 specific   0.50                 1.0                          0.0                         0.0   0.929255 0.024890  0.909965  0.957351       0.909502       0.947862       0.162846        0.333333          0.0          0.0        0.008522     0.000308     0.001706    0.047386                0.688243                  0.256539                    0.229535
 specific_d0.5_rf0.3 specific   0.50                 0.3                          0.0                         0.0   0.849536 0.200996  0.617510  0.970268       0.683207       0.912571       0.162686        0.333333          0.0          0.0        0.014145     0.000970     0.001397    0.352757                0.704751                  0.339279                    0.132405
   specific_d1_rf1.0 specific   1.00                 1.0                          0.0                         0.0   0.919158 0.055199  0.858137  0.965616       0.784849       0.969393       0.162595        0.333333          0.0          0.0        0.015034     0.000831     0.001681    0.107479                0.702421                  0.363624                    0.101727
              config  responder_fraction  delta scenario  shared_vs_S_hits  shared_vs_S_precision  shared_vs_S_recall  cis_vs_A_hits  cis_vs_A_precision  cis_vs_A_recall  dox_vs_B_hits  dox_vs_B_precision  dox_vs_B_recall  shared_top_n_AB_genes  cis_top_n_S_genes  dox_top_n_S_genes  cis_top_n_B_genes  dox_top_n_A_genes  list_size_shared  list_size_dox  list_size_cis
                null                 NaN   0.00     null                 2               0.071429               0.050              2            0.090909            0.050              1            0.041667            0.025                      0                  0                  0                  0                  1                28             24             22
  shared_d0.25_rf1.0                 1.0   0.25   shared                 1               0.043478               0.025              3            0.187500            0.075              0            0.000000            0.000                      2                  0                  0                  1                  0                23             20             16
  shared_d0.25_rf0.3                 0.3   0.25   shared                 0               0.000000               0.000              1            0.037037            0.025              2            0.095238            0.050                      0                  0                  0                  1                  1                25             21             27
   shared_d0.5_rf1.0                 1.0   0.50   shared                 2               0.071429               0.050              1            0.076923            0.025              1            0.038462            0.025                      0                  0                  0                  0                  1                28             26             13
   shared_d0.5_rf0.3                 0.3   0.50   shared                 2               0.071429               0.050              0            0.000000            0.000              1            0.040000            0.025                      0                  0                  0                  0                  1                28             25             22
     shared_d1_rf1.0                 1.0   1.00   shared                 1               0.035714               0.025              1            0.066667            0.025              0            0.000000            0.000                      3                  0                  1                  0                  1                28             20             15
     shared_d1_rf0.3                 0.3   1.00   shared                 1               0.041667               0.025              1            0.055556            0.025              0            0.000000            0.000                      2                  1                  0                  0                  1                24             24             18
     shared_d2_rf1.0                 1.0   2.00   shared                 0               0.000000               0.000              1            0.090909            0.025              0            0.000000            0.000                      2                  0                  1                  0                  2                27             23             11
     shared_d2_rf0.3                 0.3   2.00   shared                 1               0.045455               0.025              1            0.043478            0.025              0            0.000000            0.000                      1                  1                  1                  0                  0                22             19             23
specific_d0.25_rf1.0                 1.0   0.25 specific                 1               0.040000               0.025              1            0.038462            0.025              1            0.037037            0.025                      0                  1                  0                  0                  2                25             27             26
specific_d0.25_rf0.3                 0.3   0.25 specific                 2               0.076923               0.050              1            0.047619            0.025              0            0.000000            0.000                      1                  1                  1                  0                  1                26             28             21
 specific_d0.5_rf1.0                 1.0   0.50 specific                 2               0.071429               0.050              1            0.052632            0.025              0            0.000000            0.000                      1                  2                  1                  0                  0                28             22             19
 specific_d0.5_rf0.3                 0.3   0.50 specific                 0               0.000000               0.000              1            0.047619            0.025              1            0.037037            0.025                      1                  0                  1                  0                  1                25             27             21
   specific_d1_rf1.0                 1.0   1.00 specific                 1               0.052632               0.025              0            0.000000            0.000              0            0.000000            0.000                      0                  1                  1                  0                  0                19             24             19
Empty DataFrame
Columns: []
Index: []
