Global seed set to 0
D:\chemobrain-contrastive-main\chemobrain-contrastive\.venv-mgvi\Lib\site-packages\pytorch_lightning\utilities\warnings.py:53: LightningDeprecationWarning: pytorch_lightning.utilities.warnings.rank_zero_deprecation has been deprecated in v1.6 and will be removed in v1.8. Use the equivalent function from the pytorch_lightning.utilities.rank_zero module instead.
  new_rank_zero_deprecation(
D:\chemobrain-contrastive-main\chemobrain-contrastive\.venv-mgvi\Lib\site-packages\pytorch_lightning\utilities\warnings.py:58: LightningDeprecationWarning: The `pytorch_lightning.loggers.base.rank_zero_experiment` is deprecated in v1.7 and will be removed in v1.9. Please use `pytorch_lightning.loggers.logger.rank_zero_experiment` instead.
  return new_rank_zero_deprecation(*args, **kwargs)
Global seed set to 0
INFO     multigroup_vi: The model has been initialized                         
GPU available: False, used: False
TPU available: False, using: 0 TPU cores
IPU available: False, using: 0 IPUs
HPU available: False, using: 0 HPUs
Training:   0%|          | 0/2 [00:00<?, ?it/s]Epoch 1/2:   0%|          | 0/2 [00:00<?, ?it/s]D:\chemobrain-contrastive-main\chemobrain-contrastive\.venv-mgvi\Lib\site-packages\pytorch_lightning\utilities\data.py:98: UserWarning: Trying to infer the `batch_size` from an ambiguous collection. The batch size we found is 128. To avoid any miscalculations, use `self.log(..., batch_size=batch_size)`.
  warning_cache.warn(
D:\chemobrain-contrastive-main\chemobrain-contrastive\.venv-mgvi\Lib\site-packages\pytorch_lightning\utilities\data.py:98: UserWarning: Trying to infer the `batch_size` from an ambiguous collection. The batch size we found is 12. To avoid any miscalculations, use `self.log(..., batch_size=batch_size)`.
  warning_cache.warn(
Epoch 1/2:  50%|#####     | 1/2 [00:01<00:01,  1.65s/it]Epoch 1/2:  50%|#####     | 1/2 [00:01<00:01,  1.65s/it, loss=2.93e+03, v_num=1]Epoch 2/2:  50%|#####     | 1/2 [00:01<00:01,  1.65s/it, loss=2.93e+03, v_num=1]Epoch 2/2: 100%|##########| 2/2 [00:03<00:00,  1.64s/it, loss=2.93e+03, v_num=1]Epoch 2/2: 100%|##########| 2/2 [00:03<00:00,  1.64s/it, loss=1.57e+03, v_num=1]`Trainer.fit` stopped: `max_epochs=2` reached.
Epoch 2/2: 100%|##########| 2/2 [00:03<00:00,  1.64s/it, loss=1.57e+03, v_num=1]
INFO     Input AnnData not setup with scvi-tools. attempting to transfer       
         AnnData setup                                                         
{'method': 'multiGroupVI', 'seed': 0, 'epochs_run': 3, 'n_train': 6000, 'n_test': 2881, 'modeled_gene_log_mse': 2.606539011001587, 'canonical_log_mse': 0.40543705224990845, 'shared_study_balanced_accuracy': 0.9735304387059767, 'shared_condition_balanced_accuracy': 0.6371008757575516, 'shared_treatment_probe_cisplatin_within_GSE216146_balanced_accuracy': 0.6576138716356108, 'shared_treatment_probe_doxorubicin_within_GSE271055_balanced_accuracy': 0.5697594032106368, 'private_gated_study_balanced_accuracy': 0.9894384758484418, 'private_gated_condition_balanced_accuracy': 0.9993662864385299, 'private_gated_treatment_probe_cisplatin_within_GSE216146_balanced_accuracy': 0.99875, 'private_gated_treatment_probe_doxorubicin_within_GSE271055_balanced_accuracy': 0.9995247148288973, 'private_ungated_study_balanced_accuracy': 0.9935337375880977, 'private_ungated_condition_balanced_accuracy': 0.6967755842448785, 'private_ungated_treatment_probe_cisplatin_within_GSE216146_balanced_accuracy': 0.7878674948240165, 'private_ungated_treatment_probe_doxorubicin_within_GSE271055_balanced_accuracy': 0.5862838527640897, 'shared__all_test__active_units_var_gt_0p01': 10, 'shared__all_test__dims_kl_gt_0p01': 10, 'shared__all_test__total_kl_nats': 15.318565997909948, 'shared__all_test__n_dims': 10, 'shared__treated_test__active_units_var_gt_0p01': 10, 'shared__treated_test__dims_kl_gt_0p01': 10, 'shared__treated_test__total_kl_nats': 13.870957877888376, 'shared__treated_test__n_dims': 10, 'private_control__control_test__active_units_var_gt_0p01': 10, 'private_control__control_test__dims_kl_gt_0p01': 10, 'private_control__control_test__total_kl_nats': 30.06149174100295, 'private_control__control_test__n_dims': 10, 'private_cisplatin__cisplatin_test__active_units_var_gt_0p01': 10, 'private_cisplatin__cisplatin_test__dims_kl_gt_0p01': 10, 'private_cisplatin__cisplatin_test__total_kl_nats': 59.839934092897494, 'private_cisplatin__cisplatin_test__n_dims': 10, 'private_doxorubicin__doxorubicin_test__active_units_var_gt_0p01': 10, 'private_doxorubicin__doxorubicin_test__dims_kl_gt_0p01': 10, 'private_doxorubicin__doxorubicin_test__total_kl_nats': 14.421138228715556, 'private_doxorubicin__doxorubicin_test__n_dims': 10, 'fit_seconds': 6.062954425811768, 'threads': 3}
