              config set       block  n_set_in_top50_input_mean_difference  median_rank_input_mean_difference  n_set_in_top50_IG  median_rank_IG  bg_condition_probe  shared_ungated_condition_probe  drug_ungated_condition_probe
                null   S      shared                                     2                              692.0                  4           869.0            0.409042                        0.505622                      0.615380
                null   A   cisplatin                                     2                              880.5                  2           552.5            0.409042                        0.505622                      0.615380
                null   B doxorubicin                                     1                              692.0                  2           649.0            0.409042                        0.505622                      0.615380
  shared_d0.25_rf1.0   S      shared                                     6                              735.0                  3           752.5            0.510852                        0.486976                      0.600110
  shared_d0.25_rf1.0   A   cisplatin                                     2                              877.0                  2           599.0            0.510852                        0.486976                      0.600110
  shared_d0.25_rf1.0   B doxorubicin                                     1                              694.5                  1           675.0            0.510852                        0.486976                      0.600110
  shared_d0.25_rf0.3   S      shared                                     3                              783.5                  3           800.5            0.449323                        0.513386                      0.601761
  shared_d0.25_rf0.3   A   cisplatin                                     2                              878.0                  1           677.5            0.449323                        0.513386                      0.601761
  shared_d0.25_rf0.3   B doxorubicin                                     1                              696.5                  0           649.5            0.449323                        0.513386                      0.601761
   shared_d0.5_rf1.0   S      shared                                    10                              339.5                  2           812.5            0.436187                        0.526821                      0.599520
   shared_d0.5_rf1.0   A   cisplatin                                     2                              881.5                  3           827.0            0.436187                        0.526821                      0.599520
   shared_d0.5_rf1.0   B doxorubicin                                     1                              697.5                  0           657.0            0.436187                        0.526821                      0.599520
   shared_d0.5_rf0.3   S      shared                                     4                              758.5                  4           871.0            0.511892                        0.426834                      0.602298
   shared_d0.5_rf0.3   A   cisplatin                                     2                              876.0                  0           756.5            0.511892                        0.426834                      0.602298
   shared_d0.5_rf0.3   B doxorubicin                                     1                              695.0                  1           711.5            0.511892                        0.426834                      0.602298
     shared_d1_rf1.0   S      shared                                    18                              109.0                  2           913.5            0.461726                        0.425281                      0.598392
     shared_d1_rf1.0   A   cisplatin                                     1                              881.5                  2           687.5            0.461726                        0.425281                      0.598392
     shared_d1_rf1.0   B doxorubicin                                     0                              700.0                  2           658.0            0.461726                        0.425281                      0.598392
     shared_d1_rf0.3   S      shared                                     5                              653.0                  2           940.0            0.466939                        0.423091                      0.618531
     shared_d1_rf0.3   A   cisplatin                                     2                              879.5                  0           666.5            0.466939                        0.423091                      0.618531
     shared_d1_rf0.3   B doxorubicin                                     1                              694.0                  1           734.5            0.466939                        0.423091                      0.618531
     shared_d2_rf1.0   S      shared                                    20                               53.0                  0           945.0            0.432324                        0.457054                      0.594932
     shared_d2_rf1.0   A   cisplatin                                     1                              878.0                  1           676.5            0.432324                        0.457054                      0.594932
     shared_d2_rf1.0   B doxorubicin                                     0                              704.0                  0           788.0            0.432324                        0.457054                      0.594932
     shared_d2_rf0.3   S      shared                                    10                              336.5                  1           809.0            0.467078                        0.555182                      0.620506
     shared_d2_rf0.3   A   cisplatin                                     2                              876.0                  0           639.0            0.467078                        0.555182                      0.620506
     shared_d2_rf0.3   B doxorubicin                                     1                              696.0                  2           784.5            0.467078                        0.555182                      0.620506
specific_d0.25_rf1.0   S      shared                                     1                              693.0                  3           883.5            0.492025                        0.424347                      0.617395
specific_d0.25_rf1.0   A   cisplatin                                     5                              628.5                  3           580.5            0.492025                        0.424347                      0.617395
specific_d0.25_rf1.0   B doxorubicin                                     7                              744.5                  0           685.5            0.492025                        0.424347                      0.617395
specific_d0.25_rf0.3   S      shared                                     2                              688.0                  3           827.0            0.503138                        0.471081                      0.626888
specific_d0.25_rf0.3   A   cisplatin                                     2                              968.0                  1           549.5            0.503138                        0.471081                      0.626888
specific_d0.25_rf0.3   B doxorubicin                                     3                              697.5                  0           812.5            0.503138                        0.471081                      0.626888
 specific_d0.5_rf1.0   S      shared                                     1                              703.0                  2           768.5            0.489124                        0.440312                      0.609180
 specific_d0.5_rf1.0   A   cisplatin                                     8                              417.0                  2           787.0            0.489124                        0.440312                      0.609180
 specific_d0.5_rf1.0   B doxorubicin                                     9                              549.5                  2           712.5            0.489124                        0.440312                      0.609180
 specific_d0.5_rf0.3   S      shared                                     2                              686.5                  2           815.0            0.443572                        0.503408                      0.616738
 specific_d0.5_rf0.3   A   cisplatin                                     4                              683.0                  1           605.0            0.443572                        0.503408                      0.616738
 specific_d0.5_rf0.3   B doxorubicin                                     4                              582.0                  0           694.0            0.443572                        0.503408                      0.616738
   specific_d1_rf1.0   S      shared                                     1                              711.5                  2           830.0            0.527112                        0.496741                      0.597442
   specific_d1_rf1.0   A   cisplatin                                    13                              206.5                  1           692.5            0.527112                        0.496741                      0.597442
   specific_d1_rf1.0   B doxorubicin                                    12                              404.0                  1           712.5            0.527112                        0.496741                      0.597442
   specific_d1_rf0.3   S      shared                                     2                              691.5                  2           761.5            0.482785                        0.496811                      0.581645
   specific_d1_rf0.3   A   cisplatin                                     6                              661.5                  1           803.5            0.482785                        0.496811                      0.581645
   specific_d1_rf0.3   B doxorubicin                                     7                              726.0                  1           831.5            0.482785                        0.496811                      0.581645
   specific_d2_rf1.0   S      shared                                     1                              713.0                  4           885.0            0.469922                        0.541490                      0.606931
   specific_d2_rf1.0   A   cisplatin                                    17                               86.0                  1           964.0            0.469922                        0.541490                      0.606931
   specific_d2_rf1.0   B doxorubicin                                    14                              211.0                  1           861.5            0.469922                        0.541490                      0.606931
   specific_d2_rf0.3   S      shared                                     1                              695.0                  3           740.0            0.427659                        0.478682                      0.607507
   specific_d2_rf0.3   A   cisplatin                                     8                              484.0                  0           866.0            0.427659                        0.478682                      0.607507
   specific_d2_rf0.3   B doxorubicin                                     7                              557.0                  2           903.0            0.427659                        0.478682                      0.607507
   mixed_d0.25_rf1.0   S      shared                                     6                              738.5                  2           712.0            0.457909                        0.450662                      0.623037
   mixed_d0.25_rf1.0   A   cisplatin                                     4                              669.0                  1           607.5            0.457909                        0.450662                      0.623037
   mixed_d0.25_rf1.0   B doxorubicin                                     7                              611.5                  1           783.0            0.457909                        0.450662                      0.623037
   mixed_d0.25_rf0.3   S      shared                                     3                              781.0                  2           794.5            0.506439                        0.606605                      0.579123
   mixed_d0.25_rf0.3   A   cisplatin                                     3                              889.0                  3           739.5            0.506439                        0.606605                      0.579123
   mixed_d0.25_rf0.3   B doxorubicin                                     2                              732.0                  0           833.5            0.506439                        0.606605                      0.579123
    mixed_d0.5_rf1.0   S      shared                                    10                              354.0                  3           847.5            0.475072                        0.477539                      0.602381
    mixed_d0.5_rf1.0   A   cisplatin                                     8                              406.0                  1           725.5            0.475072                        0.477539                      0.602381
    mixed_d0.5_rf1.0   B doxorubicin                                     8                              611.5                  1           741.5            0.475072                        0.477539                      0.602381
    mixed_d0.5_rf0.3   S      shared                                     4                              755.5                  1           739.0            0.442596                        0.502517                      0.563416
    mixed_d0.5_rf0.3   A   cisplatin                                     4                              797.5                  2           571.5            0.442596                        0.502517                      0.563416
    mixed_d0.5_rf0.3   B doxorubicin                                     5                              636.0                  1           740.5            0.442596                        0.502517                      0.563416
      mixed_d1_rf1.0   S      shared                                    16                              135.5                  2           840.0            0.451803                        0.470290                      0.626093
      mixed_d1_rf1.0   A   cisplatin                                    12                              215.0                  2           719.5            0.451803                        0.470290                      0.626093
      mixed_d1_rf1.0   B doxorubicin                                    11                              359.0                  1           801.5            0.451803                        0.470290                      0.626093
      mixed_d1_rf0.3   S      shared                                     5                              652.0                  4           699.0            0.508204                        0.518459                      0.603358
      mixed_d1_rf0.3   A   cisplatin                                     5                              674.0                  2           719.5            0.508204                        0.518459                      0.603358
      mixed_d1_rf0.3   B doxorubicin                                     5                              709.0                  1           825.5            0.508204                        0.518459                      0.603358
      mixed_d2_rf1.0   S      shared                                    19                               81.5                  1           891.0            0.496763                        0.461168                      0.563568
      mixed_d2_rf1.0   A   cisplatin                                    17                              106.5                  1           901.5            0.496763                        0.461168                      0.563568
      mixed_d2_rf1.0   B doxorubicin                                    13                              247.5                  1           856.0            0.496763                        0.461168                      0.563568
      mixed_d2_rf0.3   S      shared                                    10                              347.5                  3           865.5            0.465247                        0.510841                      0.596233
      mixed_d2_rf0.3   A   cisplatin                                     7                              476.0                  0           916.5            0.465247                        0.510841                      0.596233
      mixed_d2_rf0.3   B doxorubicin                                     7                              562.0                  1           802.0            0.465247                        0.510841                      0.596233
