Collecting scvi-tools==0.18.0
  Downloading scvi_tools-0.18.0-py3-none-any.whl.metadata (7.9 kB)
Collecting protobuf<=3.20.1
  Downloading protobuf-3.20.1-py2.py3-none-any.whl.metadata (720 bytes)
Collecting scanpy>=1.8.1
  Downloading scanpy-1.12.4-py3-none-any.whl.metadata (8.5 kB)
Collecting anndata>=0.7.5 (from scvi-tools==0.18.0)
  Downloading anndata-0.13.4-py3-none-any.whl.metadata (7.2 kB)
Collecting docrep>=0.3.2 (from scvi-tools==0.18.0)
  Using cached docrep-0.3.2-py3-none-any.whl
Collecting flax (from scvi-tools==0.18.0)
  Downloading flax-0.12.10-py3-none-any.whl.metadata (11 kB)
Collecting h5py>=2.9.0 (from scvi-tools==0.18.0)
  Using cached h5py-3.16.0-cp312-cp312-win_amd64.whl.metadata (3.1 kB)
Collecting ipywidgets (from scvi-tools==0.18.0)
  Downloading ipywidgets-8.1.9-py3-none-any.whl.metadata (2.4 kB)
Collecting jax>=0.3 (from scvi-tools==0.18.0)
  Downloading jax-0.11.2-py3-none-any.whl.metadata (13 kB)
Collecting jaxlib (from scvi-tools==0.18.0)
  Downloading jaxlib-0.11.2-cp312-cp312-win_amd64.whl.metadata (1.4 kB)
Collecting ml-collections>=0.1.1 (from scvi-tools==0.18.0)
  Using cached ml_collections-1.1.0-py3-none-any.whl.metadata (22 kB)
Collecting mudata>=0.1.2 (from scvi-tools==0.18.0)
  Using cached mudata-0.4.1-py3-none-any.whl.metadata (10 kB)
Collecting numpy>=1.17.0 (from scvi-tools==0.18.0)
  Using cached numpy-2.5.3-cp312-cp312-win_amd64.whl.metadata (6.6 kB)
Collecting numpyro (from scvi-tools==0.18.0)
  Downloading numpyro-0.22.0-py3-none-any.whl.metadata (36 kB)
Collecting openpyxl>=3.0 (from scvi-tools==0.18.0)
  Using cached openpyxl-3.1.5-py2.py3-none-any.whl.metadata (2.5 kB)
Collecting optax (from scvi-tools==0.18.0)
  Downloading optax-0.2.8-py3-none-any.whl.metadata (7.9 kB)
Collecting pandas>=1.0 (from scvi-tools==0.18.0)
  Using cached pandas-3.0.6-cp312-cp312-win_amd64.whl.metadata (19 kB)
Collecting pyro-ppl>=1.6.0 (from scvi-tools==0.18.0)
  Using cached pyro_ppl-1.9.2-py3-none-any.whl.metadata (6.5 kB)
Collecting pytorch-lightning<1.8,>=1.6.0 (from scvi-tools==0.18.0)
  Downloading pytorch_lightning-1.7.7-py3-none-any.whl.metadata (27 kB)
WARNING: Ignoring version 1.7.7 of pytorch-lightning since it has invalid metadata:
Requested pytorch-lightning<1.8,>=1.6.0 from https://files.pythonhosted.org/packages/00/eb/3b2152f9c3a50d265f3e75529254228ace8a86e9a4397f3004f1e3be7825/pytorch_lightning-1.7.7-py3-none-any.whl (from scvi-tools==0.18.0) has invalid metadata: .* suffix can only be used with `==` or `!=` operators
    torch (>=1.9.*)
           ~~~~~~^
Please use pip<24.1 if you need to use this version.
  Downloading pytorch_lightning-1.7.6-py3-none-any.whl.metadata (27 kB)
WARNING: Ignoring version 1.7.6 of pytorch-lightning since it has invalid metadata:
Requested pytorch-lightning<1.8,>=1.6.0 from https://files.pythonhosted.org/packages/f2/22/37c64bd5b426297c71ecbb01ec2d340f013556a973a2cd6cd0aa68cda1ab/pytorch_lightning-1.7.6-py3-none-any.whl (from scvi-tools==0.18.0) has invalid metadata: .* suffix can only be used with `==` or `!=` operators
    torch (>=1.9.*)
           ~~~~~~^
Please use pip<24.1 if you need to use this version.
  Downloading pytorch_lightning-1.7.5-py3-none-any.whl.metadata (27 kB)
WARNING: Ignoring version 1.7.5 of pytorch-lightning since it has invalid metadata:
Requested pytorch-lightning<1.8,>=1.6.0 from https://files.pythonhosted.org/packages/d5/9a/de6c20adf8d2a82b322dbe4d7b59266006bc28f53e67d634ecced1eac6c2/pytorch_lightning-1.7.5-py3-none-any.whl (from scvi-tools==0.18.0) has invalid metadata: .* suffix can only be used with `==` or `!=` operators
    torch (>=1.9.*)
           ~~~~~~^
Please use pip<24.1 if you need to use this version.
  Downloading pytorch_lightning-1.7.4-py3-none-any.whl.metadata (27 kB)
WARNING: Ignoring version 1.7.4 of pytorch-lightning since it has invalid metadata:
Requested pytorch-lightning<1.8,>=1.6.0 from https://files.pythonhosted.org/packages/00/81/40691de5585926a5fe08ee6cac78ae219837948c9dd44a5680221ad9dd4a/pytorch_lightning-1.7.4-py3-none-any.whl (from scvi-tools==0.18.0) has invalid metadata: .* suffix can only be used with `==` or `!=` operators
    torch (>=1.9.*)
           ~~~~~~^
Please use pip<24.1 if you need to use this version.
  Downloading pytorch_lightning-1.7.3-py3-none-any.whl.metadata (27 kB)
WARNING: Ignoring version 1.7.3 of pytorch-lightning since it has invalid metadata:
Requested pytorch-lightning<1.8,>=1.6.0 from https://files.pythonhosted.org/packages/00/df/6a62b9e0d0ccf2be3e20d8735f63596ff06b8db8f4f4d043d3d8874c1572/pytorch_lightning-1.7.3-py3-none-any.whl (from scvi-tools==0.18.0) has invalid metadata: .* suffix can only be used with `==` or `!=` operators
    torch (>=1.9.*)
           ~~~~~~^
Please use pip<24.1 if you need to use this version.
  Downloading pytorch_lightning-1.7.2-py3-none-any.whl.metadata (27 kB)
WARNING: Ignoring version 1.7.2 of pytorch-lightning since it has invalid metadata:
Requested pytorch-lightning<1.8,>=1.6.0 from https://files.pythonhosted.org/packages/a1/37/40a0ade0d4bf9abcdae109ec6f306be0e5a8d5d19ae8adce811cbcacedce/pytorch_lightning-1.7.2-py3-none-any.whl (from scvi-tools==0.18.0) has invalid metadata: .* suffix can only be used with `==` or `!=` operators
    torch (>=1.9.*)
           ~~~~~~^
Please use pip<24.1 if you need to use this version.
  Downloading pytorch_lightning-1.7.1-py3-none-any.whl.metadata (27 kB)
WARNING: Ignoring version 1.7.1 of pytorch-lightning since it has invalid metadata:
Requested pytorch-lightning<1.8,>=1.6.0 from https://files.pythonhosted.org/packages/e4/6f/45345dd52cd24b31dc86d1b0695e2f87dbcf19ec7db8163c18850a1cf7af/pytorch_lightning-1.7.1-py3-none-any.whl (from scvi-tools==0.18.0) has invalid metadata: .* suffix can only be used with `==` or `!=` operators
    torch (>=1.9.*)
           ~~~~~~^
Please use pip<24.1 if you need to use this version.
  Downloading pytorch_lightning-1.7.0-py3-none-any.whl.metadata (27 kB)
WARNING: Ignoring version 1.7.0 of pytorch-lightning since it has invalid metadata:
Requested pytorch-lightning<1.8,>=1.6.0 from https://files.pythonhosted.org/packages/2f/07/57fd85991eec4311b9945369158bca1322f801686d701322a65789852d46/pytorch_lightning-1.7.0-py3-none-any.whl (from scvi-tools==0.18.0) has invalid metadata: .* suffix can only be used with `==` or `!=` operators
    torch (>=1.9.*)
           ~~~~~~^
Please use pip<24.1 if you need to use this version.
  Downloading pytorch_lightning-1.6.5.post0-py3-none-any.whl.metadata (31 kB)
Collecting rich>=9.1.0 (from scvi-tools==0.18.0)
  Using cached rich-15.0.0-py3-none-any.whl.metadata (18 kB)
Collecting scikit-learn>=0.21.2 (from scvi-tools==0.18.0)
  Using cached scikit_learn-1.9.1-cp312-cp312-win_amd64.whl.metadata (9.3 kB)
Collecting torch>=1.8.0 (from scvi-tools==0.18.0)
  Downloading torch-2.14.1-cp312-cp312-win_amd64.whl.metadata (38 kB)
Collecting torchmetrics>=0.6.0 (from scvi-tools==0.18.0)
  Using cached torchmetrics-1.9.0-py3-none-any.whl.metadata (23 kB)
Collecting tqdm>=4.56.0 (from scvi-tools==0.18.0)
  Using cached tqdm-4.70.1-py3-none-any.whl.metadata (57 kB)
Collecting pytorch-lightning<1.8,>=1.6.0 (from scvi-tools==0.18.0)
  Using cached pytorch_lightning-1.7.7-py3-none-any.whl.metadata (27 kB)
WARNING: Ignoring version 1.7.7 of pytorch-lightning since it has invalid metadata:
Requested pytorch-lightning<1.8,>=1.6.0 from https://files.pythonhosted.org/packages/00/eb/3b2152f9c3a50d265f3e75529254228ace8a86e9a4397f3004f1e3be7825/pytorch_lightning-1.7.7-py3-none-any.whl (from scvi-tools==0.18.0) has invalid metadata: .* suffix can only be used with `==` or `!=` operators
    torch (>=1.9.*)
           ~~~~~~^
Please use pip<24.1 if you need to use this version.
  Using cached pytorch_lightning-1.7.6-py3-none-any.whl.metadata (27 kB)
WARNING: Ignoring version 1.7.6 of pytorch-lightning since it has invalid metadata:
Requested pytorch-lightning<1.8,>=1.6.0 from https://files.pythonhosted.org/packages/f2/22/37c64bd5b426297c71ecbb01ec2d340f013556a973a2cd6cd0aa68cda1ab/pytorch_lightning-1.7.6-py3-none-any.whl (from scvi-tools==0.18.0) has invalid metadata: .* suffix can only be used with `==` or `!=` operators
    torch (>=1.9.*)
           ~~~~~~^
Please use pip<24.1 if you need to use this version.
  Using cached pytorch_lightning-1.7.5-py3-none-any.whl.metadata (27 kB)
WARNING: Ignoring version 1.7.5 of pytorch-lightning since it has invalid metadata:
Requested pytorch-lightning<1.8,>=1.6.0 from https://files.pythonhosted.org/packages/d5/9a/de6c20adf8d2a82b322dbe4d7b59266006bc28f53e67d634ecced1eac6c2/pytorch_lightning-1.7.5-py3-none-any.whl (from scvi-tools==0.18.0) has invalid metadata: .* suffix can only be used with `==` or `!=` operators
    torch (>=1.9.*)
           ~~~~~~^
Please use pip<24.1 if you need to use this version.
  Using cached pytorch_lightning-1.7.4-py3-none-any.whl.metadata (27 kB)
WARNING: Ignoring version 1.7.4 of pytorch-lightning since it has invalid metadata:
Requested pytorch-lightning<1.8,>=1.6.0 from https://files.pythonhosted.org/packages/00/81/40691de5585926a5fe08ee6cac78ae219837948c9dd44a5680221ad9dd4a/pytorch_lightning-1.7.4-py3-none-any.whl (from scvi-tools==0.18.0) has invalid metadata: .* suffix can only be used with `==` or `!=` operators
    torch (>=1.9.*)
           ~~~~~~^
Please use pip<24.1 if you need to use this version.
  Using cached pytorch_lightning-1.7.3-py3-none-any.whl.metadata (27 kB)
WARNING: Ignoring version 1.7.3 of pytorch-lightning since it has invalid metadata:
Requested pytorch-lightning<1.8,>=1.6.0 from https://files.pythonhosted.org/packages/00/df/6a62b9e0d0ccf2be3e20d8735f63596ff06b8db8f4f4d043d3d8874c1572/pytorch_lightning-1.7.3-py3-none-any.whl (from scvi-tools==0.18.0) has invalid metadata: .* suffix can only be used with `==` or `!=` operators
    torch (>=1.9.*)
           ~~~~~~^
Please use pip<24.1 if you need to use this version.
  Using cached pytorch_lightning-1.7.2-py3-none-any.whl.metadata (27 kB)
WARNING: Ignoring version 1.7.2 of pytorch-lightning since it has invalid metadata:
Requested pytorch-lightning<1.8,>=1.6.0 from https://files.pythonhosted.org/packages/a1/37/40a0ade0d4bf9abcdae109ec6f306be0e5a8d5d19ae8adce811cbcacedce/pytorch_lightning-1.7.2-py3-none-any.whl (from scvi-tools==0.18.0) has invalid metadata: .* suffix can only be used with `==` or `!=` operators
    torch (>=1.9.*)
           ~~~~~~^
Please use pip<24.1 if you need to use this version.
  Using cached pytorch_lightning-1.7.1-py3-none-any.whl.metadata (27 kB)
WARNING: Ignoring version 1.7.1 of pytorch-lightning since it has invalid metadata:
Requested pytorch-lightning<1.8,>=1.6.0 from https://files.pythonhosted.org/packages/e4/6f/45345dd52cd24b31dc86d1b0695e2f87dbcf19ec7db8163c18850a1cf7af/pytorch_lightning-1.7.1-py3-none-any.whl (from scvi-tools==0.18.0) has invalid metadata: .* suffix can only be used with `==` or `!=` operators
    torch (>=1.9.*)
           ~~~~~~^
Please use pip<24.1 if you need to use this version.
  Using cached pytorch_lightning-1.7.0-py3-none-any.whl.metadata (27 kB)
WARNING: Ignoring version 1.7.0 of pytorch-lightning since it has invalid metadata:
Requested pytorch-lightning<1.8,>=1.6.0 from https://files.pythonhosted.org/packages/2f/07/57fd85991eec4311b9945369158bca1322f801686d701322a65789852d46/pytorch_lightning-1.7.0-py3-none-any.whl (from scvi-tools==0.18.0) has invalid metadata: .* suffix can only be used with `==` or `!=` operators
    torch (>=1.9.*)
           ~~~~~~^
Please use pip<24.1 if you need to use this version.
Collecting PyYAML>=5.4 (from pytorch-lightning<1.8,>=1.6.0->scvi-tools==0.18.0)
  Using cached pyyaml-6.0.3-cp312-cp312-win_amd64.whl.metadata (2.4 kB)
Collecting fsspec!=2021.06.0,>=2021.05.0 (from fsspec[http]!=2021.06.0,>=2021.05.0->pytorch-lightning<1.8,>=1.6.0->scvi-tools==0.18.0)
  Downloading fsspec-2026.9.0-py3-none-any.whl.metadata (10 kB)
Collecting tensorboard>=2.2.0 (from pytorch-lightning<1.8,>=1.6.0->scvi-tools==0.18.0)
  Using cached tensorboard-2.21.0-py3-none-any.whl.metadata (1.8 kB)
Collecting pyDeprecate>=0.3.1 (from pytorch-lightning<1.8,>=1.6.0->scvi-tools==0.18.0)
  Downloading pydeprecate-0.13.0-py3-none-any.whl.metadata (107 kB)
Collecting packaging>=17.0 (from pytorch-lightning<1.8,>=1.6.0->scvi-tools==0.18.0)
  Using cached packaging-26.3-py3-none-any.whl.metadata (3.5 kB)
Collecting typing-extensions>=4.0.0 (from pytorch-lightning<1.8,>=1.6.0->scvi-tools==0.18.0)
  Using cached typing_extensions-4.16.0-py3-none-any.whl.metadata (3.3 kB)
Collecting certifi (from scanpy>=1.8.1)
  Using cached certifi-2026.7.22-py3-none-any.whl.metadata (2.5 kB)
Collecting fast-array-utils>=1.4 (from fast-array-utils[accel,sparse]>=1.4->scanpy>=1.8.1)
  Downloading fast_array_utils-1.5.1-py3-none-any.whl.metadata (2.8 kB)
Collecting joblib (from scanpy>=1.8.1)
  Using cached joblib-1.6.0-py3-none-any.whl.metadata (6.5 kB)
Collecting legacy-api-wrap>=1.5 (from scanpy>=1.8.1)
  Using cached legacy_api_wrap-1.5-py3-none-any.whl.metadata (2.2 kB)
Collecting matplotlib>=3.10 (from scanpy>=1.8.1)
  Using cached matplotlib-3.11.2-cp312-cp312-win_amd64.whl.metadata (80 kB)
Collecting natsort (from scanpy>=1.8.1)
  Using cached natsort-8.4.0-py3-none-any.whl.metadata (21 kB)
Collecting networkx>=2.8.8 (from scanpy>=1.8.1)
  Downloading networkx-3.7-py3-none-any.whl.metadata (6.7 kB)
Collecting numba>=0.60 (from scanpy>=1.8.1)
  Downloading numba-0.68.0-cp312-cp312-win_amd64.whl.metadata (2.9 kB)
Collecting patsy (from scanpy>=1.8.1)
  Using cached patsy-1.0.3-py2.py3-none-any.whl.metadata (3.7 kB)
Collecting pynndescent>=0.5.13 (from scanpy>=1.8.1)
  Using cached pynndescent-0.6.0-py3-none-any.whl.metadata (6.9 kB)
Collecting scipy>=1.13 (from scanpy>=1.8.1)
  Using cached scipy-1.18.1-cp312-cp312-win_amd64.whl.metadata (61 kB)
Collecting scverse-misc>=0.0.6 (from scanpy>=1.8.1)
  Using cached scverse_misc-0.1.6-py3-none-any.whl.metadata (4.9 kB)
Collecting seaborn>=0.13.2 (from scanpy>=1.8.1)
  Using cached seaborn-0.13.2-py3-none-any.whl.metadata (5.4 kB)
Collecting session-info2 (from scanpy>=1.8.1)
  Using cached session_info2-0.4.2-py3-none-any.whl.metadata (2.4 kB)
Collecting statsmodels>=0.14.5 (from scanpy>=1.8.1)
  Using cached statsmodels-0.15.0-cp312-cp312-win_amd64.whl.metadata (9.6 kB)
Collecting umap-learn>=0.5.12 (from scanpy>=1.8.1)
  Using cached umap_learn-0.5.12-py3-none-any.whl.metadata (24 kB)
Collecting array-api-compat>=1.7.1 (from anndata>=0.7.5->scvi-tools==0.18.0)
  Using cached array_api_compat-1.15.0-py3-none-any.whl.metadata (1.4 kB)
Collecting zarr>=3.1 (from anndata>=0.7.5->scvi-tools==0.18.0)
  Using cached zarr-3.4.0-py3-none-any.whl.metadata (5.8 kB)
Collecting six (from docrep>=0.3.2->scvi-tools==0.18.0)
  Using cached six-1.17.0-py2.py3-none-any.whl.metadata (1.7 kB)
Collecting aiohttp!=4.0.0a0,!=4.0.0a1 (from fsspec[http]!=2021.06.0,>=2021.05.0->pytorch-lightning<1.8,>=1.6.0->scvi-tools==0.18.0)
  Using cached aiohttp-3.14.3-cp312-cp312-win_amd64.whl.metadata (8.5 kB)
Collecting aiohappyeyeballs>=2.5.0 (from aiohttp!=4.0.0a0,!=4.0.0a1->fsspec[http]!=2021.06.0,>=2021.05.0->pytorch-lightning<1.8,>=1.6.0->scvi-tools==0.18.0)
  Using cached aiohappyeyeballs-2.7.1-py3-none-any.whl.metadata (5.9 kB)
Collecting aiosignal>=1.4.0 (from aiohttp!=4.0.0a0,!=4.0.0a1->fsspec[http]!=2021.06.0,>=2021.05.0->pytorch-lightning<1.8,>=1.6.0->scvi-tools==0.18.0)
  Using cached aiosignal-1.4.0-py3-none-any.whl.metadata (3.7 kB)
Collecting attrs>=17.3.0 (from aiohttp!=4.0.0a0,!=4.0.0a1->fsspec[http]!=2021.06.0,>=2021.05.0->pytorch-lightning<1.8,>=1.6.0->scvi-tools==0.18.0)
  Using cached attrs-26.1.0-py3-none-any.whl.metadata (8.8 kB)
Collecting frozenlist>=1.1.1 (from aiohttp!=4.0.0a0,!=4.0.0a1->fsspec[http]!=2021.06.0,>=2021.05.0->pytorch-lightning<1.8,>=1.6.0->scvi-tools==0.18.0)
  Using cached frozenlist-1.8.0-cp312-cp312-win_amd64.whl.metadata (21 kB)
Collecting multidict<7.0,>=4.5 (from aiohttp!=4.0.0a0,!=4.0.0a1->fsspec[http]!=2021.06.0,>=2021.05.0->pytorch-lightning<1.8,>=1.6.0->scvi-tools==0.18.0)
  Using cached multidict-6.9.1-cp312-cp312-win_amd64.whl.metadata (5.4 kB)
Collecting propcache>=0.2.0 (from aiohttp!=4.0.0a0,!=4.0.0a1->fsspec[http]!=2021.06.0,>=2021.05.0->pytorch-lightning<1.8,>=1.6.0->scvi-tools==0.18.0)
  Using cached propcache-0.5.4-cp312-cp312-win_amd64.whl.metadata (25 kB)
Collecting yarl<2.0,>=1.17.0 (from aiohttp!=4.0.0a0,!=4.0.0a1->fsspec[http]!=2021.06.0,>=2021.05.0->pytorch-lightning<1.8,>=1.6.0->scvi-tools==0.18.0)
  Using cached yarl-1.25.1-cp312-cp312-win_amd64.whl.metadata (115 kB)
Collecting idna>=2.0 (from yarl<2.0,>=1.17.0->aiohttp!=4.0.0a0,!=4.0.0a1->fsspec[http]!=2021.06.0,>=2021.05.0->pytorch-lightning<1.8,>=1.6.0->scvi-tools==0.18.0)
  Using cached idna-3.20-py3-none-any.whl.metadata (7.2 kB)
Collecting ml_dtypes>=0.5.0 (from jax>=0.3->scvi-tools==0.18.0)
  Downloading ml_dtypes-0.6.0-cp312-cp312-win_amd64.whl.metadata (8.8 kB)
Collecting opt_einsum (from jax>=0.3->scvi-tools==0.18.0)
  Using cached opt_einsum-3.4.0-py3-none-any.whl.metadata (6.3 kB)
Collecting contourpy>=1.0.1 (from matplotlib>=3.10->scanpy>=1.8.1)
  Using cached contourpy-1.4.0-cp312-cp312-win_amd64.whl.metadata (3.8 kB)
Collecting cycler>=0.10 (from matplotlib>=3.10->scanpy>=1.8.1)
  Using cached cycler-0.12.1-py3-none-any.whl.metadata (3.8 kB)
Collecting fonttools>=4.28.2 (from matplotlib>=3.10->scanpy>=1.8.1)
  Downloading fonttools-4.66.1-cp312-cp312-win_amd64.whl.metadata (132 kB)
Collecting kiwisolver>=1.3.1 (from matplotlib>=3.10->scanpy>=1.8.1)
  Using cached kiwisolver-1.5.1-cp312-cp312-win_amd64.whl.metadata (5.2 kB)
Collecting pillow>=9 (from matplotlib>=3.10->scanpy>=1.8.1)
  Using cached pillow-12.3.0-cp312-cp312-win_amd64.whl.metadata (9.3 kB)
Collecting pyparsing>=3 (from matplotlib>=3.10->scanpy>=1.8.1)
  Downloading pyparsing-3.3.3-py3-none-any.whl.metadata (5.9 kB)
Collecting python-dateutil>=2.7 (from matplotlib>=3.10->scanpy>=1.8.1)
  Using cached python_dateutil-2.9.0.post0-py2.py3-none-any.whl.metadata (8.4 kB)
Collecting absl-py (from ml-collections>=0.1.1->scvi-tools==0.18.0)
  Using cached absl_py-2.5.0-py3-none-any.whl.metadata (3.3 kB)
Collecting llvmlite<0.51,>=0.50.0dev0 (from numba>=0.60->scanpy>=1.8.1)
  Downloading llvmlite-0.50.0-cp312-cp312-win_amd64.whl.metadata (5.2 kB)
Collecting et-xmlfile (from openpyxl>=3.0->scvi-tools==0.18.0)
  Using cached et_xmlfile-2.0.0-py3-none-any.whl.metadata (2.7 kB)
Collecting tzdata (from pandas>=1.0->scvi-tools==0.18.0)
  Using cached tzdata-2026.5-py2.py3-none-any.whl.metadata (1.4 kB)
Collecting cloudpickle>=3.0 (from joblib->scanpy>=1.8.1)
  Using cached cloudpickle-3.1.2-py3-none-any.whl.metadata (7.1 kB)
Collecting pyro-api>=0.1.1 (from pyro-ppl>=1.6.0->scvi-tools==0.18.0)
  Using cached pyro_api-0.1.2-py3-none-any.whl.metadata (2.5 kB)
Collecting markdown-it-py>=2.2.0 (from rich>=9.1.0->scvi-tools==0.18.0)
  Using cached markdown_it_py-4.2.0-py3-none-any.whl.metadata (7.4 kB)
Collecting pygments<3.0.0,>=2.13.0 (from rich>=9.1.0->scvi-tools==0.18.0)
  Using cached pygments-2.21.0-py3-none-any.whl.metadata (2.5 kB)
Collecting mdurl~=0.1 (from markdown-it-py>=2.2.0->rich>=9.1.0->scvi-tools==0.18.0)
  Using cached mdurl-0.1.2-py3-none-any.whl.metadata (1.6 kB)
Collecting narwhals>=2.0.1 (from scikit-learn>=0.21.2->scvi-tools==0.18.0)
  Using cached narwhals-2.26.0-py3-none-any.whl.metadata (15 kB)
Collecting threadpoolctl>=3.5.0 (from scikit-learn>=0.21.2->scvi-tools==0.18.0)
  Using cached threadpoolctl-3.7.0-py3-none-any.whl.metadata (24 kB)
Collecting pydantic-settings (from scverse-misc[settings]>=0.1.0->anndata>=0.7.5->scvi-tools==0.18.0)
  Using cached pydantic_settings-2.15.0-py3-none-any.whl.metadata (3.9 kB)
Collecting python-dotenv (from scverse-misc[settings]>=0.1.0->anndata>=0.7.5->scvi-tools==0.18.0)
  Using cached python_dotenv-1.2.4-py3-none-any.whl.metadata (29 kB)
Collecting formulaic>=1.1.0 (from statsmodels>=0.14.5->scanpy>=1.8.1)
  Using cached formulaic-1.2.2-py3-none-any.whl.metadata (7.0 kB)
Collecting interface-meta>=1.2.0 (from formulaic>=1.1.0->statsmodels>=0.14.5->scanpy>=1.8.1)
  Using cached interface_meta-2.0.1-py3-none-any.whl.metadata (6.4 kB)
Collecting wrapt>=1.0 (from formulaic>=1.1.0->statsmodels>=0.14.5->scanpy>=1.8.1)
  Downloading wrapt-2.5.0-cp312-cp312-win_amd64.whl.metadata (7.7 kB)
Collecting grpcio<2.0,>=1.74.0 (from tensorboard>=2.2.0->pytorch-lightning<1.8,>=1.6.0->scvi-tools==0.18.0)
  Using cached grpcio-1.84.0-cp312-cp312-win_amd64.whl.metadata (3.9 kB)
Collecting markdown>=2.6.8 (from tensorboard>=2.2.0->pytorch-lightning<1.8,>=1.6.0->scvi-tools==0.18.0)
  Using cached markdown-3.11-py3-none-any.whl.metadata (5.1 kB)
INFO: pip is looking at multiple versions of tensorboard to determine which version is compatible with other requirements. This could take a while.
Collecting tensorboard>=2.2.0 (from pytorch-lightning<1.8,>=1.6.0->scvi-tools==0.18.0)
  Downloading tensorboard-2.20.0-py3-none-any.whl.metadata (1.8 kB)
Collecting setuptools>=41.0.0 (from tensorboard>=2.2.0->pytorch-lightning<1.8,>=1.6.0->scvi-tools==0.18.0)
  Using cached setuptools-84.0.0-py3-none-any.whl.metadata (6.6 kB)
Collecting tensorboard-data-server<0.8.0,>=0.7.0 (from tensorboard>=2.2.0->pytorch-lightning<1.8,>=1.6.0->scvi-tools==0.18.0)
  Using cached tensorboard_data_server-0.7.2-py3-none-any.whl.metadata (1.1 kB)
Collecting werkzeug>=1.0.1 (from tensorboard>=2.2.0->pytorch-lightning<1.8,>=1.6.0->scvi-tools==0.18.0)
  Using cached werkzeug-3.1.9-py3-none-any.whl.metadata (4.1 kB)
Collecting filelock (from torch>=1.8.0->scvi-tools==0.18.0)
  Downloading filelock-4.0.10-py3-none-any.whl.metadata (2.0 kB)
Collecting sympy>=1.13.3 (from torch>=1.8.0->scvi-tools==0.18.0)
  Downloading sympy-1.14.0-py3-none-any.whl.metadata (12 kB)
Collecting jinja2 (from torch>=1.8.0->scvi-tools==0.18.0)
  Downloading jinja2-3.1.6-py3-none-any.whl.metadata (2.9 kB)
Collecting mpmath<1.4,>=1.1.0 (from sympy>=1.13.3->torch>=1.8.0->scvi-tools==0.18.0)
  Using cached mpmath-1.3.0-py3-none-any.whl.metadata (8.6 kB)
Collecting lightning-utilities>=0.15.3 (from torchmetrics>=0.6.0->scvi-tools==0.18.0)
  Using cached lightning_utilities-0.15.3-py3-none-any.whl.metadata (5.5 kB)
Collecting colorama (from tqdm>=4.56.0->scvi-tools==0.18.0)
  Downloading colorama-0.4.6-py2.py3-none-any.whl.metadata (17 kB)
Collecting markupsafe>=2.1.1 (from werkzeug>=1.0.1->tensorboard>=2.2.0->pytorch-lightning<1.8,>=1.6.0->scvi-tools==0.18.0)
  Downloading markupsafe-3.0.4-cp312-cp312-win_amd64.whl.metadata (2.8 kB)
Collecting donfig>=0.8 (from zarr>=3.1->anndata>=0.7.5->scvi-tools==0.18.0)
  Using cached donfig-0.8.1.post1-py3-none-any.whl.metadata (5.0 kB)
Collecting google-crc32c>=1.5 (from zarr>=3.1->anndata>=0.7.5->scvi-tools==0.18.0)
  Downloading google_crc32c-1.9.0-cp312-cp312-win_amd64.whl.metadata (2.2 kB)
Collecting msgspec>=0.19 (from zarr>=3.1->anndata>=0.7.5->scvi-tools==0.18.0)
  Downloading msgspec-0.22.0-cp312-cp312-win_amd64.whl.metadata (6.1 kB)
Collecting numcodecs>=0.14 (from zarr>=3.1->anndata>=0.7.5->scvi-tools==0.18.0)
  Using cached numcodecs-0.17.0-cp312-cp312-win_amd64.whl.metadata (3.2 kB)
Collecting msgpack (from flax->scvi-tools==0.18.0)
  Downloading msgpack-1.2.3-cp312-cp312-win_amd64.whl.metadata (8.5 kB)
Collecting orbax-checkpoint (from flax->scvi-tools==0.18.0)
  Downloading orbax_checkpoint-0.12.6-py3-none-any.whl.metadata (3.3 kB)
Collecting tensorstore (from flax->scvi-tools==0.18.0)
  Downloading tensorstore-0.1.85-cp312-cp312-win_amd64.whl.metadata (3.3 kB)
Collecting treescope>=0.1.7 (from flax->scvi-tools==0.18.0)
  Downloading treescope-0.1.10-py3-none-any.whl.metadata (6.6 kB)
Collecting comm>=0.1.3 (from ipywidgets->scvi-tools==0.18.0)
  Downloading comm-0.2.3-py3-none-any.whl.metadata (3.7 kB)
Collecting ipython>=6.1.0 (from ipywidgets->scvi-tools==0.18.0)
  Downloading ipython-9.17.1-py3-none-any.whl.metadata (4.6 kB)
Collecting traitlets>=4.3.1 (from ipywidgets->scvi-tools==0.18.0)
  Downloading traitlets-5.16.1-py3-none-any.whl.metadata (10 kB)
Collecting widgetsnbextension~=4.0.16 (from ipywidgets->scvi-tools==0.18.0)
  Downloading widgetsnbextension-4.0.16-py3-none-any.whl.metadata (1.6 kB)
Collecting jupyterlab_widgets~=3.0.17 (from ipywidgets->scvi-tools==0.18.0)
  Downloading jupyterlab_widgets-3.0.17-py3-none-any.whl.metadata (20 kB)
Collecting ipython-pygments-lexers>=1.0.0 (from ipython>=6.1.0->ipywidgets->scvi-tools==0.18.0)
  Downloading ipython_pygments_lexers-1.1.1-py3-none-any.whl.metadata (1.1 kB)
Collecting jedi>=0.18.2 (from ipython>=6.1.0->ipywidgets->scvi-tools==0.18.0)
  Downloading jedi-0.20.0-py2.py3-none-any.whl.metadata (23 kB)
Collecting matplotlib-inline>=0.1.6 (from ipython>=6.1.0->ipywidgets->scvi-tools==0.18.0)
  Downloading matplotlib_inline-0.2.2-py3-none-any.whl.metadata (2.4 kB)
Collecting prompt_toolkit<3.1.0,>=3.0.41 (from ipython>=6.1.0->ipywidgets->scvi-tools==0.18.0)
  Downloading prompt_toolkit-3.0.53-py3-none-any.whl.metadata (6.4 kB)
Collecting psutil>=7 (from ipython>=6.1.0->ipywidgets->scvi-tools==0.18.0)
  Downloading psutil-7.2.2-cp37-abi3-win_amd64.whl.metadata (22 kB)
Collecting stack_data>=0.6.0 (from ipython>=6.1.0->ipywidgets->scvi-tools==0.18.0)
  Downloading stack_data-0.6.3-py3-none-any.whl.metadata (18 kB)
Collecting wcwidth>=0.1.4 (from prompt_toolkit<3.1.0,>=3.0.41->ipython>=6.1.0->ipywidgets->scvi-tools==0.18.0)
  Downloading wcwidth-0.9.1-cp310-abi3-win_amd64.whl.metadata (24 kB)
Collecting parso<0.9.0,>=0.8.6 (from jedi>=0.18.2->ipython>=6.1.0->ipywidgets->scvi-tools==0.18.0)
  Downloading parso-0.8.7-py2.py3-none-any.whl.metadata (8.2 kB)
Collecting executing>=1.2.0 (from stack_data>=0.6.0->ipython>=6.1.0->ipywidgets->scvi-tools==0.18.0)
  Downloading executing-2.2.1-py2.py3-none-any.whl.metadata (8.9 kB)
Collecting asttokens>=2.1.0 (from stack_data>=0.6.0->ipython>=6.1.0->ipywidgets->scvi-tools==0.18.0)
  Downloading asttokens-3.0.2-py3-none-any.whl.metadata (5.7 kB)
Collecting pure-eval (from stack_data>=0.6.0->ipython>=6.1.0->ipywidgets->scvi-tools==0.18.0)
  Downloading pure_eval-0.2.4-py3-none-any.whl.metadata (6.4 kB)
Collecting multipledispatch (from numpyro->scvi-tools==0.18.0)
  Downloading multipledispatch-1.0.0-py3-none-any.whl.metadata (3.8 kB)
Collecting etils[epath,epy] (from orbax-checkpoint->flax->scvi-tools==0.18.0)
  Downloading etils-1.14.0-py3-none-any.whl.metadata (6.5 kB)
Collecting prometheus-client>=0.20.0 (from orbax-checkpoint->flax->scvi-tools==0.18.0)
  Downloading prometheus_client-0.26.0-py3-none-any.whl.metadata (2.1 kB)
Collecting aiofiles (from orbax-checkpoint->flax->scvi-tools==0.18.0)
  Downloading aiofiles-25.1.0-py3-none-any.whl.metadata (6.3 kB)
Collecting humanize (from orbax-checkpoint->flax->scvi-tools==0.18.0)
  Downloading humanize-4.16.0-py3-none-any.whl.metadata (8.0 kB)
Collecting simplejson>=3.16.0 (from orbax-checkpoint->flax->scvi-tools==0.18.0)
  Downloading simplejson-4.2.0-cp312-cp312-win_amd64.whl.metadata (3.9 kB)
Collecting nest_asyncio (from orbax-checkpoint->flax->scvi-tools==0.18.0)
  Downloading nest_asyncio-1.6.0-py3-none-any.whl.metadata (2.8 kB)
Collecting zipp (from etils[epath,epy]->orbax-checkpoint->flax->scvi-tools==0.18.0)
  Downloading zipp-4.1.1-py3-none-any.whl.metadata (3.6 kB)
Collecting pydantic>=2.7.0 (from pydantic-settings->scverse-misc[settings]>=0.1.0->anndata>=0.7.5->scvi-tools==0.18.0)
  Using cached pydantic-2.13.5-py3-none-any.whl.metadata (110 kB)
Collecting typing-inspection>=0.4.0 (from pydantic-settings->scverse-misc[settings]>=0.1.0->anndata>=0.7.5->scvi-tools==0.18.0)
  Using cached typing_inspection-0.4.4-py3-none-any.whl.metadata (2.6 kB)
Collecting annotated-types>=0.6.0 (from pydantic>=2.7.0->pydantic-settings->scverse-misc[settings]>=0.1.0->anndata>=0.7.5->scvi-tools==0.18.0)
  Using cached annotated_types-0.8.0-py3-none-any.whl.metadata (15 kB)
Collecting pydantic-core==2.46.5 (from pydantic>=2.7.0->pydantic-settings->scverse-misc[settings]>=0.1.0->anndata>=0.7.5->scvi-tools==0.18.0)
  Using cached pydantic_core-2.46.5-cp312-cp312-win_amd64.whl.metadata (6.7 kB)
Downloading scvi_tools-0.18.0-py3-none-any.whl (290 kB)
Downloading protobuf-3.20.1-py2.py3-none-any.whl (162 kB)
Downloading pytorch_lightning-1.6.5.post0-py3-none-any.whl (585 kB)
   ---------------------------------------- 585.9/585.9 kB 10.4 MB/s  0:00:00
Downloading scanpy-1.12.4-py3-none-any.whl (2.2 MB)
   ---------------------------------------- 2.2/2.2 MB 40.3 MB/s  0:00:00
Downloading anndata-0.13.4-py3-none-any.whl (190 kB)
Using cached array_api_compat-1.15.0-py3-none-any.whl (79 kB)
Downloading fast_array_utils-1.5.1-py3-none-any.whl (40 kB)
Downloading fsspec-2026.9.0-py3-none-any.whl (221 kB)
Using cached aiohttp-3.14.3-cp312-cp312-win_amd64.whl (476 kB)
Using cached multidict-6.9.1-cp312-cp312-win_amd64.whl (59 kB)
Using cached yarl-1.25.1-cp312-cp312-win_amd64.whl (102 kB)
Using cached aiohappyeyeballs-2.7.1-py3-none-any.whl (15 kB)
Using cached aiosignal-1.4.0-py3-none-any.whl (7.5 kB)
Using cached attrs-26.1.0-py3-none-any.whl (67 kB)
Using cached frozenlist-1.8.0-cp312-cp312-win_amd64.whl (44 kB)
Using cached h5py-3.16.0-cp312-cp312-win_amd64.whl (3.2 MB)
Using cached idna-3.20-py3-none-any.whl (69 kB)
Downloading jax-0.11.2-py3-none-any.whl (3.3 MB)
   ---------------------------------------- 3.3/3.3 MB 28.3 MB/s  0:00:00
Downloading jaxlib-0.11.2-cp312-cp312-win_amd64.whl (73.6 MB)
   ---------------------------------------- 73.6/73.6 MB 41.5 MB/s  0:00:01
Using cached legacy_api_wrap-1.5-py3-none-any.whl (10 kB)
Using cached matplotlib-3.11.2-cp312-cp312-win_amd64.whl (9.3 MB)
Using cached contourpy-1.4.0-cp312-cp312-win_amd64.whl (234 kB)
Using cached cycler-0.12.1-py3-none-any.whl (8.3 kB)
Downloading fonttools-4.66.1-cp312-cp312-win_amd64.whl (2.5 MB)
   ---------------------------------------- 2.5/2.5 MB 28.5 MB/s  0:00:00
Using cached kiwisolver-1.5.1-cp312-cp312-win_amd64.whl (70 kB)
Using cached ml_collections-1.1.0-py3-none-any.whl (76 kB)
Downloading ml_dtypes-0.6.0-cp312-cp312-win_amd64.whl (439 kB)
Using cached mudata-0.4.1-py3-none-any.whl (43 kB)
Downloading networkx-3.7-py3-none-any.whl (2.1 MB)
   ---------------------------------------- 2.1/2.1 MB 40.9 MB/s  0:00:00
Downloading numba-0.68.0-cp312-cp312-win_amd64.whl (2.8 MB)
   ---------------------------------------- 2.8/2.8 MB 32.9 MB/s  0:00:00
Downloading llvmlite-0.50.0-cp312-cp312-win_amd64.whl (41.9 MB)
   ---------------------------------------- 41.9/41.9 MB 41.6 MB/s  0:00:01
Using cached numpy-2.5.3-cp312-cp312-win_amd64.whl (12.6 MB)
Using cached openpyxl-3.1.5-py2.py3-none-any.whl (250 kB)
Using cached packaging-26.3-py3-none-any.whl (129 kB)
Using cached pandas-3.0.6-cp312-cp312-win_amd64.whl (9.7 MB)
Using cached pillow-12.3.0-cp312-cp312-win_amd64.whl (7.2 MB)
Using cached propcache-0.5.4-cp312-cp312-win_amd64.whl (46 kB)
Downloading pydeprecate-0.13.0-py3-none-any.whl (203 kB)
Using cached pynndescent-0.6.0-py3-none-any.whl (73 kB)
Using cached joblib-1.6.0-py3-none-any.whl (306 kB)
Using cached cloudpickle-3.1.2-py3-none-any.whl (22 kB)
Downloading pyparsing-3.3.3-py3-none-any.whl (126 kB)
Using cached pyro_ppl-1.9.2-py3-none-any.whl (760 kB)
Using cached opt_einsum-3.4.0-py3-none-any.whl (71 kB)
Using cached pyro_api-0.1.2-py3-none-any.whl (11 kB)
Using cached python_dateutil-2.9.0.post0-py2.py3-none-any.whl (229 kB)
Using cached pyyaml-6.0.3-cp312-cp312-win_amd64.whl (154 kB)
Using cached rich-15.0.0-py3-none-any.whl (310 kB)
Using cached pygments-2.21.0-py3-none-any.whl (1.3 MB)
Using cached markdown_it_py-4.2.0-py3-none-any.whl (91 kB)
Using cached mdurl-0.1.2-py3-none-any.whl (10.0 kB)
Using cached scikit_learn-1.9.1-cp312-cp312-win_amd64.whl (8.3 MB)
Using cached narwhals-2.26.0-py3-none-any.whl (474 kB)
Using cached scipy-1.18.1-cp312-cp312-win_amd64.whl (36.7 MB)
Using cached scverse_misc-0.1.6-py3-none-any.whl (28 kB)
Using cached seaborn-0.13.2-py3-none-any.whl (294 kB)
Using cached six-1.17.0-py2.py3-none-any.whl (11 kB)
Using cached statsmodels-0.15.0-cp312-cp312-win_amd64.whl (11.3 MB)
Using cached formulaic-1.2.2-py3-none-any.whl (118 kB)
Using cached interface_meta-2.0.1-py3-none-any.whl (15 kB)
Using cached patsy-1.0.3-py2.py3-none-any.whl (233 kB)
Downloading tensorboard-2.20.0-py3-none-any.whl (5.5 MB)
   ---------------------------------------- 5.5/5.5 MB 37.6 MB/s  0:00:00
Using cached tensorboard_data_server-0.7.2-py3-none-any.whl (2.4 kB)
Using cached absl_py-2.5.0-py3-none-any.whl (137 kB)
Using cached grpcio-1.84.0-cp312-cp312-win_amd64.whl (5.3 MB)
Using cached typing_extensions-4.16.0-py3-none-any.whl (45 kB)
Using cached markdown-3.11-py3-none-any.whl (111 kB)
Using cached setuptools-84.0.0-py3-none-any.whl (818 kB)
Using cached threadpoolctl-3.7.0-py3-none-any.whl (26 kB)
Downloading torch-2.14.1-cp312-cp312-win_amd64.whl (124.1 MB)
   ---------------------------------------- 124.1/124.1 MB 42.9 MB/s  0:00:02
Downloading sympy-1.14.0-py3-none-any.whl (6.3 MB)
   ---------------------------------------- 6.3/6.3 MB 48.3 MB/s  0:00:00
Using cached mpmath-1.3.0-py3-none-any.whl (536 kB)
Using cached torchmetrics-1.9.0-py3-none-any.whl (983 kB)
Using cached lightning_utilities-0.15.3-py3-none-any.whl (31 kB)
Using cached tqdm-4.70.1-py3-none-any.whl (80 kB)
Using cached umap_learn-0.5.12-py3-none-any.whl (91 kB)
Using cached werkzeug-3.1.9-py3-none-any.whl (228 kB)
Downloading markupsafe-3.0.4-cp312-cp312-win_amd64.whl (14 kB)
Downloading wrapt-2.5.0-cp312-cp312-win_amd64.whl (105 kB)
Using cached zarr-3.4.0-py3-none-any.whl (376 kB)
Using cached donfig-0.8.1.post1-py3-none-any.whl (21 kB)
Downloading google_crc32c-1.9.0-cp312-cp312-win_amd64.whl (35 kB)
Downloading msgspec-0.22.0-cp312-cp312-win_amd64.whl (192 kB)
Using cached numcodecs-0.17.0-cp312-cp312-win_amd64.whl (1.5 MB)
Using cached certifi-2026.7.22-py3-none-any.whl (136 kB)
Downloading colorama-0.4.6-py2.py3-none-any.whl (25 kB)
Using cached et_xmlfile-2.0.0-py3-none-any.whl (18 kB)
Downloading filelock-4.0.10-py3-none-any.whl (111 kB)
Downloading flax-0.12.10-py3-none-any.whl (532 kB)
   ---------------------------------------- 532.5/532.5 kB 18.0 MB/s  0:00:00
Downloading treescope-0.1.10-py3-none-any.whl (182 kB)
Downloading ipywidgets-8.1.9-py3-none-any.whl (140 kB)
Downloading jupyterlab_widgets-3.0.17-py3-none-any.whl (217 kB)
Downloading widgetsnbextension-4.0.16-py3-none-any.whl (2.2 MB)
   ---------------------------------------- 2.2/2.2 MB 41.8 MB/s  0:00:00
Downloading comm-0.2.3-py3-none-any.whl (7.3 kB)
Downloading ipython-9.17.1-py3-none-any.whl (639 kB)
   ---------------------------------------- 639.0/639.0 kB 23.6 MB/s  0:00:00
Downloading prompt_toolkit-3.0.53-py3-none-any.whl (392 kB)
Downloading ipython_pygments_lexers-1.1.1-py3-none-any.whl (8.1 kB)
Downloading jedi-0.20.0-py2.py3-none-any.whl (4.9 MB)
   ---------------------------------------- 4.9/4.9 MB 42.4 MB/s  0:00:00
Downloading parso-0.8.7-py2.py3-none-any.whl (107 kB)
Downloading matplotlib_inline-0.2.2-py3-none-any.whl (9.5 kB)
Downloading psutil-7.2.2-cp37-abi3-win_amd64.whl (137 kB)
Downloading stack_data-0.6.3-py3-none-any.whl (24 kB)
Downloading asttokens-3.0.2-py3-none-any.whl (28 kB)
Downloading executing-2.2.1-py2.py3-none-any.whl (28 kB)
Downloading traitlets-5.16.1-py3-none-any.whl (86 kB)
Downloading wcwidth-0.9.1-cp310-abi3-win_amd64.whl (596 kB)
   ---------------------------------------- 596.7/596.7 kB 20.9 MB/s  0:00:00
Downloading jinja2-3.1.6-py3-none-any.whl (134 kB)
Downloading msgpack-1.2.3-cp312-cp312-win_amd64.whl (76 kB)
Using cached natsort-8.4.0-py3-none-any.whl (38 kB)
Downloading numpyro-0.22.0-py3-none-any.whl (444 kB)
Downloading multipledispatch-1.0.0-py3-none-any.whl (12 kB)
Downloading optax-0.2.8-py3-none-any.whl (402 kB)
Downloading orbax_checkpoint-0.12.6-py3-none-any.whl (1.4 MB)
   ---------------------------------------- 1.4/1.4 MB 23.9 MB/s  0:00:00
Downloading prometheus_client-0.26.0-py3-none-any.whl (64 kB)
Downloading simplejson-4.2.0-cp312-cp312-win_amd64.whl (93 kB)
Downloading tensorstore-0.1.85-cp312-cp312-win_amd64.whl (14.1 MB)
   ---------------------------------------- 14.1/14.1 MB 42.3 MB/s  0:00:00
Downloading aiofiles-25.1.0-py3-none-any.whl (14 kB)
Downloading etils-1.14.0-py3-none-any.whl (172 kB)
Downloading humanize-4.16.0-py3-none-any.whl (137 kB)
Downloading nest_asyncio-1.6.0-py3-none-any.whl (5.2 kB)
Downloading pure_eval-0.2.4-py3-none-any.whl (11 kB)
Using cached pydantic_settings-2.15.0-py3-none-any.whl (69 kB)
Using cached pydantic-2.13.5-py3-none-any.whl (472 kB)
Using cached pydantic_core-2.46.5-cp312-cp312-win_amd64.whl (2.0 MB)
Using cached annotated_types-0.8.0-py3-none-any.whl (13 kB)
Using cached python_dotenv-1.2.4-py3-none-any.whl (23 kB)
Using cached typing_inspection-0.4.4-py3-none-any.whl (14 kB)
Using cached session_info2-0.4.2-py3-none-any.whl (17 kB)
Using cached tzdata-2026.5-py2.py3-none-any.whl (347 kB)
Downloading zipp-4.1.1-py3-none-any.whl (10 kB)
Installing collected packages: pyro-api, pure-eval, multipledispatch, mpmath, zipp, wrapt, widgetsnbextension, wcwidth, tzdata, typing-extensions, traitlets, threadpoolctl, tensorboard-data-server, sympy, six, simplejson, setuptools, session-info2, PyYAML, python-dotenv, pyparsing, pygments, pyDeprecate, psutil, protobuf, propcache, prometheus-client, pillow, parso, packaging, opt_einsum, numpy, networkx, nest_asyncio, natsort, narwhals, multidict, msgspec, msgpack, mdurl, markupsafe, markdown, llvmlite, legacy-api-wrap, kiwisolver, jupyterlab_widgets, interface-meta, idna, humanize, google-crc32c, fsspec, frozenlist, fonttools, filelock, executing, etils, et-xmlfile, cycler, comm, colorama, cloudpickle, certifi, attrs, asttokens, array-api-compat, annotated-types, aiohappyeyeballs, aiofiles, absl-py, yarl, werkzeug, typing-inspection, treescope, tqdm, stack_data, scverse-misc, scipy, python-dateutil, pydantic-core, prompt_toolkit, patsy, openpyxl, numcodecs, numba, ml_dtypes, ml-collections, matplotlib-inline, markdown-it-py, lightning-utilities, joblib, jinja2, jedi, ipython-pygments-lexers, h5py, grpcio, fast-array-utils, donfig, docrep, contourpy, aiosignal, zarr, torch, tensorstore, tensorboard, scikit-learn, rich, pydantic, pandas, matplotlib, jaxlib, ipython, aiohttp, torchmetrics, seaborn, pyro-ppl, pynndescent, pydantic-settings, jax, ipywidgets, formulaic, umap-learn, statsmodels, pytorch-lightning, orbax-checkpoint, optax, numpyro, flax, anndata, scanpy, mudata, scvi-tools

Successfully installed PyYAML-6.0.3 absl-py-2.5.0 aiofiles-25.1.0 aiohappyeyeballs-2.7.1 aiohttp-3.14.3 aiosignal-1.4.0 anndata-0.13.4 annotated-types-0.8.0 array-api-compat-1.15.0 asttokens-3.0.2 attrs-26.1.0 certifi-2026.7.22 cloudpickle-3.1.2 colorama-0.4.6 comm-0.2.3 contourpy-1.4.0 cycler-0.12.1 docrep-0.3.2 donfig-0.8.1.post1 et-xmlfile-2.0.0 etils-1.14.0 executing-2.2.1 fast-array-utils-1.5.1 filelock-4.0.10 flax-0.12.10 fonttools-4.66.1 formulaic-1.2.2 frozenlist-1.8.0 fsspec-2026.9.0 google-crc32c-1.9.0 grpcio-1.84.0 h5py-3.16.0 humanize-4.16.0 idna-3.20 interface-meta-2.0.1 ipython-9.17.1 ipython-pygments-lexers-1.1.1 ipywidgets-8.1.9 jax-0.11.2 jaxlib-0.11.2 jedi-0.20.0 jinja2-3.1.6 joblib-1.6.0 jupyterlab_widgets-3.0.17 kiwisolver-1.5.1 legacy-api-wrap-1.5 lightning-utilities-0.15.3 llvmlite-0.50.0 markdown-3.11 markdown-it-py-4.2.0 markupsafe-3.0.4 matplotlib-3.11.2 matplotlib-inline-0.2.2 mdurl-0.1.2 ml-collections-1.1.0 ml_dtypes-0.6.0 mpmath-1.3.0 msgpack-1.2.3 msgspec-0.22.0 mudata-0.4.1 multidict-6.9.1 multipledispatch-1.0.0 narwhals-2.26.0 natsort-8.4.0 nest_asyncio-1.6.0 networkx-3.7 numba-0.68.0 numcodecs-0.17.0 numpy-2.5.3 numpyro-0.22.0 openpyxl-3.1.5 opt_einsum-3.4.0 optax-0.2.8 orbax-checkpoint-0.12.6 packaging-26.3 pandas-3.0.6 parso-0.8.7 patsy-1.0.3 pillow-12.3.0 prometheus-client-0.26.0 prompt_toolkit-3.0.53 propcache-0.5.4 protobuf-3.20.1 psutil-7.2.2 pure-eval-0.2.4 pyDeprecate-0.13.0 pydantic-2.13.5 pydantic-core-2.46.5 pydantic-settings-2.15.0 pygments-2.21.0 pynndescent-0.6.0 pyparsing-3.3.3 pyro-api-0.1.2 pyro-ppl-1.9.2 python-dateutil-2.9.0.post0 python-dotenv-1.2.4 pytorch-lightning-1.6.5.post0 rich-15.0.0 scanpy-1.12.4 scikit-learn-1.9.1 scipy-1.18.1 scverse-misc-0.1.6 scvi-tools-0.18.0 seaborn-0.13.2 session-info2-0.4.2 setuptools-84.0.0 simplejson-4.2.0 six-1.17.0 stack_data-0.6.3 statsmodels-0.15.0 sympy-1.14.0 tensorboard-2.20.0 tensorboard-data-server-0.7.2 tensorstore-0.1.85 threadpoolctl-3.7.0 torch-2.14.1 torchmetrics-1.9.0 tqdm-4.70.1 traitlets-5.16.1 treescope-0.1.10 typing-extensions-4.16.0 typing-inspection-0.4.4 tzdata-2026.5 umap-learn-0.5.12 wcwidth-0.9.1 werkzeug-3.1.9 widgetsnbextension-4.0.16 wrapt-2.5.0 yarl-1.25.1 zarr-3.4.0 zipp-4.1.1
