Requirement already satisfied: numpy==1.26.4 in .\.venv-mgvi\Lib\site-packages (1.26.4)
Collecting anndata==0.9.2
  Downloading anndata-0.9.2-py3-none-any.whl.metadata (6.1 kB)
Collecting mudata==0.2.3
  Downloading mudata-0.2.3-py3-none-any.whl.metadata (4.7 kB)
Collecting scanpy==1.9.8
  Downloading scanpy-1.9.8-py3-none-any.whl.metadata (6.0 kB)
Requirement already satisfied: pandas!=2.0.1,>=1.1.1 in .\.venv-mgvi\Lib\site-packages (from anndata==0.9.2) (2.1.4)
Requirement already satisfied: scipy>1.4 in .\.venv-mgvi\Lib\site-packages (from anndata==0.9.2) (1.13.1)
Requirement already satisfied: h5py>=3 in .\.venv-mgvi\Lib\site-packages (from anndata==0.9.2) (3.12.1)
Requirement already satisfied: natsort in .\.venv-mgvi\Lib\site-packages (from anndata==0.9.2) (8.4.0)
Requirement already satisfied: packaging>=20 in .\.venv-mgvi\Lib\site-packages (from anndata==0.9.2) (26.3)
Requirement already satisfied: joblib in .\.venv-mgvi\Lib\site-packages (from scanpy==1.9.8) (1.6.0)
Requirement already satisfied: matplotlib>=3.6 in .\.venv-mgvi\Lib\site-packages (from scanpy==1.9.8) (3.9.4)
Requirement already satisfied: networkx>=2.3 in .\.venv-mgvi\Lib\site-packages (from scanpy==1.9.8) (3.7)
Requirement already satisfied: numba>=0.41.0 in .\.venv-mgvi\Lib\site-packages (from scanpy==1.9.8) (0.60.0)
Requirement already satisfied: patsy in .\.venv-mgvi\Lib\site-packages (from scanpy==1.9.8) (1.0.3)
Requirement already satisfied: scikit-learn>=0.24 in .\.venv-mgvi\Lib\site-packages (from scanpy==1.9.8) (1.5.2)
Requirement already satisfied: seaborn>=0.13.0 in .\.venv-mgvi\Lib\site-packages (from scanpy==1.9.8) (0.13.2)
Requirement already satisfied: session-info in .\.venv-mgvi\Lib\site-packages (from scanpy==1.9.8) (1.0.1)
Requirement already satisfied: statsmodels>=0.10.0rc2 in .\.venv-mgvi\Lib\site-packages (from scanpy==1.9.8) (0.15.0)
Requirement already satisfied: tqdm in .\.venv-mgvi\Lib\site-packages (from scanpy==1.9.8) (4.70.1)
Requirement already satisfied: umap-learn>=0.3.10 in .\.venv-mgvi\Lib\site-packages (from scanpy==1.9.8) (0.5.7)
Requirement already satisfied: contourpy>=1.0.1 in .\.venv-mgvi\Lib\site-packages (from matplotlib>=3.6->scanpy==1.9.8) (1.3.3)
Requirement already satisfied: cycler>=0.10 in .\.venv-mgvi\Lib\site-packages (from matplotlib>=3.6->scanpy==1.9.8) (0.12.1)
Requirement already satisfied: fonttools>=4.22.0 in .\.venv-mgvi\Lib\site-packages (from matplotlib>=3.6->scanpy==1.9.8) (4.66.1)
Requirement already satisfied: kiwisolver>=1.3.1 in .\.venv-mgvi\Lib\site-packages (from matplotlib>=3.6->scanpy==1.9.8) (1.5.1)
Requirement already satisfied: pillow>=8 in .\.venv-mgvi\Lib\site-packages (from matplotlib>=3.6->scanpy==1.9.8) (12.3.0)
Requirement already satisfied: pyparsing>=2.3.1 in .\.venv-mgvi\Lib\site-packages (from matplotlib>=3.6->scanpy==1.9.8) (3.3.3)
Requirement already satisfied: python-dateutil>=2.7 in .\.venv-mgvi\Lib\site-packages (from matplotlib>=3.6->scanpy==1.9.8) (2.9.0.post0)
Requirement already satisfied: llvmlite<0.44,>=0.43.0dev0 in .\.venv-mgvi\Lib\site-packages (from numba>=0.41.0->scanpy==1.9.8) (0.43.0)
Requirement already satisfied: pytz>=2020.1 in .\.venv-mgvi\Lib\site-packages (from pandas!=2.0.1,>=1.1.1->anndata==0.9.2) (2026.4)
Requirement already satisfied: tzdata>=2022.1 in .\.venv-mgvi\Lib\site-packages (from pandas!=2.0.1,>=1.1.1->anndata==0.9.2) (2026.5)
Requirement already satisfied: six>=1.5 in .\.venv-mgvi\Lib\site-packages (from python-dateutil>=2.7->matplotlib>=3.6->scanpy==1.9.8) (1.17.0)
Requirement already satisfied: threadpoolctl>=3.1.0 in .\.venv-mgvi\Lib\site-packages (from scikit-learn>=0.24->scanpy==1.9.8) (3.7.0)
Requirement already satisfied: cloudpickle>=3.0 in .\.venv-mgvi\Lib\site-packages (from joblib->scanpy==1.9.8) (3.1.2)
Requirement already satisfied: formulaic>=1.1.0 in .\.venv-mgvi\Lib\site-packages (from statsmodels>=0.10.0rc2->scanpy==1.9.8) (1.2.2)
Requirement already satisfied: interface-meta>=1.2.0 in .\.venv-mgvi\Lib\site-packages (from formulaic>=1.1.0->statsmodels>=0.10.0rc2->scanpy==1.9.8) (2.0.1)
Requirement already satisfied: narwhals>=1.17 in .\.venv-mgvi\Lib\site-packages (from formulaic>=1.1.0->statsmodels>=0.10.0rc2->scanpy==1.9.8) (2.26.0)
Requirement already satisfied: typing-extensions>=4.2.0 in .\.venv-mgvi\Lib\site-packages (from formulaic>=1.1.0->statsmodels>=0.10.0rc2->scanpy==1.9.8) (4.16.0)
Requirement already satisfied: wrapt>=1.0 in .\.venv-mgvi\Lib\site-packages (from formulaic>=1.1.0->statsmodels>=0.10.0rc2->scanpy==1.9.8) (2.5.0)
Requirement already satisfied: pynndescent>=0.5 in .\.venv-mgvi\Lib\site-packages (from umap-learn>=0.3.10->scanpy==1.9.8) (0.6.0)
Requirement already satisfied: stdlib_list in .\.venv-mgvi\Lib\site-packages (from session-info->scanpy==1.9.8) (0.12.0)
Requirement already satisfied: colorama in .\.venv-mgvi\Lib\site-packages (from tqdm->scanpy==1.9.8) (0.4.6)
Downloading anndata-0.9.2-py3-none-any.whl (104 kB)
Downloading mudata-0.2.3-py3-none-any.whl (24 kB)
Downloading scanpy-1.9.8-py3-none-any.whl (2.0 MB)
   ---------------------------------------- 2.0/2.0 MB 11.4 MB/s  0:00:00
Installing collected packages: anndata, mudata, scanpy
  Attempting uninstall: anndata
    Found existing installation: anndata 0.10.9
    Uninstalling anndata-0.10.9:
      Successfully uninstalled anndata-0.10.9
  Attempting uninstall: mudata
    Found existing installation: mudata 0.2.4
    Uninstalling mudata-0.2.4:
      Successfully uninstalled mudata-0.2.4
  Attempting uninstall: scanpy
    Found existing installation: scanpy 1.10.4
    Uninstalling scanpy-1.10.4:
      Successfully uninstalled scanpy-1.10.4

Successfully installed anndata-0.9.2 mudata-0.2.3 scanpy-1.9.8
