Collecting pydeseq2==0.5.4 (from -r requirements-task4.txt (line 1))
  Downloading pydeseq2-0.5.4-py3-none-any.whl.metadata (9.3 kB)
Collecting scvi-tools==1.5.1 (from -r requirements-peerreview-baselines.txt (line 1))
  Downloading scvi_tools-1.5.1-py3-none-any.whl.metadata (18 kB)
Requirement already satisfied: anndata>=0.11.0 in .\.venv\Lib\site-packages (from pydeseq2==0.5.4->-r requirements-task4.txt (line 1)) (0.12.4)
Collecting formulaic-contrasts>=0.2.0 (from pydeseq2==0.5.4->-r requirements-task4.txt (line 1))
  Downloading formulaic_contrasts-1.0.0-py3-none-any.whl.metadata (6.5 kB)
Requirement already satisfied: formulaic>=1.0.2 in .\.venv\Lib\site-packages (from pydeseq2==0.5.4->-r requirements-task4.txt (line 1)) (1.2.2)
Requirement already satisfied: matplotlib>=3.9.0 in .\.venv\Lib\site-packages (from pydeseq2==0.5.4->-r requirements-task4.txt (line 1)) (3.11.2)
Requirement already satisfied: numpy>=2.0.0 in .\.venv\Lib\site-packages (from pydeseq2==0.5.4->-r requirements-task4.txt (line 1)) (2.5.3)
Requirement already satisfied: pandas>=2.2.0 in .\.venv\Lib\site-packages (from pydeseq2==0.5.4->-r requirements-task4.txt (line 1)) (3.0.6)
Requirement already satisfied: scikit-learn>=1.4.0 in .\.venv\Lib\site-packages (from pydeseq2==0.5.4->-r requirements-task4.txt (line 1)) (1.9.1)
Requirement already satisfied: scipy>=1.12.0 in .\.venv\Lib\site-packages (from pydeseq2==0.5.4->-r requirements-task4.txt (line 1)) (1.18.1)
Collecting docrep>=0.3.2 (from scvi-tools==1.5.1->-r requirements-peerreview-baselines.txt (line 1))
  Downloading docrep-0.3.2.tar.gz (33 kB)
  Installing build dependencies: started
  Installing build dependencies: finished with status 'done'
  Getting requirements to build wheel: started
  Getting requirements to build wheel: finished with status 'done'
  Preparing metadata (pyproject.toml): started
  Preparing metadata (pyproject.toml): finished with status 'done'
Requirement already satisfied: joblib in .\.venv\Lib\site-packages (from scvi-tools==1.5.1->-r requirements-peerreview-baselines.txt (line 1)) (1.6.0)
Collecting lightning>=2 (from scvi-tools==1.5.1->-r requirements-peerreview-baselines.txt (line 1))
  Downloading lightning-2.6.6-py3-none-any.whl.metadata (45 kB)
Collecting ml-collections (from scvi-tools==1.5.1->-r requirements-peerreview-baselines.txt (line 1))
  Downloading ml_collections-1.1.0-py3-none-any.whl.metadata (22 kB)
Collecting mudata (from scvi-tools==1.5.1->-r requirements-peerreview-baselines.txt (line 1))
  Downloading mudata-0.4.1-py3-none-any.whl.metadata (10 kB)
Requirement already satisfied: numba>=0.60 in .\.venv\Lib\site-packages (from scvi-tools==1.5.1->-r requirements-peerreview-baselines.txt (line 1)) (0.67.0)
Collecting pyro-ppl (from scvi-tools==1.5.1->-r requirements-peerreview-baselines.txt (line 1))
  Downloading pyro_ppl-1.9.2-py3-none-any.whl.metadata (6.5 kB)
Collecting rich (from scvi-tools==1.5.1->-r requirements-peerreview-baselines.txt (line 1))
  Downloading rich-15.0.0-py3-none-any.whl.metadata (18 kB)
Requirement already satisfied: scanpy>=1.10 in .\.venv\Lib\site-packages (from scanpy[skmisc]>=1.10->scvi-tools==1.5.1->-r requirements-peerreview-baselines.txt (line 1)) (1.11.5)
Collecting sparse>=0.14 (from scvi-tools==1.5.1->-r requirements-peerreview-baselines.txt (line 1))
  Downloading sparse-0.19.2-py2.py3-none-any.whl.metadata (5.3 kB)
Collecting tensorboard (from scvi-tools==1.5.1->-r requirements-peerreview-baselines.txt (line 1))
  Downloading tensorboard-2.21.0-py3-none-any.whl.metadata (1.8 kB)
Requirement already satisfied: torch in .\.venv\Lib\site-packages (from scvi-tools==1.5.1->-r requirements-peerreview-baselines.txt (line 1)) (2.5.1+cpu)
Collecting torchmetrics (from scvi-tools==1.5.1->-r requirements-peerreview-baselines.txt (line 1))
  Downloading torchmetrics-1.9.0-py3-none-any.whl.metadata (23 kB)
Requirement already satisfied: tqdm in .\.venv\Lib\site-packages (from scvi-tools==1.5.1->-r requirements-peerreview-baselines.txt (line 1)) (4.70.1)
Collecting xarray (from scvi-tools==1.5.1->-r requirements-peerreview-baselines.txt (line 1))
  Downloading xarray-2026.9.0-py3-none-any.whl.metadata (12 kB)
Requirement already satisfied: array-api-compat>=1.7.1 in .\.venv\Lib\site-packages (from anndata>=0.11.0->pydeseq2==0.5.4->-r requirements-task4.txt (line 1)) (1.15.0)
Requirement already satisfied: h5py>=3.8 in .\.venv\Lib\site-packages (from anndata>=0.11.0->pydeseq2==0.5.4->-r requirements-task4.txt (line 1)) (3.16.0)
Requirement already satisfied: legacy-api-wrap in .\.venv\Lib\site-packages (from anndata>=0.11.0->pydeseq2==0.5.4->-r requirements-task4.txt (line 1)) (1.5)
Requirement already satisfied: natsort in .\.venv\Lib\site-packages (from anndata>=0.11.0->pydeseq2==0.5.4->-r requirements-task4.txt (line 1)) (8.4.0)
Requirement already satisfied: packaging>=24.2 in .\.venv\Lib\site-packages (from anndata>=0.11.0->pydeseq2==0.5.4->-r requirements-task4.txt (line 1)) (26.3)
Requirement already satisfied: zarr!=3.0.*,>=2.18.7 in .\.venv\Lib\site-packages (from anndata>=0.11.0->pydeseq2==0.5.4->-r requirements-task4.txt (line 1)) (3.4.0)
Requirement already satisfied: six in .\.venv\Lib\site-packages (from docrep>=0.3.2->scvi-tools==1.5.1->-r requirements-peerreview-baselines.txt (line 1)) (1.17.0)
Requirement already satisfied: interface-meta>=1.2.0 in .\.venv\Lib\site-packages (from formulaic>=1.0.2->pydeseq2==0.5.4->-r requirements-task4.txt (line 1)) (2.0.1)
Requirement already satisfied: narwhals>=1.17 in .\.venv\Lib\site-packages (from formulaic>=1.0.2->pydeseq2==0.5.4->-r requirements-task4.txt (line 1)) (2.26.0)
Requirement already satisfied: typing-extensions>=4.2.0 in .\.venv\Lib\site-packages (from formulaic>=1.0.2->pydeseq2==0.5.4->-r requirements-task4.txt (line 1)) (4.16.0)
Requirement already satisfied: wrapt>=1.0 in .\.venv\Lib\site-packages (from formulaic>=1.0.2->pydeseq2==0.5.4->-r requirements-task4.txt (line 1)) (2.4.1)
Collecting session-info (from formulaic-contrasts>=0.2.0->pydeseq2==0.5.4->-r requirements-task4.txt (line 1))
  Downloading session_info-1.0.1-py3-none-any.whl.metadata (5.1 kB)
Requirement already satisfied: PyYAML<8.0,>5.4 in .\.venv\Lib\site-packages (from lightning>=2->scvi-tools==1.5.1->-r requirements-peerreview-baselines.txt (line 1)) (6.0.3)
Requirement already satisfied: fsspec<2028.0,>=2022.5.0 in .\.venv\Lib\site-packages (from fsspec[http]<2028.0,>=2022.5.0->lightning>=2->scvi-tools==1.5.1->-r requirements-peerreview-baselines.txt (line 1)) (2026.7.0)
Collecting lightning-utilities<2.0,>=0.10.0 (from lightning>=2->scvi-tools==1.5.1->-r requirements-peerreview-baselines.txt (line 1))
  Downloading lightning_utilities-0.15.3-py3-none-any.whl.metadata (5.5 kB)
Collecting pytorch-lightning (from lightning>=2->scvi-tools==1.5.1->-r requirements-peerreview-baselines.txt (line 1))
  Downloading pytorch_lightning-2.6.6-py3-none-any.whl.metadata (21 kB)
Collecting aiohttp!=4.0.0a0,!=4.0.0a1 (from fsspec[http]<2028.0,>=2022.5.0->lightning>=2->scvi-tools==1.5.1->-r requirements-peerreview-baselines.txt (line 1))
  Downloading aiohttp-3.14.3-cp312-cp312-win_amd64.whl.metadata (8.5 kB)
Requirement already satisfied: filelock in .\.venv\Lib\site-packages (from torch->scvi-tools==1.5.1->-r requirements-peerreview-baselines.txt (line 1)) (3.32.3)
Requirement already satisfied: networkx in .\.venv\Lib\site-packages (from torch->scvi-tools==1.5.1->-r requirements-peerreview-baselines.txt (line 1)) (3.6.1)
Requirement already satisfied: jinja2 in .\.venv\Lib\site-packages (from torch->scvi-tools==1.5.1->-r requirements-peerreview-baselines.txt (line 1)) (3.1.6)
Requirement already satisfied: setuptools in .\.venv\Lib\site-packages (from torch->scvi-tools==1.5.1->-r requirements-peerreview-baselines.txt (line 1)) (78.1.0)
Requirement already satisfied: sympy==1.13.1 in .\.venv\Lib\site-packages (from torch->scvi-tools==1.5.1->-r requirements-peerreview-baselines.txt (line 1)) (1.13.1)
Requirement already satisfied: mpmath<1.4,>=1.1.0 in .\.venv\Lib\site-packages (from sympy==1.13.1->torch->scvi-tools==1.5.1->-r requirements-peerreview-baselines.txt (line 1)) (1.3.0)
Requirement already satisfied: colorama in .\.venv\Lib\site-packages (from tqdm->scvi-tools==1.5.1->-r requirements-peerreview-baselines.txt (line 1)) (0.4.6)
Collecting aiohappyeyeballs>=2.5.0 (from aiohttp!=4.0.0a0,!=4.0.0a1->fsspec[http]<2028.0,>=2022.5.0->lightning>=2->scvi-tools==1.5.1->-r requirements-peerreview-baselines.txt (line 1))
  Downloading aiohappyeyeballs-2.7.1-py3-none-any.whl.metadata (5.9 kB)
Collecting aiosignal>=1.4.0 (from aiohttp!=4.0.0a0,!=4.0.0a1->fsspec[http]<2028.0,>=2022.5.0->lightning>=2->scvi-tools==1.5.1->-r requirements-peerreview-baselines.txt (line 1))
  Downloading aiosignal-1.4.0-py3-none-any.whl.metadata (3.7 kB)
Collecting attrs>=17.3.0 (from aiohttp!=4.0.0a0,!=4.0.0a1->fsspec[http]<2028.0,>=2022.5.0->lightning>=2->scvi-tools==1.5.1->-r requirements-peerreview-baselines.txt (line 1))
  Downloading attrs-26.1.0-py3-none-any.whl.metadata (8.8 kB)
Collecting frozenlist>=1.1.1 (from aiohttp!=4.0.0a0,!=4.0.0a1->fsspec[http]<2028.0,>=2022.5.0->lightning>=2->scvi-tools==1.5.1->-r requirements-peerreview-baselines.txt (line 1))
  Downloading frozenlist-1.8.0-cp312-cp312-win_amd64.whl.metadata (21 kB)
Collecting multidict<7.0,>=4.5 (from aiohttp!=4.0.0a0,!=4.0.0a1->fsspec[http]<2028.0,>=2022.5.0->lightning>=2->scvi-tools==1.5.1->-r requirements-peerreview-baselines.txt (line 1))
  Downloading multidict-6.9.1-cp312-cp312-win_amd64.whl.metadata (5.4 kB)
Collecting propcache>=0.2.0 (from aiohttp!=4.0.0a0,!=4.0.0a1->fsspec[http]<2028.0,>=2022.5.0->lightning>=2->scvi-tools==1.5.1->-r requirements-peerreview-baselines.txt (line 1))
  Downloading propcache-0.5.4-cp312-cp312-win_amd64.whl.metadata (25 kB)
Collecting yarl<2.0,>=1.17.0 (from aiohttp!=4.0.0a0,!=4.0.0a1->fsspec[http]<2028.0,>=2022.5.0->lightning>=2->scvi-tools==1.5.1->-r requirements-peerreview-baselines.txt (line 1))
  Downloading yarl-1.25.1-cp312-cp312-win_amd64.whl.metadata (115 kB)
Requirement already satisfied: idna>=2.0 in .\.venv\Lib\site-packages (from yarl<2.0,>=1.17.0->aiohttp!=4.0.0a0,!=4.0.0a1->fsspec[http]<2028.0,>=2022.5.0->lightning>=2->scvi-tools==1.5.1->-r requirements-peerreview-baselines.txt (line 1)) (3.20)
Requirement already satisfied: contourpy>=1.0.1 in .\.venv\Lib\site-packages (from matplotlib>=3.9.0->pydeseq2==0.5.4->-r requirements-task4.txt (line 1)) (1.4.0)
Requirement already satisfied: cycler>=0.10 in .\.venv\Lib\site-packages (from matplotlib>=3.9.0->pydeseq2==0.5.4->-r requirements-task4.txt (line 1)) (0.12.1)
Requirement already satisfied: fonttools>=4.28.2 in .\.venv\Lib\site-packages (from matplotlib>=3.9.0->pydeseq2==0.5.4->-r requirements-task4.txt (line 1)) (4.65.0)
Requirement already satisfied: kiwisolver>=1.3.1 in .\.venv\Lib\site-packages (from matplotlib>=3.9.0->pydeseq2==0.5.4->-r requirements-task4.txt (line 1)) (1.5.1)
Requirement already satisfied: pillow>=9 in .\.venv\Lib\site-packages (from matplotlib>=3.9.0->pydeseq2==0.5.4->-r requirements-task4.txt (line 1)) (12.3.0)
Requirement already satisfied: pyparsing>=3 in .\.venv\Lib\site-packages (from matplotlib>=3.9.0->pydeseq2==0.5.4->-r requirements-task4.txt (line 1)) (3.3.2)
Requirement already satisfied: python-dateutil>=2.7 in .\.venv\Lib\site-packages (from matplotlib>=3.9.0->pydeseq2==0.5.4->-r requirements-task4.txt (line 1)) (2.9.0.post0)
Requirement already satisfied: llvmlite<0.50,>=0.49.0dev0 in .\.venv\Lib\site-packages (from numba>=0.60->scvi-tools==1.5.1->-r requirements-peerreview-baselines.txt (line 1)) (0.49.0)
Requirement already satisfied: tzdata in .\.venv\Lib\site-packages (from pandas>=2.2.0->pydeseq2==0.5.4->-r requirements-task4.txt (line 1)) (2026.5)
Requirement already satisfied: patsy!=1.0.0 in .\.venv\Lib\site-packages (from scanpy>=1.10->scanpy[skmisc]>=1.10->scvi-tools==1.5.1->-r requirements-peerreview-baselines.txt (line 1)) (1.0.3)
Requirement already satisfied: pynndescent>=0.5.13 in .\.venv\Lib\site-packages (from scanpy>=1.10->scanpy[skmisc]>=1.10->scvi-tools==1.5.1->-r requirements-peerreview-baselines.txt (line 1)) (0.6.0)
Requirement already satisfied: seaborn>=0.13.2 in .\.venv\Lib\site-packages (from scanpy>=1.10->scanpy[skmisc]>=1.10->scvi-tools==1.5.1->-r requirements-peerreview-baselines.txt (line 1)) (0.13.2)
Requirement already satisfied: session-info2 in .\.venv\Lib\site-packages (from scanpy>=1.10->scanpy[skmisc]>=1.10->scvi-tools==1.5.1->-r requirements-peerreview-baselines.txt (line 1)) (0.4.2)
Requirement already satisfied: statsmodels>=0.14.5 in .\.venv\Lib\site-packages (from scanpy>=1.10->scanpy[skmisc]>=1.10->scvi-tools==1.5.1->-r requirements-peerreview-baselines.txt (line 1)) (0.15.0)
Requirement already satisfied: umap-learn>=0.5.6 in .\.venv\Lib\site-packages (from scanpy>=1.10->scanpy[skmisc]>=1.10->scvi-tools==1.5.1->-r requirements-peerreview-baselines.txt (line 1)) (0.5.12)
Requirement already satisfied: cloudpickle>=3.0 in .\.venv\Lib\site-packages (from joblib->scvi-tools==1.5.1->-r requirements-peerreview-baselines.txt (line 1)) (3.1.2)
Requirement already satisfied: scikit-misc>=0.1.4 in .\.venv\Lib\site-packages (from scanpy[skmisc]>=1.10->scvi-tools==1.5.1->-r requirements-peerreview-baselines.txt (line 1)) (0.5.2)
Requirement already satisfied: threadpoolctl>=3.5.0 in .\.venv\Lib\site-packages (from scikit-learn>=1.4.0->pydeseq2==0.5.4->-r requirements-task4.txt (line 1)) (3.7.0)
Requirement already satisfied: donfig>=0.8 in .\.venv\Lib\site-packages (from zarr!=3.0.*,>=2.18.7->anndata>=0.11.0->pydeseq2==0.5.4->-r requirements-task4.txt (line 1)) (0.8.1.post1)
Requirement already satisfied: google-crc32c>=1.5 in .\.venv\Lib\site-packages (from zarr!=3.0.*,>=2.18.7->anndata>=0.11.0->pydeseq2==0.5.4->-r requirements-task4.txt (line 1)) (1.8.0)
Requirement already satisfied: msgspec>=0.19 in .\.venv\Lib\site-packages (from zarr!=3.0.*,>=2.18.7->anndata>=0.11.0->pydeseq2==0.5.4->-r requirements-task4.txt (line 1)) (0.21.1)
Requirement already satisfied: numcodecs>=0.14 in .\.venv\Lib\site-packages (from zarr!=3.0.*,>=2.18.7->anndata>=0.11.0->pydeseq2==0.5.4->-r requirements-task4.txt (line 1)) (0.17.0)
Requirement already satisfied: MarkupSafe>=2.0 in .\.venv\Lib\site-packages (from jinja2->torch->scvi-tools==1.5.1->-r requirements-peerreview-baselines.txt (line 1)) (3.0.3)
Collecting absl-py (from ml-collections->scvi-tools==1.5.1->-r requirements-peerreview-baselines.txt (line 1))
  Downloading absl_py-2.5.0-py3-none-any.whl.metadata (3.3 kB)
Collecting scverse-misc>=0.1.1 (from scverse-misc[settings]>=0.1.1->mudata->scvi-tools==1.5.1->-r requirements-peerreview-baselines.txt (line 1))
  Downloading scverse_misc-0.1.6-py3-none-any.whl.metadata (4.9 kB)
Collecting pydantic-settings (from scverse-misc[settings]>=0.1.1->mudata->scvi-tools==1.5.1->-r requirements-peerreview-baselines.txt (line 1))
  Downloading pydantic_settings-2.15.0-py3-none-any.whl.metadata (3.9 kB)
Collecting python-dotenv (from scverse-misc[settings]>=0.1.1->mudata->scvi-tools==1.5.1->-r requirements-peerreview-baselines.txt (line 1))
  Downloading python_dotenv-1.2.4-py3-none-any.whl.metadata (29 kB)
Collecting pydantic>=2.7.0 (from pydantic-settings->scverse-misc[settings]>=0.1.1->mudata->scvi-tools==1.5.1->-r requirements-peerreview-baselines.txt (line 1))
  Downloading pydantic-2.13.5-py3-none-any.whl.metadata (110 kB)
Collecting typing-inspection>=0.4.0 (from pydantic-settings->scverse-misc[settings]>=0.1.1->mudata->scvi-tools==1.5.1->-r requirements-peerreview-baselines.txt (line 1))
  Downloading typing_inspection-0.4.4-py3-none-any.whl.metadata (2.6 kB)
Collecting annotated-types>=0.6.0 (from pydantic>=2.7.0->pydantic-settings->scverse-misc[settings]>=0.1.1->mudata->scvi-tools==1.5.1->-r requirements-peerreview-baselines.txt (line 1))
  Downloading annotated_types-0.8.0-py3-none-any.whl.metadata (15 kB)
Collecting pydantic-core==2.46.5 (from pydantic>=2.7.0->pydantic-settings->scverse-misc[settings]>=0.1.1->mudata->scvi-tools==1.5.1->-r requirements-peerreview-baselines.txt (line 1))
  Downloading pydantic_core-2.46.5-cp312-cp312-win_amd64.whl.metadata (6.7 kB)
Collecting opt_einsum>=2.3.2 (from pyro-ppl->scvi-tools==1.5.1->-r requirements-peerreview-baselines.txt (line 1))
  Downloading opt_einsum-3.4.0-py3-none-any.whl.metadata (6.3 kB)
Collecting pyro-api>=0.1.1 (from pyro-ppl->scvi-tools==1.5.1->-r requirements-peerreview-baselines.txt (line 1))
  Downloading pyro_api-0.1.2-py3-none-any.whl.metadata (2.5 kB)
Collecting markdown-it-py>=2.2.0 (from rich->scvi-tools==1.5.1->-r requirements-peerreview-baselines.txt (line 1))
  Downloading markdown_it_py-4.2.0-py3-none-any.whl.metadata (7.4 kB)
Collecting pygments<3.0.0,>=2.13.0 (from rich->scvi-tools==1.5.1->-r requirements-peerreview-baselines.txt (line 1))
  Downloading pygments-2.21.0-py3-none-any.whl.metadata (2.5 kB)
Collecting mdurl~=0.1 (from markdown-it-py>=2.2.0->rich->scvi-tools==1.5.1->-r requirements-peerreview-baselines.txt (line 1))
  Downloading mdurl-0.1.2-py3-none-any.whl.metadata (1.6 kB)
Collecting stdlib_list (from session-info->formulaic-contrasts>=0.2.0->pydeseq2==0.5.4->-r requirements-task4.txt (line 1))
  Downloading stdlib_list-0.12.0-py3-none-any.whl.metadata (3.3 kB)
Collecting grpcio<2.0,>=1.74.0 (from tensorboard->scvi-tools==1.5.1->-r requirements-peerreview-baselines.txt (line 1))
  Downloading grpcio-1.84.0-cp312-cp312-win_amd64.whl.metadata (3.9 kB)
Collecting markdown>=2.6.8 (from tensorboard->scvi-tools==1.5.1->-r requirements-peerreview-baselines.txt (line 1))
  Downloading markdown-3.11-py3-none-any.whl.metadata (5.1 kB)
Collecting protobuf<8.0.0,>=6.31.1 (from tensorboard->scvi-tools==1.5.1->-r requirements-peerreview-baselines.txt (line 1))
  Downloading protobuf-7.36.2-cp310-abi3-win_amd64.whl.metadata (595 bytes)
Collecting tensorboard-data-server<0.8.0,>=0.7.0 (from tensorboard->scvi-tools==1.5.1->-r requirements-peerreview-baselines.txt (line 1))
  Downloading tensorboard_data_server-0.7.2-py3-none-any.whl.metadata (1.1 kB)
Collecting werkzeug>=1.0.1 (from tensorboard->scvi-tools==1.5.1->-r requirements-peerreview-baselines.txt (line 1))
  Downloading werkzeug-3.1.9-py3-none-any.whl.metadata (4.1 kB)
Downloading pydeseq2-0.5.4-py3-none-any.whl (45 kB)
Downloading scvi_tools-1.5.1-py3-none-any.whl (731 kB)
   ---------------------------------------- 731.5/731.5 kB 29.3 MB/s  0:00:00
Downloading formulaic_contrasts-1.0.0-py3-none-any.whl (10 kB)
Downloading lightning-2.6.6-py3-none-any.whl (849 kB)
   ---------------------------------------- 849.3/849.3 kB 18.9 MB/s  0:00:00
Downloading lightning_utilities-0.15.3-py3-none-any.whl (31 kB)
Downloading torchmetrics-1.9.0-py3-none-any.whl (983 kB)
   ---------------------------------------- 983.4/983.4 kB 45.1 MB/s  0:00:00
Downloading aiohttp-3.14.3-cp312-cp312-win_amd64.whl (476 kB)
Downloading multidict-6.9.1-cp312-cp312-win_amd64.whl (59 kB)
Downloading yarl-1.25.1-cp312-cp312-win_amd64.whl (102 kB)
Downloading aiohappyeyeballs-2.7.1-py3-none-any.whl (15 kB)
Downloading aiosignal-1.4.0-py3-none-any.whl (7.5 kB)
Downloading attrs-26.1.0-py3-none-any.whl (67 kB)
Downloading frozenlist-1.8.0-cp312-cp312-win_amd64.whl (44 kB)
Downloading propcache-0.5.4-cp312-cp312-win_amd64.whl (46 kB)
Downloading sparse-0.19.2-py2.py3-none-any.whl (155 kB)
Downloading ml_collections-1.1.0-py3-none-any.whl (76 kB)
Downloading absl_py-2.5.0-py3-none-any.whl (137 kB)
Downloading mudata-0.4.1-py3-none-any.whl (43 kB)
Downloading scverse_misc-0.1.6-py3-none-any.whl (28 kB)
Downloading pydantic_settings-2.15.0-py3-none-any.whl (69 kB)
Downloading pydantic-2.13.5-py3-none-any.whl (472 kB)
Downloading pydantic_core-2.46.5-cp312-cp312-win_amd64.whl (2.0 MB)
   ---------------------------------------- 2.0/2.0 MB 38.7 MB/s  0:00:00
Downloading annotated_types-0.8.0-py3-none-any.whl (13 kB)
Downloading python_dotenv-1.2.4-py3-none-any.whl (23 kB)
Downloading typing_inspection-0.4.4-py3-none-any.whl (14 kB)
Downloading pyro_ppl-1.9.2-py3-none-any.whl (760 kB)
   ---------------------------------------- 760.7/760.7 kB 33.2 MB/s  0:00:00
Downloading opt_einsum-3.4.0-py3-none-any.whl (71 kB)
Downloading pyro_api-0.1.2-py3-none-any.whl (11 kB)
Downloading pytorch_lightning-2.6.6-py3-none-any.whl (853 kB)
   ---------------------------------------- 853.0/853.0 kB 4.7 MB/s  0:00:00
Downloading rich-15.0.0-py3-none-any.whl (310 kB)
Downloading pygments-2.21.0-py3-none-any.whl (1.3 MB)
   ---------------------------------------- 1.3/1.3 MB 21.0 MB/s  0:00:00
Downloading markdown_it_py-4.2.0-py3-none-any.whl (91 kB)
Downloading mdurl-0.1.2-py3-none-any.whl (10.0 kB)
Downloading session_info-1.0.1-py3-none-any.whl (9.1 kB)
Downloading stdlib_list-0.12.0-py3-none-any.whl (87 kB)
Downloading tensorboard-2.21.0-py3-none-any.whl (5.5 MB)
   ---------------------------------------- 5.5/5.5 MB 37.5 MB/s  0:00:00
Downloading grpcio-1.84.0-cp312-cp312-win_amd64.whl (5.3 MB)
   ---------------------------------------- 5.3/5.3 MB 45.8 MB/s  0:00:00
Downloading protobuf-7.36.2-cp310-abi3-win_amd64.whl (456 kB)
Downloading tensorboard_data_server-0.7.2-py3-none-any.whl (2.4 kB)
Downloading markdown-3.11-py3-none-any.whl (111 kB)
Downloading werkzeug-3.1.9-py3-none-any.whl (228 kB)
Downloading xarray-2026.9.0-py3-none-any.whl (1.4 MB)
   ---------------------------------------- 1.4/1.4 MB 38.2 MB/s  0:00:00
Building wheels for collected packages: docrep
  Building wheel for docrep (pyproject.toml): started
  Building wheel for docrep (pyproject.toml): finished with status 'done'
  Created wheel for docrep: filename=docrep-0.3.2-py3-none-any.whl size=19998 sha256=1cff23e79560017fcc0295f92c7412c4437676e6cf424d26452bf7636c891236
  Stored in directory: c:\users\manan\appdata\local\pip\cache\wheels\d6\19\ee\0a6a1793d91c449563b49ccab57ce52da3e6fab7614836bd8c
Successfully built docrep
Installing collected packages: pyro-api, werkzeug, typing-inspection, tensorboard-data-server, stdlib_list, scverse-misc, python-dotenv, pygments, pydantic-core, protobuf, propcache, opt_einsum, multidict, mdurl, markdown, lightning-utilities, grpcio, frozenlist, docrep, attrs, annotated-types, aiohappyeyeballs, absl-py, yarl, tensorboard, sparse, session-info, pydantic, ml-collections, markdown-it-py, aiosignal, xarray, torchmetrics, rich, pyro-ppl, pydantic-settings, aiohttp, formulaic-contrasts, pytorch-lightning, pydeseq2, mudata, lightning, scvi-tools

Successfully installed absl-py-2.5.0 aiohappyeyeballs-2.7.1 aiohttp-3.14.3 aiosignal-1.4.0 annotated-types-0.8.0 attrs-26.1.0 docrep-0.3.2 formulaic-contrasts-1.0.0 frozenlist-1.8.0 grpcio-1.84.0 lightning-2.6.6 lightning-utilities-0.15.3 markdown-3.11 markdown-it-py-4.2.0 mdurl-0.1.2 ml-collections-1.1.0 mudata-0.4.1 multidict-6.9.1 opt_einsum-3.4.0 propcache-0.5.4 protobuf-7.36.2 pydantic-2.13.5 pydantic-core-2.46.5 pydantic-settings-2.15.0 pydeseq2-0.5.4 pygments-2.21.0 pyro-api-0.1.2 pyro-ppl-1.9.2 python-dotenv-1.2.4 pytorch-lightning-2.6.6 rich-15.0.0 scverse-misc-0.1.6 scvi-tools-1.5.1 session-info-1.0.1 sparse-0.19.2 stdlib_list-0.12.0 tensorboard-2.21.0 tensorboard-data-server-0.7.2 torchmetrics-1.9.0 typing-inspection-0.4.4 werkzeug-3.1.9 xarray-2026.9.0 yarl-1.25.1
