Looking in indexes: https://pypi.org/simple, https://download.pytorch.org/whl/cpu
Collecting anndata==0.12.4 (from -r requirements-research.txt (line 2))
  Downloading anndata-0.12.4-py3-none-any.whl.metadata (9.9 kB)
Collecting array-api-compat==1.15.0 (from -r requirements-research.txt (line 3))
  Downloading array_api_compat-1.15.0-py3-none-any.whl.metadata (1.4 kB)
Collecting certifi==2026.7.22 (from -r requirements-research.txt (line 4))
  Downloading certifi-2026.7.22-py3-none-any.whl.metadata (2.5 kB)
Collecting charset-normalizer==3.5.1 (from -r requirements-research.txt (line 5))
  Downloading charset_normalizer-3.5.1-cp312-cp312-win_amd64.whl.metadata (46 kB)
Collecting cloudpickle==3.1.2 (from -r requirements-research.txt (line 6))
  Downloading cloudpickle-3.1.2-py3-none-any.whl.metadata (7.1 kB)
Collecting contourpy==1.4.0 (from -r requirements-research.txt (line 7))
  Downloading contourpy-1.4.0-cp312-cp312-win_amd64.whl.metadata (3.8 kB)
Collecting cycler==0.12.1 (from -r requirements-research.txt (line 8))
  Downloading cycler-0.12.1-py3-none-any.whl.metadata (3.8 kB)
Collecting donfig==0.8.1.post1 (from -r requirements-research.txt (line 9))
  Downloading donfig-0.8.1.post1-py3-none-any.whl.metadata (5.0 kB)
Collecting filelock==3.32.3 (from -r requirements-research.txt (line 10))
  Downloading filelock-3.32.3-py3-none-any.whl.metadata (2.0 kB)
Collecting fonttools==4.65.0 (from -r requirements-research.txt (line 11))
  Downloading fonttools-4.65.0-cp312-cp312-win_amd64.whl.metadata (127 kB)
Collecting formulaic==1.2.2 (from -r requirements-research.txt (line 12))
  Downloading formulaic-1.2.2-py3-none-any.whl.metadata (7.0 kB)
Collecting fsspec==2026.7.0 (from -r requirements-research.txt (line 13))
  Downloading fsspec-2026.7.0-py3-none-any.whl.metadata (10 kB)
Collecting google-crc32c==1.8.0 (from -r requirements-research.txt (line 14))
  Downloading google_crc32c-1.8.0-cp312-cp312-win_amd64.whl.metadata (1.8 kB)
Collecting h5py==3.16.0 (from -r requirements-research.txt (line 15))
  Downloading h5py-3.16.0-cp312-cp312-win_amd64.whl.metadata (3.1 kB)
Collecting idna==3.20 (from -r requirements-research.txt (line 16))
  Downloading idna-3.20-py3-none-any.whl.metadata (7.2 kB)
Collecting interface-meta==2.0.1 (from -r requirements-research.txt (line 17))
  Downloading interface_meta-2.0.1-py3-none-any.whl.metadata (6.4 kB)
Collecting jinja2==3.1.6 (from -r requirements-research.txt (line 18))
  Downloading jinja2-3.1.6-py3-none-any.whl.metadata (2.9 kB)
Collecting joblib==1.6.0 (from -r requirements-research.txt (line 19))
  Downloading joblib-1.6.0-py3-none-any.whl.metadata (6.5 kB)
Collecting kiwisolver==1.5.1 (from -r requirements-research.txt (line 20))
  Downloading kiwisolver-1.5.1-cp312-cp312-win_amd64.whl.metadata (5.2 kB)
Collecting legacy-api-wrap==1.5 (from -r requirements-research.txt (line 21))
  Downloading legacy_api_wrap-1.5-py3-none-any.whl.metadata (2.2 kB)
Collecting llvmlite==0.49.0 (from -r requirements-research.txt (line 22))
  Downloading llvmlite-0.49.0-cp312-cp312-win_amd64.whl.metadata (5.2 kB)
Collecting markupsafe==3.0.3 (from -r requirements-research.txt (line 23))
  Downloading markupsafe-3.0.3-cp312-cp312-win_amd64.whl.metadata (2.8 kB)
Collecting matplotlib==3.11.2 (from -r requirements-research.txt (line 24))
  Downloading matplotlib-3.11.2-cp312-cp312-win_amd64.whl.metadata (80 kB)
Collecting mpmath==1.3.0 (from -r requirements-research.txt (line 25))
  Downloading mpmath-1.3.0-py3-none-any.whl.metadata (8.6 kB)
Collecting msgspec==0.21.1 (from -r requirements-research.txt (line 26))
  Downloading msgspec-0.21.1-cp312-cp312-win_amd64.whl.metadata (5.9 kB)
Collecting narwhals==2.26.0 (from -r requirements-research.txt (line 27))
  Downloading narwhals-2.26.0-py3-none-any.whl.metadata (15 kB)
Collecting natsort==8.4.0 (from -r requirements-research.txt (line 28))
  Downloading natsort-8.4.0-py3-none-any.whl.metadata (21 kB)
Collecting networkx==3.6.1 (from -r requirements-research.txt (line 29))
  Downloading networkx-3.6.1-py3-none-any.whl.metadata (6.8 kB)
Collecting numba==0.67.0 (from -r requirements-research.txt (line 30))
  Downloading numba-0.67.0-cp312-cp312-win_amd64.whl.metadata (2.8 kB)
Collecting numcodecs==0.17.0 (from -r requirements-research.txt (line 31))
  Downloading numcodecs-0.17.0-cp312-cp312-win_amd64.whl.metadata (3.2 kB)
Collecting numpy==2.5.3 (from -r requirements-research.txt (line 32))
  Downloading numpy-2.5.3-cp312-cp312-win_amd64.whl.metadata (6.6 kB)
Collecting packaging==26.3 (from -r requirements-research.txt (line 33))
  Downloading packaging-26.3-py3-none-any.whl.metadata (3.5 kB)
Collecting pandas==3.0.6 (from -r requirements-research.txt (line 34))
  Downloading pandas-3.0.6-cp312-cp312-win_amd64.whl.metadata (19 kB)
Collecting patsy==1.0.3 (from -r requirements-research.txt (line 35))
  Downloading patsy-1.0.3-py2.py3-none-any.whl.metadata (3.7 kB)
Collecting pillow==12.3.0 (from -r requirements-research.txt (line 36))
  Downloading pillow-12.3.0-cp312-cp312-win_amd64.whl.metadata (9.3 kB)
Collecting pynndescent==0.6.0 (from -r requirements-research.txt (line 37))
  Downloading pynndescent-0.6.0-py3-none-any.whl.metadata (6.9 kB)
Collecting pyparsing==3.3.2 (from -r requirements-research.txt (line 38))
  Downloading pyparsing-3.3.2-py3-none-any.whl.metadata (5.8 kB)
Collecting python-dateutil==2.9.0.post0 (from -r requirements-research.txt (line 39))
  Downloading python_dateutil-2.9.0.post0-py2.py3-none-any.whl.metadata (8.4 kB)
Collecting pyyaml==6.0.3 (from -r requirements-research.txt (line 40))
  Downloading pyyaml-6.0.3-cp312-cp312-win_amd64.whl.metadata (2.4 kB)
Collecting requests==2.34.2 (from -r requirements-research.txt (line 41))
  Downloading requests-2.34.2-py3-none-any.whl.metadata (4.8 kB)
Collecting scanpy==1.11.5 (from -r requirements-research.txt (line 42))
  Downloading scanpy-1.11.5-py3-none-any.whl.metadata (9.3 kB)
Collecting scikit-learn==1.9.1 (from -r requirements-research.txt (line 43))
  Downloading scikit_learn-1.9.1-cp312-cp312-win_amd64.whl.metadata (9.3 kB)
Collecting scikit-misc==0.5.2 (from -r requirements-research.txt (line 44))
  Downloading scikit_misc-0.5.2-cp312-cp312-win_amd64.whl.metadata (5.0 kB)
Collecting scipy==1.18.1 (from -r requirements-research.txt (line 45))
  Downloading scipy-1.18.1-cp312-cp312-win_amd64.whl.metadata (61 kB)
Collecting seaborn==0.13.2 (from -r requirements-research.txt (line 46))
  Downloading seaborn-0.13.2-py3-none-any.whl.metadata (5.4 kB)
Collecting session-info2==0.4.2 (from -r requirements-research.txt (line 47))
  Downloading session_info2-0.4.2-py3-none-any.whl.metadata (2.4 kB)
Collecting setuptools==78.1.0 (from -r requirements-research.txt (line 48))
  Downloading setuptools-78.1.0-py3-none-any.whl.metadata (6.6 kB)
Collecting six==1.17.0 (from -r requirements-research.txt (line 49))
  Downloading six-1.17.0-py2.py3-none-any.whl.metadata (1.7 kB)
Collecting statsmodels==0.15.0 (from -r requirements-research.txt (line 50))
  Downloading statsmodels-0.15.0-cp312-cp312-win_amd64.whl.metadata (9.6 kB)
Collecting sympy==1.13.1 (from -r requirements-research.txt (line 51))
  Downloading sympy-1.13.1-py3-none-any.whl.metadata (12 kB)
Collecting threadpoolctl==3.7.0 (from -r requirements-research.txt (line 52))
  Downloading threadpoolctl-3.7.0-py3-none-any.whl.metadata (24 kB)
Collecting torch==2.5.1+cpu (from -r requirements-research.txt (line 53))
  Downloading torch-2.5.1%2Bcpu-cp312-cp312-win_amd64.whl (205.4 MB)
     ---------------------------------------- 205.4/205.4 MB 47.4 MB/s  0:00:04
Collecting tqdm==4.70.1 (from -r requirements-research.txt (line 54))
  Downloading tqdm-4.70.1-py3-none-any.whl.metadata (57 kB)
Collecting typing-extensions==4.16.0 (from -r requirements-research.txt (line 55))
  Downloading typing_extensions-4.16.0-py3-none-any.whl.metadata (3.3 kB)
Collecting umap-learn==0.5.12 (from -r requirements-research.txt (line 56))
  Downloading umap_learn-0.5.12-py3-none-any.whl.metadata (24 kB)
Collecting urllib3==2.8.0 (from -r requirements-research.txt (line 57))
  Downloading urllib3-2.8.0-py3-none-any.whl.metadata (7.4 kB)
Collecting wrapt==2.4.1 (from -r requirements-research.txt (line 58))
  Downloading wrapt-2.4.1-cp312-cp312-win_amd64.whl.metadata (7.6 kB)
Collecting zarr==3.4.0 (from -r requirements-research.txt (line 59))
  Downloading zarr-3.4.0-py3-none-any.whl.metadata (5.8 kB)
Collecting tzdata (from pandas==3.0.6->-r requirements-research.txt (line 34))
  Downloading tzdata-2026.5-py2.py3-none-any.whl.metadata (1.4 kB)
Collecting colorama (from tqdm==4.70.1->-r requirements-research.txt (line 54))
  Downloading colorama-0.4.6-py2.py3-none-any.whl (25 kB)
Downloading anndata-0.12.4-py3-none-any.whl (170 kB)
Downloading array_api_compat-1.15.0-py3-none-any.whl (79 kB)
Downloading certifi-2026.7.22-py3-none-any.whl (136 kB)
Downloading charset_normalizer-3.5.1-cp312-cp312-win_amd64.whl (200 kB)
Downloading cloudpickle-3.1.2-py3-none-any.whl (22 kB)
Downloading contourpy-1.4.0-cp312-cp312-win_amd64.whl (234 kB)
Downloading cycler-0.12.1-py3-none-any.whl (8.3 kB)
Downloading donfig-0.8.1.post1-py3-none-any.whl (21 kB)
Downloading filelock-3.32.3-py3-none-any.whl (98 kB)
Downloading fonttools-4.65.0-cp312-cp312-win_amd64.whl (2.5 MB)
   ---------------------------------------- 2.5/2.5 MB 35.8 MB/s  0:00:00
Downloading formulaic-1.2.2-py3-none-any.whl (118 kB)
Downloading fsspec-2026.7.0-py3-none-any.whl (206 kB)
Downloading google_crc32c-1.8.0-cp312-cp312-win_amd64.whl (34 kB)
Downloading h5py-3.16.0-cp312-cp312-win_amd64.whl (3.2 MB)
   ---------------------------------------- 3.2/3.2 MB 31.1 MB/s  0:00:00
Downloading idna-3.20-py3-none-any.whl (69 kB)
Downloading interface_meta-2.0.1-py3-none-any.whl (15 kB)
Downloading jinja2-3.1.6-py3-none-any.whl (134 kB)
Downloading joblib-1.6.0-py3-none-any.whl (306 kB)
Downloading kiwisolver-1.5.1-cp312-cp312-win_amd64.whl (70 kB)
Downloading legacy_api_wrap-1.5-py3-none-any.whl (10 kB)
Downloading llvmlite-0.49.0-cp312-cp312-win_amd64.whl (41.9 MB)
   ---------------------------------------- 41.9/41.9 MB 35.0 MB/s  0:00:01
Downloading markupsafe-3.0.3-cp312-cp312-win_amd64.whl (15 kB)
Downloading matplotlib-3.11.2-cp312-cp312-win_amd64.whl (9.3 MB)
   ---------------------------------------- 9.3/9.3 MB 48.3 MB/s  0:00:00
Downloading mpmath-1.3.0-py3-none-any.whl (536 kB)
   ---------------------------------------- 536.2/536.2 kB 17.1 MB/s  0:00:00
Downloading msgspec-0.21.1-cp312-cp312-win_amd64.whl (190 kB)
Downloading narwhals-2.26.0-py3-none-any.whl (474 kB)
Downloading natsort-8.4.0-py3-none-any.whl (38 kB)
Downloading networkx-3.6.1-py3-none-any.whl (2.1 MB)
   ---------------------------------------- 2.1/2.1 MB 58.3 MB/s  0:00:00
Downloading numba-0.67.0-cp312-cp312-win_amd64.whl (2.8 MB)
   ---------------------------------------- 2.8/2.8 MB 41.2 MB/s  0:00:00
Downloading numpy-2.5.3-cp312-cp312-win_amd64.whl (12.6 MB)
   ---------------------------------------- 12.6/12.6 MB 34.3 MB/s  0:00:00
Downloading numcodecs-0.17.0-cp312-cp312-win_amd64.whl (1.5 MB)
   ---------------------------------------- 1.5/1.5 MB 39.8 MB/s  0:00:00
Downloading packaging-26.3-py3-none-any.whl (129 kB)
Downloading pandas-3.0.6-cp312-cp312-win_amd64.whl (9.7 MB)
   ---------------------------------------- 9.7/9.7 MB 40.2 MB/s  0:00:00
Downloading patsy-1.0.3-py2.py3-none-any.whl (233 kB)
Downloading pillow-12.3.0-cp312-cp312-win_amd64.whl (7.2 MB)
   ---------------------------------------- 7.2/7.2 MB 55.7 MB/s  0:00:00
Downloading pynndescent-0.6.0-py3-none-any.whl (73 kB)
Downloading pyparsing-3.3.2-py3-none-any.whl (122 kB)
Downloading python_dateutil-2.9.0.post0-py2.py3-none-any.whl (229 kB)
Downloading pyyaml-6.0.3-cp312-cp312-win_amd64.whl (154 kB)
Downloading requests-2.34.2-py3-none-any.whl (73 kB)
Downloading urllib3-2.8.0-py3-none-any.whl (135 kB)
Downloading scanpy-1.11.5-py3-none-any.whl (2.1 MB)
   ---------------------------------------- 2.1/2.1 MB 39.1 MB/s  0:00:00
Downloading scikit_learn-1.9.1-cp312-cp312-win_amd64.whl (8.3 MB)
   ---------------------------------------- 8.3/8.3 MB 46.5 MB/s  0:00:00
Downloading scikit_misc-0.5.2-cp312-cp312-win_amd64.whl (150 kB)
Downloading scipy-1.18.1-cp312-cp312-win_amd64.whl (36.7 MB)
   ---------------------------------------- 36.7/36.7 MB 53.0 MB/s  0:00:00
Downloading seaborn-0.13.2-py3-none-any.whl (294 kB)
Downloading session_info2-0.4.2-py3-none-any.whl (17 kB)
Downloading setuptools-78.1.0-py3-none-any.whl (1.3 MB)
   ---------------------------------------- 1.3/1.3 MB 66.3 MB/s  0:00:00
Downloading six-1.17.0-py2.py3-none-any.whl (11 kB)
Downloading statsmodels-0.15.0-cp312-cp312-win_amd64.whl (11.3 MB)
   ---------------------------------------- 11.3/11.3 MB 47.1 MB/s  0:00:00
Downloading sympy-1.13.1-py3-none-any.whl (6.2 MB)
   ---------------------------------------- 6.2/6.2 MB 42.0 MB/s  0:00:00
Downloading threadpoolctl-3.7.0-py3-none-any.whl (26 kB)
Downloading tqdm-4.70.1-py3-none-any.whl (80 kB)
Downloading typing_extensions-4.16.0-py3-none-any.whl (45 kB)
Downloading umap_learn-0.5.12-py3-none-any.whl (91 kB)
Downloading wrapt-2.4.1-cp312-cp312-win_amd64.whl (98 kB)
Downloading zarr-3.4.0-py3-none-any.whl (376 kB)
Downloading tzdata-2026.5-py2.py3-none-any.whl (347 kB)
Installing collected packages: mpmath, wrapt, urllib3, tzdata, typing-extensions, threadpoolctl, sympy, six, setuptools, session-info2, pyyaml, pyparsing, pillow, packaging, numpy, networkx, natsort, narwhals, msgspec, markupsafe, llvmlite, legacy-api-wrap, kiwisolver, interface-meta, idna, google-crc32c, fsspec, fonttools, filelock, cycler, colorama, cloudpickle, charset-normalizer, certifi, array-api-compat, tqdm, scipy, scikit-misc, requests, python-dateutil, patsy, numcodecs, numba, joblib, jinja2, h5py, donfig, contourpy, zarr, torch, scikit-learn, pandas, matplotlib, seaborn, pynndescent, formulaic, anndata, umap-learn, statsmodels, scanpy

Successfully installed anndata-0.12.4 array-api-compat-1.15.0 certifi-2026.7.22 charset-normalizer-3.5.1 cloudpickle-3.1.2 colorama-0.4.6 contourpy-1.4.0 cycler-0.12.1 donfig-0.8.1.post1 filelock-3.32.3 fonttools-4.65.0 formulaic-1.2.2 fsspec-2026.7.0 google-crc32c-1.8.0 h5py-3.16.0 idna-3.20 interface-meta-2.0.1 jinja2-3.1.6 joblib-1.6.0 kiwisolver-1.5.1 legacy-api-wrap-1.5 llvmlite-0.49.0 markupsafe-3.0.3 matplotlib-3.11.2 mpmath-1.3.0 msgspec-0.21.1 narwhals-2.26.0 natsort-8.4.0 networkx-3.6.1 numba-0.67.0 numcodecs-0.17.0 numpy-2.5.3 packaging-26.3 pandas-3.0.6 patsy-1.0.3 pillow-12.3.0 pynndescent-0.6.0 pyparsing-3.3.2 python-dateutil-2.9.0.post0 pyyaml-6.0.3 requests-2.34.2 scanpy-1.11.5 scikit-learn-1.9.1 scikit-misc-0.5.2 scipy-1.18.1 seaborn-0.13.2 session-info2-0.4.2 setuptools-78.1.0 six-1.17.0 statsmodels-0.15.0 sympy-1.13.1 threadpoolctl-3.7.0 torch-2.5.1+cpu tqdm-4.70.1 typing-extensions-4.16.0 tzdata-2026.5 umap-learn-0.5.12 urllib3-2.8.0 wrapt-2.4.1 zarr-3.4.0
