Global seed set to 0
D:\chemobrain-contrastive-main\chemobrain-contrastive\.venv-mgvi\Lib\site-packages\pytorch_lightning\utilities\warnings.py:53: LightningDeprecationWarning: pytorch_lightning.utilities.warnings.rank_zero_deprecation has been deprecated in v1.6 and will be removed in v1.8. Use the equivalent function from the pytorch_lightning.utilities.rank_zero module instead.
  new_rank_zero_deprecation(
D:\chemobrain-contrastive-main\chemobrain-contrastive\.venv-mgvi\Lib\site-packages\pytorch_lightning\utilities\warnings.py:58: LightningDeprecationWarning: The `pytorch_lightning.loggers.base.rank_zero_experiment` is deprecated in v1.7 and will be removed in v1.9. Please use `pytorch_lightning.loggers.logger.rank_zero_experiment` instead.
  return new_rank_zero_deprecation(*args, **kwargs)
Global seed set to 0
INFO     multigroup_vi: The model has been initialized                         
GPU available: False, used: False
TPU available: False, using: 0 TPU cores
IPU available: False, using: 0 IPUs
HPU available: False, using: 0 HPUs
Traceback (most recent call last):
  File "D:\chemobrain-contrastive-main\chemobrain-contrastive\scripts\34_c4_multigroupvi.py", line 176, in <module>
    fit(a.seed)
  File "D:\chemobrain-contrastive-main\chemobrain-contrastive\scripts\34_c4_multigroupvi.py", line 108, in fit
    model.train(group_indices, use_gpu=False)
  File "D:\chemobrain-contrastive-main\chemobrain-contrastive\.venv-mgvi\Lib\site-packages\multigroup_vi\model\base\training_mixin.py", line 83, in train
    return runner()
           ^^^^^^^^
  File "D:\chemobrain-contrastive-main\chemobrain-contrastive\.venv-mgvi\Lib\site-packages\scvi\train\_trainrunner.py", line 82, in __call__
    self.trainer.fit(self.training_plan, self.data_splitter)
  File "D:\chemobrain-contrastive-main\chemobrain-contrastive\.venv-mgvi\Lib\site-packages\scvi\train\_trainer.py", line 188, in fit
    super().fit(*args, **kwargs)
  File "D:\chemobrain-contrastive-main\chemobrain-contrastive\.venv-mgvi\Lib\site-packages\pytorch_lightning\trainer\trainer.py", line 696, in fit
    self._call_and_handle_interrupt(
  File "D:\chemobrain-contrastive-main\chemobrain-contrastive\.venv-mgvi\Lib\site-packages\pytorch_lightning\trainer\trainer.py", line 650, in _call_and_handle_interrupt
    return trainer_fn(*args, **kwargs)
           ^^^^^^^^^^^^^^^^^^^^^^^^^^^
  File "D:\chemobrain-contrastive-main\chemobrain-contrastive\.venv-mgvi\Lib\site-packages\pytorch_lightning\trainer\trainer.py", line 735, in _fit_impl
    results = self._run(model, ckpt_path=self.ckpt_path)
              ^^^^^^^^^^^^^^^^^^^^^^^^^^^^^^^^^^^^^^^^^^
  File "D:\chemobrain-contrastive-main\chemobrain-contrastive\.venv-mgvi\Lib\site-packages\pytorch_lightning\trainer\trainer.py", line 1166, in _run
    results = self._run_stage()
              ^^^^^^^^^^^^^^^^^
  File "D:\chemobrain-contrastive-main\chemobrain-contrastive\.venv-mgvi\Lib\site-packages\pytorch_lightning\trainer\trainer.py", line 1252, in _run_stage
    return self._run_train()
           ^^^^^^^^^^^^^^^^^
  File "D:\chemobrain-contrastive-main\chemobrain-contrastive\.venv-mgvi\Lib\site-packages\pytorch_lightning\trainer\trainer.py", line 1283, in _run_train
    self.fit_loop.run()
  File "D:\chemobrain-contrastive-main\chemobrain-contrastive\.venv-mgvi\Lib\site-packages\pytorch_lightning\loops\loop.py", line 190, in run
    if self.skip:
       ^^^^^^^^^
  File "D:\chemobrain-contrastive-main\chemobrain-contrastive\.venv-mgvi\Lib\site-packages\pytorch_lightning\loops\fit_loop.py", line 194, in skip
    return self.done or self.trainer.limit_train_batches == 0
           ^^^^^^^^^
  File "D:\chemobrain-contrastive-main\chemobrain-contrastive\.venv-mgvi\Lib\site-packages\pytorch_lightning\loops\fit_loop.py", line 165, in done
    assert isinstance(self.max_epochs, int)
           ^^^^^^^^^^^^^^^^^^^^^^^^^^^^^^^^
AssertionError
