epoch	split	loss	recon	kl_bg	kl_sh	kl_dr	hsic_bg_sh	hsic_bg_dr	hsic_sh_dr
0	train	3042.6180	3032.0366	8.1312	1.3670	1.0063	0.0034	0.0033	0.0020
0	val	2833.0774
1	train	2726.9332	2716.8237	8.7417	0.8994	0.4218	0.0019	0.0022	0.0011
1	val	2601.9240
2	train	2510.0585	2499.6881	9.2484	0.6753	0.4136	0.0012	0.0016	0.0009
2	val	2397.2725
3	train	2315.5557	2304.8632	9.8431	0.3988	0.4229	0.0010	0.0014	0.0007
3	val	2213.1881
4	train	2139.7978	2129.0166	10.1977	0.2929	0.2664	0.0009	0.0012	0.0007
4	val	2044.5305
5	train	1977.0546	1966.0354	10.5742	0.2671	0.1553	0.0008	0.0011	0.0007
5	val	1889.0606
6	train	1827.6232	1816.2369	10.9069	0.3406	0.1169	0.0008	0.0010	0.0007
6	val	1744.0002
7	train	1691.0118	1679.4548	11.0856	0.3618	0.0884	0.0008	0.0010	0.0007
7	val	1614.7545
8	train	1567.0507	1555.2499	11.3848	0.3288	0.0661	0.0008	0.0010	0.0007
8	val	1494.5497
9	train	1451.2978	1439.2663	11.6410	0.3156	0.0540	0.0008	0.0010	0.0007
9	val	1381.9728
10	train	1342.9619	1330.6273	11.9451	0.3244	0.0445	0.0008	0.0009	0.0007
10	val	1277.8616
11	train	1244.2839	1231.7365	12.1379	0.3521	0.0370	0.0008	0.0009	0.0007
11	val	1182.9589
12	train	1153.6472	1140.8142	12.4170	0.3612	0.0345	0.0008	0.0009	0.0007
12	val	1095.8150
13	train	1070.4156	1057.3518	12.6495	0.3648	0.0293	0.0008	0.0009	0.0007
13	val	1016.0061
14	train	993.7239	980.4759	12.8107	0.3862	0.0313	0.0008	0.0009	0.0007
14	val	941.7986
15	train	925.0403	911.5625	13.0293	0.3971	0.0313	0.0008	0.0009	0.0007
15	val	876.3212
16	train	862.9001	849.2641	13.1771	0.4146	0.0245	0.0008	0.0009	0.0007
16	val	817.0430
17	train	806.0960	792.3242	13.3081	0.4207	0.0233	0.0008	0.0009	0.0007
17	val	762.5019
18	train	753.5706	739.6948	13.3859	0.4454	0.0247	0.0008	0.0009	0.0007
18	val	712.3745
19	train	706.1726	692.1523	13.5035	0.4715	0.0253	0.0008	0.0009	0.0007
19	val	666.6904
20	train	663.0031	648.8702	13.6100	0.4826	0.0204	0.0008	0.0009	0.0007
20	val	625.0684
21	train	623.9366	609.7484	13.6458	0.5028	0.0198	0.0008	0.0009	0.0007
21	val	588.9428
22	train	589.1013	574.7492	13.8107	0.5017	0.0200	0.0008	0.0009	0.0007
22	val	554.1400
23	train	556.3619	541.9671	13.8314	0.5186	0.0250	0.0008	0.0009	0.0007
23	val	523.4026
24	train	527.5041	512.9064	14.0295	0.5262	0.0223	0.0008	0.0009	0.0007
24	val	495.1681
25	train	501.0397	486.4708	13.9863	0.5366	0.0264	0.0008	0.0009	0.0007
25	val	470.2710
26	train	476.8112	462.2036	14.0226	0.5388	0.0266	0.0008	0.0009	0.0007
26	val	446.8628
27	train	454.6244	440.0198	14.0108	0.5476	0.0264	0.0008	0.0009	0.0007
27	val	427.3420
28	train	435.7229	420.8915	14.2296	0.5516	0.0305	0.0008	0.0009	0.0007
28	val	408.2785
29	train	417.3622	402.5674	14.1924	0.5520	0.0307	0.0008	0.0009	0.0007
29	val	390.8647
30	train	402.0502	387.2654	14.1789	0.5524	0.0340	0.0008	0.0008	0.0007
30	val	376.5864
31	train	387.7930	372.8390	14.3251	0.5696	0.0396	0.0008	0.0008	0.0007
31	val	363.7118
32	train	375.5409	360.6224	14.3016	0.5679	0.0294	0.0008	0.0008	0.0007
32	val	352.5274
33	train	364.7030	349.7755	14.3058	0.5707	0.0314	0.0008	0.0009	0.0007
33	val	343.4861
34	train	355.0259	340.0135	14.3875	0.5718	0.0335	0.0008	0.0008	0.0007
34	val	333.8347
35	train	346.9041	331.9055	14.3618	0.5818	0.0354	0.0008	0.0008	0.0007
35	val	326.7550
36	train	339.4871	324.4673	14.3906	0.5768	0.0327	0.0008	0.0009	0.0007
36	val	319.9852
37	train	332.4058	317.3210	14.4424	0.5878	0.0352	0.0008	0.0008	0.0007
37	val	314.9053
38	train	327.6705	312.5414	14.4811	0.5904	0.0380	0.0008	0.0008	0.0007
38	val	310.3319
39	train	322.0774	306.9398	14.4780	0.5946	0.0455	0.0008	0.0008	0.0007
39	val	305.3976
40	train	318.5632	303.3935	14.5136	0.5919	0.0447	0.0008	0.0008	0.0007
40	val	302.4866
41	train	314.8770	299.6574	14.5422	0.6037	0.0540	0.0008	0.0008	0.0007
41	val	299.7541
42	train	311.4130	296.1542	14.5857	0.6012	0.0523	0.0008	0.0008	0.0007
42	val	297.1124
43	train	308.8861	293.6542	14.5583	0.5991	0.0550	0.0008	0.0008	0.0007
43	val	294.5325
44	train	306.2011	290.9665	14.5653	0.6001	0.0498	0.0008	0.0008	0.0007
44	val	292.3129
45	train	304.0684	288.7955	14.5934	0.6097	0.0503	0.0008	0.0008	0.0007
45	val	291.4690
46	train	302.6784	287.4227	14.5672	0.6071	0.0621	0.0008	0.0008	0.0007
46	val	288.8596
47	train	301.6677	286.3517	14.6259	0.6166	0.0541	0.0008	0.0008	0.0007
47	val	289.6744
48	train	299.4725	284.1340	14.6459	0.6146	0.0585	0.0008	0.0008	0.0007
48	val	288.1097
49	train	298.8536	283.4641	14.6816	0.6250	0.0634	0.0008	0.0008	0.0007
49	val	287.1619
50	train	297.9068	282.5355	14.6754	0.6241	0.0523	0.0008	0.0008	0.0007
50	val	286.3999
51	train	296.5966	281.1817	14.6989	0.6430	0.0535	0.0008	0.0008	0.0007
51	val	285.7801
52	train	295.2213	279.8718	14.6465	0.6234	0.0601	0.0008	0.0008	0.0007
52	val	285.3674
53	train	295.2454	279.7879	14.7425	0.6356	0.0598	0.0008	0.0008	0.0007
53	val	283.9796
54	train	294.1369	278.7212	14.6967	0.6333	0.0660	0.0008	0.0009	0.0007
54	val	285.0769
55	train	293.3081	277.8629	14.7196	0.6498	0.0565	0.0008	0.0008	0.0007
55	val	283.3366
56	train	293.5830	278.1013	14.7728	0.6389	0.0503	0.0008	0.0009	0.0007
56	val	283.3376
57	train	292.6511	277.1576	14.7744	0.6457	0.0539	0.0008	0.0008	0.0007
57	val	282.9713
58	train	292.4433	276.9679	14.7603	0.6402	0.0554	0.0008	0.0008	0.0007
58	val	282.6204
59	train	291.2715	275.7999	14.7363	0.6503	0.0656	0.0008	0.0008	0.0007
59	val	282.6293
60	train	290.3138	274.7670	14.8248	0.6467	0.0558	0.0008	0.0008	0.0007
60	val	282.1673
61	train	289.9920	274.4737	14.7954	0.6485	0.0549	0.0008	0.0008	0.0007
61	val	281.8816
62	train	289.5796	274.0758	14.7679	0.6573	0.0590	0.0008	0.0008	0.0007
62	val	280.2815
63	train	288.8413	273.2945	14.8211	0.6460	0.0601	0.0008	0.0008	0.0007
63	val	280.1415
64	train	288.2295	272.6786	14.8101	0.6609	0.0603	0.0008	0.0008	0.0007
64	val	280.5355
65	train	289.0405	273.4851	14.8213	0.6478	0.0667	0.0008	0.0008	0.0007
65	val	280.1289
66	train	287.1428	271.5317	14.8742	0.6589	0.0584	0.0008	0.0008	0.0007
66	val	279.2150
67	train	287.0968	271.5375	14.8202	0.6563	0.0633	0.0008	0.0008	0.0007
67	val	279.8769
68	train	287.1124	271.5098	14.8635	0.6589	0.0608	0.0008	0.0008	0.0007
68	val	279.4960
69	train	286.4563	270.8026	14.9195	0.6643	0.0504	0.0008	0.0008	0.0007
69	val	279.1624
70	train	286.1203	270.5696	14.8038	0.6695	0.0578	0.0008	0.0008	0.0007
70	val	278.7070
71	train	285.3800	269.8144	14.8160	0.6690	0.0611	0.0008	0.0008	0.0007
71	val	278.6227
72	train	285.7088	270.1096	14.8560	0.6596	0.0639	0.0008	0.0008	0.0007
72	val	278.4120
73	train	285.1630	269.5328	14.8918	0.6672	0.0518	0.0008	0.0008	0.0007
73	val	278.7199
74	train	285.1507	269.4857	14.9130	0.6770	0.0557	0.0008	0.0008	0.0007
74	val	277.4783
75	train	284.6412	269.0367	14.8527	0.6844	0.0479	0.0008	0.0008	0.0007
75	val	278.1423
76	train	283.5502	267.8782	14.9298	0.6712	0.0515	0.0008	0.0008	0.0007
76	val	277.5755
77	train	283.0359	267.3525	14.9473	0.6730	0.0438	0.0008	0.0008	0.0007
77	val	277.0631
78	train	282.7539	267.0165	14.9844	0.6825	0.0510	0.0008	0.0008	0.0007
78	val	277.8625
79	train	282.2005	266.5521	14.8947	0.6883	0.0459	0.0008	0.0008	0.0007
79	val	276.6176
80	train	282.3724	266.7330	14.8858	0.6867	0.0472	0.0008	0.0008	0.0007
80	val	277.2994
81	train	282.9844	267.2989	14.9255	0.6924	0.0483	0.0008	0.0008	0.0007
81	val	277.2645
82	train	282.1937	266.5041	14.9254	0.6904	0.0543	0.0008	0.0008	0.0007
82	val	277.0546
83	train	282.7380	267.0157	14.9648	0.6861	0.0519	0.0008	0.0008	0.0007
83	val	276.4930
84	train	280.3513	264.6215	14.9609	0.6944	0.0550	0.0008	0.0008	0.0007
84	val	275.9420
85	train	282.1171	266.4201	14.9298	0.6934	0.0543	0.0008	0.0008	0.0007
85	val	275.9142
86	train	282.6310	266.8677	14.9737	0.7128	0.0574	0.0008	0.0008	0.0007
86	val	275.8187
87	train	280.1443	264.4321	14.9435	0.6949	0.0543	0.0008	0.0008	0.0007
87	val	275.5811
88	train	279.3719	263.6373	14.9639	0.6957	0.0556	0.0008	0.0008	0.0007
88	val	275.4598
89	train	280.6550	264.9167	14.9780	0.6937	0.0472	0.0008	0.0008	0.0007
89	val	273.7786
90	train	280.3370	264.6161	14.9493	0.6984	0.0537	0.0008	0.0008	0.0007
90	val	274.7584
91	train	278.4445	262.6478	15.0080	0.7133	0.0558	0.0008	0.0008	0.0007
91	val	274.6014
92	train	277.8463	262.1010	14.9791	0.6984	0.0485	0.0008	0.0008	0.0007
92	val	273.6882
93	train	277.9487	262.1927	14.9853	0.6917	0.0596	0.0008	0.0008	0.0007
93	val	274.2627
94	train	279.0307	263.2276	15.0362	0.6938	0.0536	0.0008	0.0008	0.0007
94	val	274.0558
95	train	278.1862	262.4263	14.9848	0.7026	0.0530	0.0008	0.0008	0.0007
95	val	274.8962
96	train	278.2717	262.4364	15.0479	0.7147	0.0533	0.0008	0.0008	0.0007
96	val	273.4851
97	train	277.5978	261.7929	15.0159	0.7164	0.0533	0.0008	0.0008	0.0007
97	val	273.5030
98	train	278.2314	262.4206	15.0299	0.7110	0.0505	0.0008	0.0008	0.0007
98	val	274.2031
99	train	277.3625	261.6120	14.9691	0.7095	0.0525	0.0008	0.0008	0.0007
99	val	272.8084
100	train	276.5946	260.7877	15.0271	0.7027	0.0576	0.0008	0.0008	0.0007
100	val	273.8197
101	train	276.1225	260.3313	15.0046	0.7085	0.0586	0.0008	0.0008	0.0007
101	val	273.3395
102	train	277.4065	261.5839	15.0300	0.7246	0.0487	0.0008	0.0008	0.0007
102	val	273.4249
103	train	275.2661	259.4142	15.0671	0.7119	0.0534	0.0008	0.0008	0.0007
103	val	272.5371
104	train	276.5087	260.6741	15.0451	0.7182	0.0518	0.0008	0.0008	0.0007
104	val	272.6691
105	train	277.4931	261.6615	15.0607	0.6978	0.0537	0.0008	0.0008	0.0007
105	val	272.4909
106	train	274.7976	258.9149	15.0925	0.7168	0.0538	0.0008	0.0008	0.0007
106	val	272.0279
107	train	275.8674	260.0236	15.0533	0.7145	0.0567	0.0008	0.0008	0.0007
107	val	271.4681
108	train	276.2217	260.3281	15.1020	0.7109	0.0613	0.0008	0.0008	0.0007
108	val	271.9658
109	train	275.8666	259.9039	15.1470	0.7328	0.0635	0.0008	0.0008	0.0007
109	val	271.2417
110	train	274.9160	259.0414	15.0733	0.7304	0.0515	0.0008	0.0008	0.0007
110	val	272.1745
111	train	274.2308	258.3599	15.0610	0.7395	0.0510	0.0008	0.0008	0.0007
111	val	271.8779
112	train	275.8742	260.0255	15.0482	0.7307	0.0505	0.0008	0.0008	0.0007
112	val	270.9629
113	train	275.4730	259.4813	15.1835	0.7322	0.0565	0.0008	0.0008	0.0007
113	val	271.7154
114	train	275.1506	259.2518	15.0850	0.7416	0.0528	0.0008	0.0008	0.0007
114	val	271.1749
115	train	274.3353	258.3709	15.1404	0.7525	0.0519	0.0008	0.0008	0.0007
115	val	271.8079
116	train	273.9040	257.9730	15.1012	0.7573	0.0531	0.0008	0.0008	0.0007
116	val	271.5272
117	train	273.4320	257.4916	15.1185	0.7398	0.0629	0.0008	0.0008	0.0007
117	val	270.4624
118	train	273.1632	257.2046	15.1292	0.7529	0.0571	0.0008	0.0008	0.0007
118	val	271.8826
119	train	273.2947	257.3889	15.0843	0.7428	0.0592	0.0008	0.0008	0.0007
119	val	271.2238
120	train	273.0684	257.1137	15.1311	0.7501	0.0540	0.0008	0.0008	0.0007
120	val	271.1847
121	train	273.2115	257.3252	15.0669	0.7435	0.0564	0.0008	0.0008	0.0007
121	val	270.2722
122	train	272.7425	256.7333	15.1936	0.7424	0.0537	0.0008	0.0008	0.0007
122	val	270.2826
123	train	273.5183	257.6146	15.0791	0.7482	0.0571	0.0008	0.0008	0.0007
123	val	270.7057
124	train	273.6470	257.6098	15.1981	0.7609	0.0587	0.0008	0.0008	0.0007
124	val	270.5266
125	train	272.1114	256.1086	15.1737	0.7514	0.0583	0.0008	0.0008	0.0007
125	val	270.3337
126	train	271.5132	255.6000	15.0827	0.7556	0.0556	0.0008	0.0008	0.0007
126	val	270.3399
127	train	271.7754	255.7993	15.1321	0.7717	0.0528	0.0008	0.0008	0.0007
127	val	270.4114
128	train	271.6216	255.6544	15.1447	0.7504	0.0527	0.0008	0.0008	0.0007
128	val	270.3588
129	train	272.0901	256.0680	15.1713	0.7800	0.0516	0.0008	0.0008	0.0007
129	val	270.5997
130	train	270.8596	254.8841	15.1358	0.7546	0.0656	0.0008	0.0008	0.0007
130	val	270.3903
131	train	271.7839	255.7890	15.1522	0.7677	0.0557	0.0008	0.0008	0.0007
131	val	270.7708
132	train	271.0590	255.0560	15.1730	0.7575	0.0532	0.0008	0.0008	0.0007
132	val	270.5203
133	train	271.2445	255.2094	15.1855	0.7819	0.0483	0.0008	0.0008	0.0007
133	val	270.2571
134	train	270.3503	254.3724	15.1294	0.7720	0.0572	0.0008	0.0008	0.0007
134	val	270.3506
135	train	270.2753	254.2568	15.1664	0.7736	0.0590	0.0008	0.0008	0.0007
135	val	269.1229
136	train	270.7151	254.6641	15.1951	0.7795	0.0571	0.0008	0.0008	0.0007
136	val	268.8332
137	train	270.0242	253.9978	15.1507	0.7969	0.0594	0.0008	0.0008	0.0007
137	val	269.9200
138	train	269.7825	253.7300	15.1900	0.7910	0.0521	0.0008	0.0008	0.0007
138	val	269.1266
139	train	270.4807	254.4575	15.1529	0.7915	0.0595	0.0008	0.0008	0.0007
139	val	269.2782
140	train	268.8872	252.8475	15.1837	0.7830	0.0537	0.0008	0.0008	0.0007
140	val	268.7340
141	train	269.7186	253.6302	15.2091	0.8013	0.0585	0.0008	0.0008	0.0007
141	val	269.3014
142	train	268.1992	252.1642	15.1572	0.7979	0.0606	0.0008	0.0008	0.0007
142	val	267.8463
143	train	268.4727	252.4381	15.1713	0.7832	0.0609	0.0008	0.0008	0.0007
143	val	269.2682
144	train	268.6065	252.5860	15.1471	0.7946	0.0594	0.0008	0.0008	0.0007
144	val	268.5578
145	train	267.2986	251.2774	15.1488	0.7905	0.0625	0.0008	0.0008	0.0007
145	val	268.5595
146	train	269.6118	253.5099	15.2304	0.7960	0.0562	0.0008	0.0008	0.0007
146	val	268.2394
147	train	267.1664	251.1409	15.1573	0.7901	0.0586	0.0008	0.0008	0.0007
147	val	267.6551
148	train	268.1702	252.1098	15.1811	0.8028	0.0571	0.0008	0.0008	0.0007
148	val	268.0480
149	train	268.7800	252.7211	15.1932	0.7901	0.0562	0.0008	0.0008	0.0007
149	val	268.0680
